Component: ARM Compiler 5.05 (build 41) Tool: armlink [4d0eb9]

==============================================================================

Section Cross References

    main.o(.text) refers to flef.o(x$fpl$fleqf) for __aeabi_cfcmple
    main.o(.text) refers to frlef.o(x$fpl$frleqf) for __aeabi_cfrcmple
    main.o(.text) refers to main.o(i._ZN4mbed10DigitalOut5writeEi) for mbed::DigitalOut::write(int)
    main.o(.text) refers to rt_memclr.o(.text) for __aeabi_memclr
    main.o(.text) refers to wait_api.o(i.wait_us) for wait_us
    main.o(.text) refers to Timer.o(i._ZN4mbed5Timer4stopEv) for mbed::Timer::stop()
    main.o(.text) refers to Timer.o(i._ZN4mbed5Timer4readEv) for mbed::Timer::read()
    main.o(.text) refers to Timer.o(i._ZN4mbed5Timer5resetEv) for mbed::Timer::reset()
    main.o(.text) refers to Timer.o(i._ZN4mbed5Timer5startEv) for mbed::Timer::start()
    main.o(.text) refers to feqf.o(x$fpl$feqf) for __aeabi_cfcmpeq
    main.o(.text) refers to pid.o(.text) for PID::setInterval(float)
    main.o(.text) refers to fflti.o(.text) for __aeabi_i2f
    main.o(.text) refers to floorf.o(i.floorf) for floorf
    main.o(.text) refers to ffixi.o(.text) for __aeabi_f2iz
    main.o(.text) refers to main.o(i._ZN4mbed6PwmOut13pulsewidth_usEi) for mbed::PwmOut::pulsewidth_us(int)
    main.o(.text) refers to fmul.o(x$fpl$fmul) for __aeabi_fmul
    main.o(.text) refers to faddsub.o(x$fpl$frsb) for __aeabi_frsub
    main.o(.text) refers to thread.o(.text) for rtos::Thread::wait(unsigned)
    main.o(.text) refers to analogin_api.o(i.analogin_read_u16) for analogin_read_u16
    main.o(.text) refers to main.o(i._ZN4mbed10DigitalOutaSEi) for mbed::DigitalOut::operator =(int)
    main.o(.text) refers to f2d.o(.text) for __aeabi_f2d
    main.o(.text) refers to drlef.o(x$fpl$drleqf) for __aeabi_cdrcmple
    main.o(.text) refers to dlef.o(x$fpl$dleqf) for __aeabi_cdcmple
    main.o(.text) refers to d2f.o(.text) for __aeabi_d2f
    main.o(.text) refers to daddsub.o(.text) for __aeabi_drsub
    main.o(.text) refers to pwmout_api.o(i.pwmout_write) for pwmout_write
    main.o(.text) refers to pwmout_api.o(i.pwmout_period_us) for pwmout_period_us
    main.o(.text) refers to InterruptIn.o(i._ZN4mbed11InterruptIn4fallEPFvvE) for mbed::InterruptIn::fall(void(*)())
    main.o(.text) refers to deqf.o(x$fpl$deqf) for __aeabi_cdcmpeq
    main.o(.text) refers to dflti.o(.text) for __aeabi_i2d
    main.o(.text) refers to dmul.o(.text) for __aeabi_dmul
    main.o(.text) refers to ddiv.o(.text) for __aeabi_ddiv
    main.o(.text) refers to faddsub.o(x$fpl$fadd) for __aeabi_fadd
    main.o(.text) refers to faddsub.o(x$fpl$fsub) for __aeabi_fsub
    main.o(.text) refers to main.o(.data) for clk_qt
    main.o(.text) refers to main.o(.bss) for cam_si
    main.o(.text) refers to main.o(t._ZN9telemetry7NumericIfEaSEf) for telemetry::Numeric<float>::operator =(float)
    main.o(.text) refers to pwmout_api.o(i.pwmout_period_ms) for pwmout_period_ms
    main.o(.text) refers to wait_api.o(i.wait) for wait
    main.o(.text) refers to SerialBase.o(i._ZN4mbed10SerialBase4baudEi) for mbed::SerialBase::baud(int)
    main.o(.text) refers to telemetry.o(.text) for telemetry::Telemetry::transmit_header()
    main.o(.text) refers to main.o(t._ZN9telemetry7NumericItEaSEt) for telemetry::Numeric<unsigned short>::operator =(unsigned short)
    main.o(.text) refers to Timer.o(i._ZN4mbed5Timer7read_msEv) for mbed::Timer::read_ms()
    main.o(.text) refers to main.o(i._ZN4mbed10DigitalOutC1E7PinName) for mbed::DigitalOut::DigitalOut(PinName)
    main.o(.text) refers to main.o(i._ZN4mbed6PwmOutC1E7PinName) for mbed::PwmOut::PwmOut(PinName)
    main.o(.text) refers to InterruptIn.o(i._ZN4mbed11InterruptInC1E7PinName) for mbed::InterruptIn::InterruptIn(PinName)
    main.o(.text) refers to aeabi_atexit.o(i.__aeabi_atexit) for __aeabi_atexit
    main.o(.text) refers to Timer.o(i._ZN4mbed5TimerC1Ev) for mbed::Timer::Timer()
    main.o(.text) refers to fdiv.o(.text) for __aeabi_fdiv
    main.o(.text) refers to analogin_api.o(i.analogin_init) for analogin_init
    main.o(.text) refers to modserial.o(.text) for AjK::MODSERIAL::MODSERIAL(PinName, PinName, const char*)
    main.o(.text) refers to main.o(i._ZN9telemetry9TelemetryC1ERNS_12HalInterfaceE) for telemetry::Telemetry::Telemetry(telemetry::HalInterface&)
    main.o(.text) refers to main.o(i._ZN9telemetry4DataC2EPKcS2_S2_) for telemetry::Data::Data__sub_object(const char*, const char*, const char*)
    main.o(.text) refers to InterruptIn.o(i._ZN4mbed11InterruptInD1Ev) for mbed::InterruptIn::~InterruptIn()
    main.o(.text) refers to main.o(.constdata__ZTVN9telemetry12HalInterfaceE) for vtable for telemetry::HalInterface
    main.o(.text) refers to telemetry-mbed-hal.o(.constdata__ZTVN9telemetry7MbedHalE) for vtable for telemetry::MbedHal
    main.o(.text) refers to main.o(i._ZN9telemetry7MbedHalD1Ev) for telemetry::MbedHal::~MbedHal()
[...]
    mbed::Serial::Serial(PinName, PinName, const char*) 0x00007c75   Thumb Code    28  Serial.o(i._ZN4mbed6SerialC1E7PinNameS1_PKc)
    mbed::Serial::Serial__sub_object(PinName, PinName, const char*) 0x00007c75   Thumb Code     0  Serial.o(i._ZN4mbed6SerialC1E7PinNameS1_PKc)
    mbed::Stream::flen()                     0x00007c95   Thumb Code     4  Stream.o(i._ZN4mbed6Stream4flenEv)
    mbed::Stream::putc(int)                  0x00007c99   Thumb Code    22  Stream.o(i._ZN4mbed6Stream4putcEi)
    mbed::Stream::puts(const char*)          0x00007caf   Thumb Code    22  Stream.o(i._ZN4mbed6Stream4putsEPKc)
    mbed::Stream::close()                    0x00007cc5   Thumb Code     4  Stream.o(i._ZN4mbed6Stream5closeEv)
    mbed::Stream::lseek(long, int)           0x00007cc9   Thumb Code     4  Stream.o(i._ZN4mbed6Stream5lseekEli)
    mbed::Stream::write(const void*, unsigned) 0x00007ccd   Thumb Code    36  Stream.o(i._ZN4mbed6Stream5writeEPKvj)
    mbed::Stream::isatty()                   0x00007cf1   Thumb Code     4  Stream.o(i._ZN4mbed6Stream6isattyEv)
    mbed::Stream::Stream__sub_object(const char*) 0x00007cf5   Thumb Code    46  Stream.o(i._ZN4mbed6StreamC2EPKc)
    mbed::Stream::~Stream()                  0x00007d31   Thumb Code     0  Stream.o(i._ZN4mbed6StreamD2Ev)
    mbed::Stream::~Stream__sub_object()      0x00007d31   Thumb Code    26  Stream.o(i._ZN4mbed6StreamD2Ev)
    mbed::FileBase::getPathType()            0x00007d51   Thumb Code     4  FileBase.o(i._ZN4mbed8FileBase11getPathTypeEv)
    mbed::FileBase::lookup(const char*, unsigned) 0x00007d55   Thumb Code    54  FileBase.o(i._ZN4mbed8FileBase6lookupEPKcj)
    mbed::FileBase::FileBase(const char*, mbed::PathType) 0x00007d91   Thumb Code    28  FileBase.o(i._ZN4mbed8FileBaseC1EPKcNS_8PathTypeE)
    mbed::FileBase::FileBase__sub_object(const char*, mbed::PathType) 0x00007d91   Thumb Code     0  FileBase.o(i._ZN4mbed8FileBaseC1EPKcNS_8PathTypeE)
    mbed::FileBase::~FileBase()              0x00007db5   Thumb Code    38  FileBase.o(i._ZN4mbed8FileBaseD1Ev)
    mbed::FileBase::~FileBase__sub_object()  0x00007db5   Thumb Code     0  FileBase.o(i._ZN4mbed8FileBaseD1Ev)
    mbed::FileLike::FileLike__sub_object(const char*) 0x00007de5   Thumb Code    24  FileLike.o(i._ZN4mbed8FileLikeC2EPKc)
    mbed::FileLike::~FileLike()              0x00007e05   Thumb Code     0  FileLike.o(i._ZN4mbed8FileLikeD2Ev)
    mbed::FileLike::~FileLike__sub_object()  0x00007e05   Thumb Code    16  FileLike.o(i._ZN4mbed8FileLikeD2Ev)
    mbed::FilePath::fileSystem()             0x00007e15   Thumb Code    16  FilePath.o(i._ZN4mbed8FilePath10fileSystemEv)
    mbed::FilePath::isFileSystem()           0x00007e25   Thumb Code    20  FilePath.o(i._ZN4mbed8FilePath12isFileSystemEv)
    mbed::FilePath::file()                   0x00007e39   Thumb Code    22  FilePath.o(i._ZN4mbed8FilePath4fileEv)
    mbed::FilePath::exists()                 0x00007e4f   Thumb Code    10  FilePath.o(i._ZN4mbed8FilePath6existsEv)
    mbed::FilePath::isFile()                 0x00007e59   Thumb Code    24  FilePath.o(i._ZN4mbed8FilePath6isFileEv)
    mbed::FilePath::fileName()               0x00007e71   Thumb Code     4  FilePath.o(i._ZN4mbed8FilePath8fileNameEv)
    mbed::FilePath::FilePath(const char*)    0x00007e75   Thumb Code    66  FilePath.o(i._ZN4mbed8FilePathC1EPKc)
    mbed::FilePath::FilePath__sub_object(const char*) 0x00007e75   Thumb Code     0  FilePath.o(i._ZN4mbed8FilePathC1EPKc)
    telemetry::NumericArray<unsigned short, (unsigned)128>::~NumericArray() 0x00007eb7   Thumb Code     4  main.o(i._ZN9telemetry12NumericArrayItLj128EED1Ev)
    telemetry::NumericArray<unsigned short, (unsigned)128>::~NumericArray__sub_object() 0x00007eb7   Thumb Code     0  main.o(i._ZN9telemetry12NumericArrayItLj128EED1Ev)
    telemetry::FixedLengthTransmitPacket::~FixedLengthTransmitPacket() 0x00007ebb   Thumb Code     4  packet.o(i._ZN9telemetry25FixedLengthTransmitPacketD1Ev)
    telemetry::FixedLengthTransmitPacket::~FixedLengthTransmitPacket__sub_object() 0x00007ebb   Thumb Code     0  packet.o(i._ZN9telemetry25FixedLengthTransmitPacketD1Ev)
    telemetry::Data::Data__sub_object(const char*, const char*, const char*) 0x00007ec1   Thumb Code    14  main.o(i._ZN9telemetry4DataC2EPKcS2_S2_)
    telemetry::MbedHal::~MbedHal()           0x00007ed5   Thumb Code     4  main.o(i._ZN9telemetry7MbedHalD1Ev)
    telemetry::MbedHal::~MbedHal__sub_object() 0x00007ed5   Thumb Code     0  main.o(i._ZN9telemetry7MbedHalD1Ev)
    telemetry::Numeric<float>::~Numeric()    0x00007ed9   Thumb Code     4  main.o(i._ZN9telemetry7NumericIfED1Ev)
    telemetry::Numeric<float>::~Numeric__sub_object() 0x00007ed9   Thumb Code     0  main.o(i._ZN9telemetry7NumericIfED1Ev)
    telemetry::Numeric<unsigned>::~Numeric() 0x00007edd   Thumb Code     4  main.o(i._ZN9telemetry7NumericIjED1Ev)
    telemetry::Numeric<unsigned>::~Numeric__sub_object() 0x00007edd   Thumb Code     0  main.o(i._ZN9telemetry7NumericIjED1Ev)
    telemetry::Numeric<unsigned short>::~Numeric() 0x00007ee1   Thumb Code     4  main.o(i._ZN9telemetry7NumericItED1Ev)
    telemetry::Numeric<unsigned short>::~Numeric__sub_object() 0x00007ee1   Thumb Code     0  main.o(i._ZN9telemetry7NumericItED1Ev)
    telemetry::Telemetry::do_error(const char*) 0x00007ee5   Thumb Code    18  telemetry.o(i._ZN9telemetry9Telemetry8do_errorEPKc)
    telemetry::Telemetry::Telemetry(telemetry::HalInterface&) 0x00007ef7   Thumb Code   118  main.o(i._ZN9telemetry9TelemetryC1ERNS_12HalInterfaceE)
    telemetry::Telemetry::Telemetry__sub_object(telemetry::HalInterface&) 0x00007ef7   Thumb Code     0  main.o(i._ZN9telemetry9TelemetryC1ERNS_12HalInterfaceE)
    operator delete[] (void*)                0x00007f6d   Thumb Code     8  array_del.o(i._ZdaPv)
    operator delete (void*)                  0x00007f75   Thumb Code     8  delete.o(i._ZdlPv)
    operator new[] (unsigned)                0x00007f7d   Thumb Code     8  array_new.o(i._Znaj)
    operator new(unsigned)                   0x00007f85   Thumb Code    36  new.o(i._Znwj)
    __ARM_common_switch8                     0x00007fad   Thumb Code    26  system_MKL25Z4.o(i.__ARM_common_switch8)
    __aeabi_atexit                           0x00007fc7   Thumb Code    44  aeabi_atexit.o(i.__aeabi_atexit)
    __aeabi_vec_ctor_nocookie_nodtor         0x00007ff3   Thumb Code    34  aeabi_vec_ctor_nocookie_nodtor.o(i.__aeabi_vec_ctor_nocookie_nodtor)
    __cxa_finalize                           0x00008015   Thumb Code    66  cxa_finalize.o(i.__cxa_finalize)
    __cxa_pure_virtual                       0x00008057   Thumb Code    10  pure_virt.o(i.__cxa_pure_virtual)
    __user_setup_stackheap                   0x00008061   Thumb Code    10  sys.o(i.__user_setup_stackheap)
    _is_digit                                0x00008071   Thumb Code    14  __printf_wp.o(i._is_digit)
    _sys_close                               0x00008081   Thumb Code    38  retarget.o(i._sys_close)
    _sys_flen                                0x000080ad   Thumb Code    34  retarget.o(i._sys_flen)
    _sys_istty                               0x000080d5   Thumb Code    34  retarget.o(i._sys_istty)
    _sys_open                                0x000080fd   Thumb Code   244  retarget.o(i._sys_open)
    _sys_seek                                0x000081fd   Thumb Code    36  retarget.o(i._sys_seek)
    _sys_write                               0x00008225   Thumb Code    76  retarget.o(i._sys_write)
    analogin_init                            0x0000827d   Thumb Code   166  analogin_api.o(i.analogin_init)
    analogin_read_u16                        0x00008355   Thumb Code    22  analogin_api.o(i.analogin_read_u16)
    exit                                     0x00008371   Thumb Code    24  exit.o(i.exit)
    floorf                                   0x00008445   Thumb Code    98  floorf.o(i.floorf)
    _fputc$unlocked                          0x000084b5   Thumb Code    30  fputc.o(i.fputc)
    gpio_dir                                 0x000084d3   Thumb Code    30  gpio_api.o(i.gpio_dir)
    gpio_init                                0x000084f1   Thumb Code    76  gpio_api.o(i.gpio_init)
    gpio_irqA                                0x00008541   Thumb Code    12  gpio_irq_api.o(i.gpio_irqA)
    gpio_irqD                                0x00008551   Thumb Code    12  gpio_irq_api.o(i.gpio_irqD)
    gpio_irq_free                            0x00008561   Thumb Code    12  gpio_irq_api.o(i.gpio_irq_free)
    gpio_irq_init                            0x00008571   Thumb Code    96  gpio_irq_api.o(i.gpio_irq_init)
    gpio_irq_set                             0x00008615   Thumb Code   128  gpio_irq_api.o(i.gpio_irq_set)
    gpio_set                                 0x0000869d   Thumb Code    20  gpio_api.o(i.gpio_set)
    mbed_die                                 0x00008835   Thumb Code    42  board.o(i.mbed_die)
    mbed_interface_connected                 0x00008865   Thumb Code     8  mbed_interface.o(i.mbed_interface_connected)
    mbed_main                                0x0000886d   Thumb Code     2  retarget.o(i.mbed_main)
    pin_function                             0x00008871   Thumb Code    54  pinmap.o(i.pin_function)
    pin_mode                                 0x000088b1   Thumb Code    20  pinmap.o(i.pin_mode)
    pinmap_find_peripheral                   0x000088c9   Thumb Code    24  pinmap_common.o(i.pinmap_find_peripheral)
    pinmap_merge                             0x000088e1   Thumb Code    32  pinmap_common.o(i.pinmap_merge)
    pinmap_peripheral                        0x00008919   Thumb Code    36  pinmap_common.o(i.pinmap_peripheral)
    pinmap_pinout                            0x00008961   Thumb Code    56  pinmap_common.o(i.pinmap_pinout)
    pwmout_init                              0x000089b1   Thumb Code   188  pwmout_api.o(i.pwmout_init)
    pwmout_period_ms                         0x00008aa9   Thumb Code    14  pwmout_api.o(i.pwmout_period_ms)
    pwmout_period_us                         0x00008ab9   Thumb Code    44  pwmout_api.o(i.pwmout_period_us)
    pwmout_pulsewidth_us                     0x00008ae9   Thumb Code    28  pwmout_api.o(i.pwmout_pulsewidth_us)
    pwmout_read                              0x00008b09   Thumb Code    52  pwmout_api.o(i.pwmout_read)
    pwmout_write                             0x00008b41   Thumb Code    56  pwmout_api.o(i.pwmout_write)
    semihost_connected                       0x00008b7d   Thumb Code     6  semihost_api.o(i.semihost_connected)
    semihost_exit                            0x00008b89   Thumb Code    12  semihost_api.o(i.semihost_exit)
    serial_baud                              0x00008b95   Thumb Code    88  serial_api.o(i.serial_baud)
    serial_format                            0x00008bf9   Thumb Code   186  serial_api.o(i.serial_format)
    serial_init                              0x00008d6d   Thumb Code   266  serial_api.o(i.serial_init)
    serial_irq_handler                       0x00008eb9   Thumb Code    14  serial_api.o(i.serial_irq_handler)
    serial_irq_set                           0x00008ed1   Thumb Code   162  serial_api.o(i.serial_irq_set)
    serial_putc                              0x00008f89   Thumb Code    22  serial_api.o(i.serial_putc)
    serial_writable                          0x00008f9f   Thumb Code    26  serial_api.o(i.serial_writable)
    uart0_irq                                0x00008fb9   Thumb Code    28  serial_api.o(i.uart0_irq)
    uart1_irq                                0x00008fd9   Thumb Code    14  serial_api.o(i.uart1_irq)
    uart2_irq                                0x00008fed   Thumb Code    14  serial_api.o(i.uart2_irq)
    us_ticker_clear_interrupt                0x00009031   Thumb Code     2  us_ticker.o(i.us_ticker_clear_interrupt)
    us_ticker_disable_interrupt              0x00009035   Thumb Code    12  us_ticker.o(i.us_ticker_disable_interrupt)
    us_ticker_init                           0x00009045   Thumb Code    84  us_ticker.o(i.us_ticker_init)
    us_ticker_irq_handler                    0x000090b1   Thumb Code    58  us_ticker_api.o(i.us_ticker_irq_handler)
    us_ticker_read                           0x000090f1   Thumb Code    22  us_ticker.o(i.us_ticker_read)
    us_ticker_set_interrupt                  0x00009111   Thumb Code    58  us_ticker.o(i.us_ticker_set_interrupt)
    wait                                     0x00009155   Thumb Code    18  wait_api.o(i.wait)
    wait_ms                                  0x0000916d   Thumb Code    14  wait_api.o(i.wait_ms)
    wait_us                                  0x0000917b   Thumb Code    22  wait_api.o(i.wait_us)
    _get_lc_ctype                            0x00009191   Thumb Code    44  lc_ctype_c.o(locale$$code)
    void mbed::SerialBase::attach<AjK::MODSERIAL>(T1*, void(T1::*)(), mbed::SerialBase::IrqType) 0x000091bd   Thumb Code   110  init.o(t._ZN4mbed10SerialBase6attachIN3AjK9MODSERIALEEEvPT_MS4_FvvENS0_7IrqTypeE)
    void mbed::FunctionPointer::membercaller<AjK::MODSERIAL>(void*, char*) 0x00009231   Thumb Code    80  init.o(t._ZN4mbed15FunctionPointer12membercallerIN3AjK9MODSERIALEEEvPvPc)
    telemetry::NumericArray<unsigned short, (unsigned)128>::get_data_type() 0x00009281   Thumb Code     6  main.o(t._ZN9telemetry12NumericArrayItLj128EE13get_data_typeEv)
    telemetry::NumericArray<unsigned short, (unsigned)128>::write_payload(telemetry::TransmitPacket&) 0x00009287   Thumb Code    34  main.o(t._ZN9telemetry12NumericArrayItLj128EE13write_payloadERNS_14TransmitPacketE)
    telemetry::NumericArray<unsigned short, (unsigned)128>::serialize_data(unsigned short, telemetry::TransmitPacket&) 0x000092a9   Thumb Code    18  main.o(t._ZN9telemetry12NumericArrayItLj128EE14serialize_dataEtRNS_14TransmitPacketE)
    telemetry::NumericArray<unsigned short, (unsigned)128>::set_from_packet(telemetry::ReceivePacketBuffer&) 0x000092bb   Thumb Code    42  main.o(t._ZN9telemetry12NumericArrayItLj128EE15set_from_packetERNS_19ReceivePacketBufferE)
    telemetry::NumericArray<unsigned short, (unsigned)128>::write_header_kvrs(telemetry::TransmitPacket&) 0x000092e5   Thumb Code   122  main.o(t._ZN9telemetry12NumericArrayItLj128EE17write_header_kvrsERNS_14TransmitPacketE)
    telemetry::NumericArray<unsigned short, (unsigned)128>::get_payload_length() 0x0000935f   Thumb Code     8  main.o(t._ZN9telemetry12NumericArrayItLj128EE18get_payload_lengthEv)
    telemetry::NumericArray<unsigned short, (unsigned)128>::get_header_kvrs_length() 0x00009367   Thumb Code    14  main.o(t._ZN9telemetry12NumericArrayItLj128EE22get_header_kvrs_lengthEv)
    telemetry::NumericArray<unsigned short, (unsigned)128>::NumericArray(telemetry::Telemetry&, const char*, const char*, const char*, unsigned short) 0x00009375   Thumb Code    76  main.o(t._ZN9telemetry12NumericArrayItLj128EEC1ERNS_9TelemetryEPKcS5_S5_t)
    telemetry::NumericArray<unsigned short, (unsigned)128>::NumericArray__sub_object(telemetry::Telemetry&, const char*, const char*, const char*, unsigned short) 0x00009375   Thumb Code     0  main.o(t._ZN9telemetry12NumericArrayItLj128EEC1ERNS_9TelemetryEPKcS5_S5_t)
    void telemetry::TransmitPacket::write<unsigned short>(T1) 0x000093c5   Thumb Code    16  main.o(t._ZN9telemetry14TransmitPacket5writeItEEvT_)
    T1 telemetry::ReceivePacketBuffer::read<unsigned short>() 0x000093d5   Thumb Code    12  main.o(t._ZN9telemetry19ReceivePacketBuffer4readItEET_v)
    telemetry::Queue<unsigned char, (unsigned)256>::enqueue(const unsigned char&) 0x000093e1   Thumb Code   130  telemetry.o(t._ZN9telemetry5QueueIhLj256EE7enqueueERKh)
    telemetry::Numeric<float>::get_data_type() 0x00009463   Thumb Code     6  main.o(t._ZN9telemetry7NumericIfE13get_data_typeEv)
    telemetry::Numeric<float>::write_payload(telemetry::TransmitPacket&) 0x00009469   Thumb Code    18  main.o(t._ZN9telemetry7NumericIfE13write_payloadERNS_14TransmitPacketE)
    telemetry::Numeric<float>::serialize_data(float, telemetry::TransmitPacket&) 0x0000947b   Thumb Code    22  main.o(t._ZN9telemetry7NumericIfE14serialize_dataEfRNS_14TransmitPacketE)
    telemetry::Numeric<float>::set_from_packet(telemetry::ReceivePacketBuffer&) 0x00009491   Thumb Code    30  main.o(t._ZN9telemetry7NumericIfE15set_from_packetERNS_19ReceivePacketBufferE)
    telemetry::Numeric<float>::write_header_kvrs(telemetry::TransmitPacket&) 0x000094af   Thumb Code    94  main.o(t._ZN9telemetry7NumericIfE17write_header_kvrsERNS_14TransmitPacketE)
    telemetry::Numeric<float>::get_payload_length() 0x0000950d   Thumb Code     6  main.o(t._ZN9telemetry7NumericIfE18get_payload_lengthEv)
    telemetry::Numeric<float>::get_header_kvrs_length() 0x00009513   Thumb Code    14  main.o(t._ZN9telemetry7NumericIfE22get_header_kvrs_lengthEv)
    telemetry::Numeric<float>::Numeric(telemetry::Telemetry&, const char*, const char*, const char*, float) 0x00009521   Thumb Code    54  main.o(t._ZN9telemetry7NumericIfEC1ERNS_9TelemetryEPKcS5_S5_f)
    telemetry::Numeric<float>::Numeric__sub_object(telemetry::Telemetry&, const char*, const char*, const char*, float) 0x00009521   Thumb Code     0  main.o(t._ZN9telemetry7NumericIfEC1ERNS_9TelemetryEPKcS5_S5_f)
    telemetry::Numeric<float>::operator =(float) 0x0000955d   Thumb Code    20  main.o(t._ZN9telemetry7NumericIfEaSEf)
    telemetry::Numeric<unsigned>::get_data_type() 0x00009571   Thumb Code     6  main.o(t._ZN9telemetry7NumericIjE13get_data_typeEv)
    telemetry::Numeric<unsigned>::write_payload(telemetry::TransmitPacket&) 0x00009577   Thumb Code    18  main.o(t._ZN9telemetry7NumericIjE13write_payloadERNS_14TransmitPacketE)
    telemetry::Numeric<unsigned>::serialize_data(unsigned, telemetry::TransmitPacket&) 0x00009589   Thumb Code    22  main.o(t._ZN9telemetry7NumericIjE14serialize_dataEjRNS_14TransmitPacketE)
    telemetry::Numeric<unsigned>::set_from_packet(telemetry::ReceivePacketBuffer&) 0x0000959f   Thumb Code    30  main.o(t._ZN9telemetry7NumericIjE15set_from_packetERNS_19ReceivePacketBufferE)
    telemetry::Numeric<unsigned>::write_header_kvrs(telemetry::TransmitPacket&) 0x000095bd   Thumb Code    94  main.o(t._ZN9telemetry7NumericIjE17write_header_kvrsERNS_14TransmitPacketE)
    telemetry::Numeric<unsigned>::get_payload_length() 0x0000961b   Thumb Code     6  main.o(t._ZN9telemetry7NumericIjE18get_payload_lengthEv)
    telemetry::Numeric<unsigned>::get_header_kvrs_length() 0x00009621   Thumb Code    14  main.o(t._ZN9telemetry7NumericIjE22get_header_kvrs_lengthEv)
    telemetry::Numeric<unsigned short>::get_data_type() 0x0000962f   Thumb Code     6  main.o(t._ZN9telemetry7NumericItE13get_data_typeEv)
    telemetry::Numeric<unsigned short>::write_payload(telemetry::TransmitPacket&) 0x00009635   Thumb Code    18  main.o(t._ZN9telemetry7NumericItE13write_payloadERNS_14TransmitPacketE)
    telemetry::Numeric<unsigned short>::serialize_data(unsigned short, telemetry::TransmitPacket&) 0x00009647   Thumb Code    18  main.o(t._ZN9telemetry7NumericItE14serialize_dataEtRNS_14TransmitPacketE)
    telemetry::Numeric<unsigned short>::set_from_packet(telemetry::ReceivePacketBuffer&) 0x00009659   Thumb Code    26  main.o(t._ZN9telemetry7NumericItE15set_from_packetERNS_19ReceivePacketBufferE)
    telemetry::Numeric<unsigned short>::write_header_kvrs(telemetry::TransmitPacket&) 0x00009673   Thumb Code    94  main.o(t._ZN9telemetry7NumericItE17write_header_kvrsERNS_14TransmitPacketE)
    telemetry::Numeric<unsigned short>::get_payload_length() 0x000096d1   Thumb Code     6  main.o(t._ZN9telemetry7NumericItE18get_payload_lengthEv)
    telemetry::Numeric<unsigned short>::get_header_kvrs_length() 0x000096d7   Thumb Code    14  main.o(t._ZN9telemetry7NumericItE22get_header_kvrs_lengthEv)
    telemetry::Numeric<unsigned short>::Numeric(telemetry::Telemetry&, const char*, const char*, const char*, unsigned short) 0x000096e5   Thumb Code    54  main.o(t._ZN9telemetry7NumericItEC1ERNS_9TelemetryEPKcS5_S5_t)
    telemetry::Numeric<unsigned short>::Numeric__sub_object(telemetry::Telemetry&, const char*, const char*, const char*, unsigned short) 0x000096e5   Thumb Code     0  main.o(t._ZN9telemetry7NumericItEC1ERNS_9TelemetryEPKcS5_S5_t)
    telemetry::Numeric<unsigned short>::operator =(unsigned short) 0x00009721   Thumb Code    20  main.o(t._ZN9telemetry7NumericItEaSEt)
    telemetry::Queue<unsigned char, (unsigned)256>::empty() const 0x00009735   Thumb Code    24  telemetry.o(t._ZNK9telemetry5QueueIhLj256EE5emptyEv)
    __aeabi_cdcmpeq                          0x0000974d   Thumb Code     0  deqf.o(x$fpl$deqf)
    _dcmpeq                                  0x0000974d   Thumb Code    94  deqf.o(x$fpl$deqf)
    __aeabi_cdcmple                          0x000097b1   Thumb Code     0  dlef.o(x$fpl$dleqf)
    _dcmple                                  0x000097b1   Thumb Code    94  dlef.o(x$fpl$dleqf)
    __aeabi_cdrcmple                         0x00009815   Thumb Code     0  drlef.o(x$fpl$drleqf)
    _drcmple                                 0x00009815   Thumb Code   100  drlef.o(x$fpl$drleqf)
    __aeabi_fadd                             0x0000987d   Thumb Code     0  faddsub.o(x$fpl$fadd)
    _fadd                                    0x0000987d   Thumb Code   134  faddsub.o(x$fpl$fadd)
    __aeabi_cfcmpeq                          0x00009909   Thumb Code     0  feqf.o(x$fpl$feqf)
    _fcmpeq                                  0x00009909   Thumb Code    78  feqf.o(x$fpl$feqf)
    __aeabi_cfcmple                          0x0000995d   Thumb Code     0  flef.o(x$fpl$fleqf)
    _fcmple                                  0x0000995d   Thumb Code    78  flef.o(x$fpl$fleqf)
    __aeabi_fmul                             0x000099b1   Thumb Code     0  fmul.o(x$fpl$fmul)
    _fmul                                    0x000099b1   Thumb Code   172  fmul.o(x$fpl$fmul)
    __aeabi_cfrcmple                         0x00009a61   Thumb Code     0  frlef.o(x$fpl$frleqf)
    _frcmple                                 0x00009a61   Thumb Code    84  frlef.o(x$fpl$frleqf)
    __aeabi_frsub                            0x00009ab9   Thumb Code     0  faddsub.o(x$fpl$frsb)
    _frsb                                    0x00009ab9   Thumb Code    24  faddsub.o(x$fpl$frsb)
    __aeabi_fsub                             0x00009ad1   Thumb Code     0  faddsub.o(x$fpl$fsub)
    _fsub                                    0x00009ad1   Thumb Code   204  faddsub.o(x$fpl$fsub)
    __I$use$fp                               0x00009ba0   Number         0  usenofp.o(x$fpl$usenofp)
    os_maxtaskrun                            0x00009ba4   Data           2  rtx_conf_cm.o(.constdata)
    os_rrobin                                0x00009ba8   Data           4  rtx_conf_cm.o(.constdata)
    os_trv                                   0x00009bac   Data           4  rtx_conf_cm.o(.constdata)
    os_flags                                 0x00009bb0   Data           1  rtx_conf_cm.o(.constdata)
    os_clockrate                             0x00009bb4   Data           4  rtx_conf_cm.o(.constdata)
    os_timernum                              0x00009bb8   Data           4  rtx_conf_cm.o(.constdata)
    idle_task_stack_size                     0x00009bbc   Data           2  rtx_conf_cm.o(.constdata)
    os_fifo_size                             0x00009bbe   Data           1  rtx_conf_cm.o(.constdata)
    __stdin_name                             0x00009bbf   Data           7  retarget.o(.constdata)
    __stdout_name                            0x00009bc6   Data           8  retarget.o(.constdata)
    __stderr_name                            0x00009bce   Data           8  retarget.o(.constdata)
    vtable for AjK::MODSERIAL                0x0000a034   Data          68  modserial.o(.constdata__ZTVN3AjK9MODSERIALE)
    vtable for mbed::FileHandle              0x0000a078   Data          44  retarget.o(.constdata__ZTVN4mbed10FileHandleE)
    vtable for mbed::InterruptIn             0x0000a0a4   Data          16  InterruptIn.o(.constdata__ZTVN4mbed11InterruptInE)
    vtable for mbed::Serial                  0x0000a0b4   Data          68  Serial.o(.constdata__ZTVN4mbed6SerialE)
    vtable for mbed::Stream                  0x0000a0f8   Data          68  Stream.o(.constdata__ZTVN4mbed6StreamE)
    vtable for mbed::FileBase                0x0000a13c   Data          16  FileBase.o(.constdata__ZTVN4mbed8FileBaseE)
    vtable for mbed::FileLike                0x0000a14c   Data          60  FileLike.o(.constdata__ZTVN4mbed8FileLikeE)
    vtable for rtos::Thread                  0x0000a188   Data          16  thread.o(.constdata__ZTVN4rtos6ThreadE)
    vtable for telemetry::HalInterface       0x0000a198   Data          36  main.o(.constdata__ZTVN9telemetry12HalInterfaceE)
    vtable for telemetry::NumericArray<unsigned short, (unsigned)128> 0x0000a1bc   Data          40  main.o(.constdata__ZTVN9telemetry12NumericArrayItLj128EEE)
    vtable for telemetry::TransmitPacket     0x0000a1e4   Data          36  packet.o(.constdata__ZTVN9telemetry14TransmitPacketE)
    vtable for telemetry::FixedLengthTransmitPacket 0x0000a208   Data          36  packet.o(.constdata__ZTVN9telemetry25FixedLengthTransmitPacketE)
    vtable for telemetry::Data               0x0000a22c   Data          40  telemetry-data.o(.constdata__ZTVN9telemetry4DataE)
    vtable for telemetry::MbedHal            0x0000a254   Data          36  telemetry-mbed-hal.o(.constdata__ZTVN9telemetry7MbedHalE)
    vtable for telemetry::Numeric<float>     0x0000a278   Data          40  main.o(.constdata__ZTVN9telemetry7NumericIfEE)
    vtable for telemetry::Numeric<unsigned>  0x0000a2a0   Data          40  main.o(.constdata__ZTVN9telemetry7NumericIjEE)
    vtable for telemetry::Numeric<unsigned short> 0x0000a2c8   Data          40  main.o(.constdata__ZTVN9telemetry7NumericItEE)
    Region$$Table$$Base                      0x0000a344   Number         0  anon$$obj.o(Region$$Table)
    Region$$Table$$Limit                     0x0000a364   Number         0  anon$$obj.o(Region$$Table)
    __ctype                                  0x0000a371   Data           0  lc_ctype_c.o(locale$$data)
    SHT$$INIT_ARRAY$$Base                    0x0000a474   Number         0  main.o(.init_array)
    SHT$$INIT_ARRAY$$Limit                   0x0000a478   Number         0  init_aeabi.o(.init_array)
    max_speed                                0x1ffff0c8   Data           4  main.o(.data)
    min_speed                                0x1ffff0cc   Data           4  main.o(.data)
    des_speed                                0x1ffff0d0   Data           4  main.o(.data)
    numC                                     0x1ffff0d4   Data           4  main.o(.data)
    tot_err                                  0x1ffff0d8   Data           8  main.o(.data)
    slow_const                               0x1ffff0e0   Data           4  main.o(.data)
    prev_center                              0x1ffff0e4   Data           2  main.o(.data)
    s_Kp                                     0x1ffff0e8   Data           4  main.o(.data)
    s_Ki                                     0x1ffff0ec   Data           4  main.o(.data)
    s_Kd                                     0x1ffff0f0   Data           4  main.o(.data)
    cam                                      0x1ffff0f4   Data           1  main.o(.data)
    clk_qt                                   0x1ffff0f8   Data           4  main.o(.data)
    center                                   0x1ffff0fc   Data           2  main.o(.data)
    line                                     0x1ffff0fe   Data           2  main.o(.data)
    cam_clk_half_period                      0x1ffff100   Data           4  main.o(.data)
    tot_bright                               0x1ffff104   Data           2  main.o(.data)
    os_initialized                           0x1ffff108   Data           1  rt_cmsis.o(.data)
    os_running                               0x1ffff109   Data           1  rt_cmsis.o(.data)
    os_timer_head                            0x1ffff10c   Data           4  rt_cmsis.o(.data)
    os_robin                                 0x1ffff110   Data           8  rt_robin.o(.data)
    os_tick_irqn                             0x1ffff118   Data           4  rt_system.o(.data)
    os_tsk                                   0x1ffff120   Data           8  rt_task.o(.data)
    os_thread_def_osTimerThread              0x1ffff128   Data         160  rtx_conf_cm.o(.data)
    osThreadId_osTimerThread                 0x1ffff1c8   Data           4  rtx_conf_cm.o(.data)
    os_messageQ_def_osTimerMessageQ          0x1ffff1cc   Data           8  rtx_conf_cm.o(.data)
    osMessageQId_osTimerMessageQ             0x1ffff1d4   Data           4  rtx_conf_cm.o(.data)
    os_thread_def_main                       0x1ffff1dc   Data         160  rtx_conf_cm.o(.data)
    os_time                                  0x1ffff27c   Data           4  rt_time.o(.data)
    SystemCoreClock                          0x1ffff2a0   Data           4  system_MKL25Z4.o(.data)
    stdio_uart_inited                        0x1ffff2a8   Data           4  serial_api.o(.data)
    stdio_uart                               0x1ffff2b0   Data           8  serial_api.o(.data)
    mbed::FileBase::_head                    0x1ffff2cc   Data           4  FileBase.o(.data)
    __aeabi_stdin                            0x1ffff2d8   Data           4  stdio_streams.o(.data)
    __aeabi_stdout                           0x1ffff2dc   Data           4  stdio_streams.o(.data)
    __aeabi_stderr                           0x1ffff2e0   Data           4  stdio_streams.o(.data)
    _stream_list_lock                        0x1ffff2e4   Data           4  streamlock.o(.data)
    led_green                                0x1ffff2e8   Data          24  main.o(.bss)
    led_red                                  0x1ffff300   Data          24  main.o(.bss)
    led_blue                                 0x1ffff318   Data          24  main.o(.bss)
    motor_en                                 0x1ffff330   Data          12  main.o(.bss)
    motor_dir                                0x1ffff33c   Data          24  main.o(.bss)
    motor_br                                 0x1ffff354   Data          24  main.o(.bss)
    motor_speed                              0x1ffff36c   Data          96  main.o(.bss)
    velocity_timer                           0x1ffff3cc   Data          12  main.o(.bss)
    curr_spd                                 0x1ffff3d8   Data          12  main.o(.bss)
    steer                                    0x1ffff3e4   Data          12  main.o(.bss)
    s_pid                                    0x1ffff3f0   Data          88  main.o(.bss)
    s_timer                                  0x1ffff448   Data          12  main.o(.bss)
    cam_si                                   0x1ffff454   Data          24  main.o(.bss)
    cam_clk                                  0x1ffff46c   Data          24  main.o(.bss)
    cam_data                                 0x1ffff484   Data         256  main.o(.bss)
    serial                                   0x1ffff584   Data         256  main.o(.bss)
    telemetry_serial                         0x1ffff684   Data         256  main.o(.bss)
    tele_timer                               0x1ffff784   Data          12  main.o(.bss)
    telemetry_hal                            0x1ffff790   Data          20  main.o(.bss)
    telemetry_obj                            0x1ffff7a4   Data         656  main.o(.bss)
    tele_time_ms                             0x1ffffa34   Data          36  main.o(.bss)
    tele_linescan                            0x1ffffa58   Data         284  main.o(.bss)
    tele_line                                0x1ffffb74   Data          32  main.o(.bss)
    tele_center                              0x1ffffb94   Data          32  main.o(.bss)
    tele_brightness                          0x1ffffbb4   Data          32  main.o(.bss)
    tele_det_speed                           0x1ffffbd4   Data          36  main.o(.bss)
    tele_out_pwm                             0x1ffffbf8   Data          36  main.o(.bss)
    os_rdy                                   0x1ffffc1c   Data          24  rt_list.o(.bss)
    os_dly                                   0x1ffffc34   Data          24  rt_list.o(.bss)
    os_idle_TCB                              0x1ffffc4c   Data         144  rt_task.o(.bss)
    idle_task_stack                          0x1ffffcdc   Data         512  rtx_conf_cm.o(.bss)
    os_fifo                                  0x1ffffedc   Data         132  rtx_conf_cm.o(.bss)
    os_active_TCB                            0x1fffff60   Data          28  rtx_conf_cm.o(.bss)
    os_thread_def_stack_osTimerThread        0x1fffff7c   Data        2048  rtx_conf_cm.o(.bss)
    os_messageQ_q_osTimerMessageQ            0x2000077c   Data          32  rtx_conf_cm.o(.bss)
    __libspace_start                         0x20000978   Data          96  libspace.o(.bss)
    __stdin                                  0x200009d8   Data          84  stdio_streams.o(.bss)
    __temporary_stack_top$libspace           0x200009d8   Data           0  libspace.o(.bss)
    __stdout                                 0x20000a2c   Data          84  stdio_streams.o(.bss)
    __stderr                                 0x20000a80   Data          84  stdio_streams.o(.bss)
    Image$$RW_IRAM1$$ZI$$Limit               0x20000ad4   Number         0  anon$$obj.o ABSOLUTE



==============================================================================

Memory Map of the image

  Image Entry point : 0x000000c1

  Load Region LR_IROM1 (Base: 0x00000000, Size: 0x0000a6a0, Max: 0x00020000, ABSOLUTE, COMPRESSED[0x0000a4b0])

    Execution Region ER_IROM1 (Base: 0x00000000, Size: 0x0000a478, Max: 0x00020000, ABSOLUTE)

    Base Addr    Size         Type   Attr      Idx    E Section Name        Object

    0x00000000   0x000000c0   Data   RO         2207    RESET               startup_MKL25Z4.o
    0x000000c0   0x00000008   Code   RO         3094  * !!!main             c_p.l(__main.o)
    0x000000c8   0x0000003c   Code   RO         3812    !!!scatter          c_p.l(__scatter.o)
    0x00000104   0x0000001c   Code   RO         3814    !!handler_zi        c_p.l(__scatter_zi.o)
    0x00000120   0x00000002   Code   RO         3023    .ARM.Collect$$_printf_percent$$00000000  c_p.l(_printf_percent.o)
    0x00000122   0x0000000a   Code   RO         3021    .ARM.Collect$$_printf_percent$$00000002  c_p.l(_printf_p.o)
    0x0000012c   0x0000000a   Code   RO         3022    .ARM.Collect$$_printf_percent$$00000009  c_p.l(_printf_d.o)
    0x00000136   0x0000000a   Code   RO         3020    .ARM.Collect$$_printf_percent$$00000014  c_p.l(_printf_s.o)
    0x00000140   0x00000004   Code   RO         3361    .ARM.Collect$$_printf_percent$$00000017  c_p.l(_printf_percent_end.o)
    0x00000144   0x00000002   Code   RO         3093    .ARM.Collect$$libinit$$00000000  c_p.l(libinit.o)
    0x00000146   0x00000000   Code   RO         3415    .ARM.Collect$$libinit$$00000002  c_p.l(libinit2.o)
    0x00000146   0x00000000   Code   RO         3417    .ARM.Collect$$libinit$$00000004  c_p.l(libinit2.o)
    0x00000146   0x00000008   Code   RO         3418    .ARM.Collect$$libinit$$00000005  c_p.l(libinit2.o)
    0x0000014e   0x00000000   Code   RO         3420    .ARM.Collect$$libinit$$0000000A  c_p.l(libinit2.o)
    0x0000014e   0x00000000   Code   RO         3422    .ARM.Collect$$libinit$$0000000C  c_p.l(libinit2.o)
    0x0000014e   0x00000000   Code   RO         3424    .ARM.Collect$$libinit$$0000000E  c_p.l(libinit2.o)
    0x0000014e   0x00000006   Code   RO         3425    .ARM.Collect$$libinit$$0000000F  c_p.l(libinit2.o)
    0x00000154   0x00000000   Code   RO         3427    .ARM.Collect$$libinit$$00000011  c_p.l(libinit2.o)
    0x00000154   0x0000000c   Code   RO         3428    .ARM.Collect$$libinit$$00000012  c_p.l(libinit2.o)
    0x00000160   0x00000000   Code   RO         3429    .ARM.Collect$$libinit$$00000013  c_p.l(libinit2.o)
    0x00000160   0x00000000   Code   RO         3431    .ARM.Collect$$libinit$$00000015  c_p.l(libinit2.o)
    0x00000160   0x00000000   Code   RO         3433    .ARM.Collect$$libinit$$00000017  c_p.l(libinit2.o)
    0x00000160   0x00000000   Code   RO         3435    .ARM.Collect$$libinit$$00000019  c_p.l(libinit2.o)
    0x00000160   0x00000000   Code   RO         3437    .ARM.Collect$$libinit$$0000001B  c_p.l(libinit2.o)
    0x00000160   0x00000000   Code   RO         3439    .ARM.Collect$$libinit$$0000001D  c_p.l(libinit2.o)
    0x00000160   0x00000000   Code   RO         3441    .ARM.Collect$$libinit$$0000001F  c_p.l(libinit2.o)
    0x00000160   0x00000000   Code   RO         3443    .ARM.Collect$$libinit$$00000021  c_p.l(libinit2.o)
    0x00000160   0x00000000   Code   RO         3445    .ARM.Collect$$libinit$$00000023  c_p.l(libinit2.o)
    0x00000160   0x00000004   Code   RO         3446    .ARM.Collect$$libinit$$00000024  c_p.l(libinit2.o)
    0x00000164   0x00000000   Code   RO         3447    .ARM.Collect$$libinit$$00000025  c_p.l(libinit2.o)
    0x00000164   0x00000000   Code   RO         3451    .ARM.Collect$$libinit$$0000002C  c_p.l(libinit2.o)
    0x00000164   0x00000000   Code   RO         3453    .ARM.Collect$$libinit$$0000002E  c_p.l(libinit2.o)
    0x00000164   0x00000000   Code   RO         3455    .ARM.Collect$$libinit$$00000030  c_p.l(libinit2.o)
    0x00000164   0x00000004   Code   RO         3456    .ARM.Collect$$libinit$$00000031  c_p.l(libinit2.o)
    0x00000168   0x00000000   Code   RO         3457    .ARM.Collect$$libinit$$00000032  c_p.l(libinit2.o)
    0x00000168   0x00000002   Code   RO         3458    .ARM.Collect$$libinit$$00000033  c_p.l(libinit2.o)
    0x0000016a   0x00000006   Code   RO         3459    .ARM.Collect$$libshutdown$$00000001  c_p.l(libshutdown2.o)
    0x00000170   0x00000000   Code   RO         3461    .ARM.Collect$$libshutdown$$00000003  c_p.l(libshutdown2.o)
    0x00000170   0x00000164   Code   RO         1212    .emb_text           hal_cm0.o
    0x000002d4   0x00000028   Code   RO         1481    .emb_text           rtx_conf_cm.o
    0x000002fc   0x00000038   Code   RO         3077    .emb_text           c_p.l(rt_memcpy.o)
    0x00000334   0x00000000   Code   RO         3530    .emb_text           c_p.l(maybetermalloc1.o)
    0x00000334   0x00000020   Code   RO          913    .text               protocol.o
    0x00000354   0x00000086   Code   RO         1060    .text               telemetry-data.o
    0x000003da   0x00000002   PAD
    0x000003dc   0x0000001c   Code   RO         2209    .text               startup_MKL25Z4.o
    0x000003f8   0x00000008   Code   RO         2898    .text               c_p.l(libspace.o)
    0x00000400   0x00000010   Code   RO         2208    .ARM.__at_0x400     startup_MKL25Z4.o
    0x00000410   0x00000b70   Code   RO            3    .text               main.o
    0x00000f80   0x00000404   Code   RO          698    .text               packet.o
    0x00001384   0x000005c8   Code   RO          958    .text               telemetry.o
    0x0000194c   0x00000078   Code   RO         1115    .text               telemetry-mbed-hal.o
    0x000019c4   0x0000049c   Code   RO         1173    .text               pid.o
    0x00001e60   0x0000006c   Code   RO         1248    .text               hal_cm.o
    0x00001ecc   0x00001368   Code   RO         1276    .text               rt_cmsis.o
    0x00003234   0x00000184   Code   RO         1333    .text               rt_event.o
    0x000033b8   0x00000294   Code   RO         1345    .text               rt_list.o
    0x0000364c   0x00000304   Code   RO         1367    .text               rt_mailbox.o
    0x00003950   0x000001e8   Code   RO         1379    .text               rt_mutex.o
    0x00003b38   0x000000ca   Code   RO         1391    .text               rt_membox.o
    0x00003c02   0x00000002   PAD
    0x00003c04   0x0000006c   Code   RO         1403    .text               rt_robin.o
    0x00003c70   0x000002f8   Code   RO         1419    .text               rt_system.o
    0x00003f68   0x00000150   Code   RO         1443    .text               rt_semaphore.o
    0x000040b8   0x0000035c   Code   RO         1455    .text               rt_task.o
    0x00004414   0x000000c8   Code   RO         1482    .text               rtx_conf_cm.o
    0x000044dc   0x00000068   Code   RO         1562    .text               rt_time.o
    0x00004544   0x0000012c   Code   RO         1689    .text               thread.o
    0x00004670   0x00000098   Code   RO         1765    .text               getc.o
    0x00004708   0x00000110   Code   RO         1798    .text               init.o
    0x00004818   0x000000fc   Code   RO         1874    .text               isr_rx.o
    0x00004914   0x000000b6   Code   RO         1943    .text               isr_tx.o
    0x000049ca   0x000000dc   Code   RO         1976    .text               putc.o
    0x00004aa6   0x00000002   PAD
    0x00004aa8   0x0000005c   Code   RO         2044    .text               modserial_kl25z.o
    0x00004b04   0x0000025c   Code   RO         2120    .text               modserial.o
    0x00004d60   0x0000009a   Code   RO         2909    .text               c_p.l(h1_alloc_mt.o)
    0x00004dfa   0x00000074   Code   RO         2911    .text               c_p.l(h1_free_mt.o)
    0x00004e6e   0x00000016   Code   RO         2965    .text               c_p.l(__2fprintf.o)
    0x00004e84   0x0000002c   Code   RO         2967    .text               c_p.l(__2sprintf.o)
    0x00004eb0   0x00000052   Code   RO         2975    .text               c_p.l(_printf_str.o)
    0x00004f02   0x00000002   PAD
    0x00004f04   0x0000006c   Code   RO         2977    .text               c_p.l(_printf_dec.o)
    0x00004f70   0x00000098   Code   RO         2997    .text               c_p.l(_printf_hex_int_ll_ptr.o)
    0x00005008   0x00000188   Code   RO         3017    .text               c_p.l(__printf_flags_ss_wp.o)
    0x00005190   0x00000040   Code   RO         3026    .text               c_p.l(__0sscanf.o)
    0x000051d0   0x0000014a   Code   RO         3028    .text               c_p.l(_scanf_int.o)
    0x0000531a   0x0000001a   Code   RO         3048    .text               c_p.l(setbuf.o)
    0x00005334   0x0000004c   Code   RO         3056    .text               c_p.l(fclose.o)
    0x00005380   0x00000024   Code   RO         3060    .text               c_p.l(fputc_locked.o)
    0x000053a4   0x00000034   Code   RO         3062    .text               c_p.l(fclose_locked.o)
    0x000053d8   0x0000008c   Code   RO         3064    .text               c_p.l(fflush_locked.o)
    0x00005464   0x0000006c   Code   RO         3066    .text               c_p.l(setvbuf_locked.o)
    0x000054d0   0x00000140   Code   RO         3068    .text               c_p.l(fopen_locked.o)
    0x00005610   0x00000044   Code   RO         3073    .text               c_p.l(strlen.o)
    0x00005654   0x000000a0   Code   RO         3075    .text               c_p.l(strncmp.o)
    0x000056f4   0x00000082   Code   RO         3078    .text               c_p.l(rt_memcpy.o)
    0x00005776   0x00000040   Code   RO         3081    .text               c_p.l(rt_memclr.o)
    0x000057b6   0x00000002   PAD
    0x000057b8   0x00000088   Code   RO         3085    .text               c_p.l(strcmp.o)
    0x00005840   0x0000015a   Code   RO         3087    .text               c_p.l(aeabi_sdiv.o)
    0x0000599a   0x00000006   Code   RO         3091    .text               c_p.l(heapauxi.o)
    0x000059a0   0x00000024   Code   RO         3099    .text               c_p.l(init_aeabi.o)
    0x000059c4   0x0000007c   Code   RO         3231    .text               fz_ps.l(d2f.o)
    0x00005a40   0x00000358   Code   RO         3233    .text               fz_ps.l(daddsub.o)
    0x00005d98   0x00000448   Code   RO         3235    .text               fz_ps.l(ddiv.o)
    0x000061e0   0x00000058   Code   RO         3240    .text               fz_ps.l(dflti.o)
    0x00006238   0x00000248   Code   RO         3244    .text               fz_ps.l(dmul.o)
    0x00006480   0x00000054   Code   RO         3248    .text               fz_ps.l(f2d.o)
    0x000064d4   0x00000160   Code   RO         3256    .text               fz_ps.l(fdiv.o)
    0x00006634   0x0000004c   Code   RO         3261    .text               fz_ps.l(ffixi.o)
    0x00006680   0x00000030   Code   RO         3263    .text               fz_ps.l(ffixui.o)
    0x000066b0   0x0000005e   Code   RO         3265    .text               fz_ps.l(fflti.o)
    0x0000670e   0x00000002   PAD
    0x00006710   0x00000044   Code   RO         3273    .text               fz_ps.l(fscalbn.o)
    0x00006754   0x0000000a   Code   RO         3288    .text               c_p.l(rt_heap_descriptor_twolibspace.o)
    0x0000675e   0x0000000a   Code   RO         3295    .text               c_p.l(rt_new_handler_addr_twolibspace.o)
    0x00006768   0x0000000a   Code   RO         3302    .text               c_p.l(rt_ddtor_pointer_addr_twolibspace.o)
    0x00006772   0x00000004   Code   RO         3304    .text               c_p.l(hguard.o)
    0x00006776   0x00000088   Code   RO         3306    .text               c_p.l(init_alloc.o)
    0x000067fe   0x00000016   Code   RO         3312    .text               c_p.l(h1_init_mt.o)
    0x00006814   0x000000b0   Code   RO         3328    .text               c_p.l(_printf_intcommon.o)
    0x000068c4   0x00000030   Code   RO         3332    .text               c_p.l(_printf_char_common.o)
    0x000068f4   0x0000000a   Code   RO         3334    .text               c_p.l(_sputc.o)
    0x000068fe   0x0000002e   Code   RO         3336    .text               c_p.l(_printf_char.o)
    0x0000692c   0x0000001e   Code   RO         3371    .text               c_p.l(_chval.o)
    0x0000694a   0x00000002   PAD
    0x0000694c   0x00000030   Code   RO         3377    .text               c_p.l(scanf_char.o)
    0x0000697c   0x00000044   Code   RO         3379    .text               c_p.l(_sgetc.o)
    0x000069c0   0x000001f0   Code   RO         3393    .text               c_p.l(flsbuf.o)
    0x00006bb0   0x000000f4   Code   RO         3395    .text               c_p.l(fseek.o)
    0x00006ca4   0x000000f0   Code   RO         3397    .text               c_p.l(stdio.o)
    0x00006d94   0x000001cc   Code   RO         3404    .text               c_p.l(initio_locked.o)
    0x00006f60   0x0000000c   Code   RO         3406    .text               c_p.l(defsig_pvfn_outer.o)
    0x00006f6c   0x00000028   Code   RO         3410    .text               c_p.l(rtudiv10.o)
    0x00006f94   0x00000008   Code   RO         3483    .text               cpprt_p.l(arm_newhandler_noexceptions.o)
    0x00006f9c   0x00000090   Code   RO         3515    .text               fz_ps.l(dcmpin.o)
    0x0000702c   0x00000064   Code   RO         3517    .text               fz_ps.l(fcmpin.o)
    0x00007090   0x00000036   Code   RO         3534    .text               c_p.l(h1_extend_mt.o)
    0x000070c6   0x00000012   Code   RO         3540    .text               c_p.l(isspace.o)
    0x000070d8   0x0000003c   Code   RO         3546    .text               c_p.l(_printf_char_file_locked.o)
    0x00007114   0x00000380   Code   RO         3550    .text               c_p.l(_scanf.o)
    0x00007494   0x00000042   Code   RO         3560    .text               c_p.l(ftell.o)
    0x000074d6   0x00000036   Code   RO         3572    .text               c_p.l(fputs_locked.o)
    0x0000750c   0x0000000c   Code   RO         3588    .text               c_p.l(defsig_exit.o)
    0x00007518   0x0000000c   Code   RO         3590    .text               c_p.l(defsig_rtred_outer.o)
    0x00007524   0x0000000c   Code   RO         3594    .text               c_p.l(defsig_rtmem_outer.o)
    0x00007530   0x00000030   Code   RO         3598    .text               c_p.l(defsig_pvfn_inner.o)
    0x00007560   0x0000001c   Code   RO         3629    .text               cpprt_p.l(arm_exceptions_terminate.o)
    0x0000757c   0x00000054   Code   RO         3632    .text               cpprt_p.l(arm_exceptions_globs.o)
    0x000075d0   0x00000030   Code   RO         3635    .text               fz_ps.l(cmpret.o)
    0x00007600   0x00000014   Code   RO         3637    .text               fz_ps.l(dnan2.o)
    0x00007614   0x00000010   Code   RO         3639    .text               fz_ps.l(fnan2.o)
    0x00007624   0x0000000c   Code   RO         3643    .text               c_p.l(sys_exit.o)
    0x00007630   0x00000010   Code   RO         3645    .text               c_p.l(rt_ctype_table.o)
    0x00007640   0x0000000a   Code   RO         3652    .text               c_p.l(rt_locale_twolibspace.o)
    0x0000764a   0x0000000a   Code   RO         3659    .text               c_p.l(rt_eh_globals_addr_twolibspace.o)
    0x00007654   0x00000008   Code   RO         3666    .text               c_p.l(rt_errno_addr_twolibspace.o)
    0x0000765c   0x00000010   Code   RO         3684    .text               c_p.l(abort.o)
    0x0000766c   0x00000034   Code   RO         3688    .text               c_p.l(defsig_general.o)
    0x000076a0   0x00000034   Code   RO         3694    .text               c_p.l(defsig_rtred_inner.o)
    0x000076d4   0x00000050   Code   RO         3696    .text               c_p.l(defsig_rtmem_inner.o)
    0x00007724   0x00000042   Code   RO         3711    .text               cpprt_p.l(arm_exceptions_mem.o)
    0x00007766   0x0000005e   Code   RO         3719    .text               fz_ps.l(retnan.o)
    0x000077c4   0x0000000c   Code   RO         3735    .text               c_p.l(sys_wrch.o)
    0x000077d0   0x00000002   Code   RO         3737    .text               c_p.l(use_no_semi.o)
    0x000077d2   0x00000000   Code   RO         3739    .text               c_p.l(indicate_semi.o)
    0x000077d2   0x0000000c   Code   RO         3755    .text               c_p.l(defsig_abrt_outer.o)
    0x000077de   0x00000002   PAD
    0x000077e0   0x00000030   Code   RO         3769    .text               c_p.l(defsig_abrt_inner.o)
    0x00007810   0x0000003a   Code   RO         3810    .text               c_p.l(__dczerorl.o)
    0x0000784a   0x00000002   PAD
    0x0000784c   0x00000004   Code   RO         1721    SVC_TABLE           svc_table.o
    0x00007850   0x0000000c   Code   RO         2213    i.$Sub$$main        retarget.o
    0x0000785c   0x0000000a   Code   RO         2587    i.<Func1>           mbed.ar(SerialBase.o)
    0x00007866   0x00000002   PAD
    0x00007868   0x00000038   Code   RO         2191    i.NVIC_SetVector    cmsis_nvic.o
    0x000078a0   0x00000098   Code   RO         2199    i.SystemInit        system_MKL25Z4.o
    0x00007938   0x00000020   Code   RO         2214    i._Z11init_serialv  retarget.o
    0x00007958   0x00000006   Code   RO         2139    i._ZN3AjK18MODSERIAL_IRQ_INFOC1Ev  modserial.o
    0x0000795e   0x0000005e   Code   RO         1890    i._ZN3AjK18MODSERIAL_callback4callEPNS_18MODSERIAL_IRQ_INFOE  isr_rx.o
    0x000079bc   0x00000014   Code   RO         2145    i._ZN3AjK18MODSERIAL_callbackC1Ev  modserial.o
    0x000079d0   0x00000012   Code   RO         2151    i._ZN3AjK9MODSERIAL5_putcEi  modserial.o
    0x000079e2   0x0000000e   Code   RO         1826    i._ZN3AjK9MODSERIAL6isr_txEv  init.o
    0x000079f0   0x0000001a   Code   RO           25    i._ZN4mbed10DigitalOut5writeEi  main.o
    0x00007a0a   0x00000014   Code   RO           73    i._ZN4mbed10DigitalOutC1E7PinName  main.o
    0x00007a1e   0x00000012   Code   RO           67    i._ZN4mbed10DigitalOutaSEi  main.o
    0x00007a30   0x0000003a   Code   RO         2310    i._ZN4mbed10FileHandle4flenEv  retarget.o
    0x00007a6a   0x00000002   PAD
    0x00007a6c   0x00000028   Code   RO         2216    i._ZN4mbed10FileHandleD2Ev  retarget.o
    0x00007a94   0x0000000c   Code   RO         2589    i._ZN4mbed10SerialBase10_base_putcEi  mbed.ar(SerialBase.o)
    0x00007aa0   0x00000010   Code   RO         2591    i._ZN4mbed10SerialBase12_irq_handlerEj9SerialIrq  mbed.ar(SerialBase.o)
    0x00007ab0   0x0000000e   Code   RO         2592    i._ZN4mbed10SerialBase4baudEi  mbed.ar(SerialBase.o)
    0x00007abe   0x00000002   PAD
    0x00007ac0   0x0000003c   Code   RO         2597    i._ZN4mbed10SerialBaseC1E7PinNameS1_  mbed.ar(SerialBase.o)
    0x00007afc   0x0000001a   Code   RO         2517    i._ZN4mbed11InterruptIn12_irq_handlerEj14gpio_irq_event  mbed.ar(InterruptIn.o)
    0x00007b16   0x00000020   Code   RO         2518    i._ZN4mbed11InterruptIn4fallEPFvvE  mbed.ar(InterruptIn.o)
    0x00007b36   0x00000002   PAD
    0x00007b38   0x00000040   Code   RO         2522    i._ZN4mbed11InterruptInC1E7PinName  mbed.ar(InterruptIn.o)
    0x00007b78   0x00000018   Code   RO         2524    i._ZN4mbed11InterruptInD1Ev  mbed.ar(InterruptIn.o)
    0x00007b90   0x0000001a   Code   RO         2874    i._ZN4mbed15FunctionPointer4callEv  mbed.ar(FunctionPointer.o)
    0x00007baa   0x00000008   Code   RO         2875    i._ZN4mbed15FunctionPointer6attachEPFvvE  mbed.ar(FunctionPointer.o)
    0x00007bb2   0x00000008   Code   RO         2876    i._ZN4mbed15FunctionPointerC1EPFvvE  mbed.ar(FunctionPointer.o)
    0x00007bba   0x00000002   PAD
    0x00007bbc   0x00000018   Code   RO         2688    i._ZN4mbed5Timer4readEv  mbed.ar(Timer.o)
    0x00007bd4   0x00000014   Code   RO         2689    i._ZN4mbed5Timer4stopEv  mbed.ar(Timer.o)
    0x00007be8   0x00000010   Code   RO         2690    i._ZN4mbed5Timer5resetEv  mbed.ar(Timer.o)
    0x00007bf8   0x00000010   Code   RO         2691    i._ZN4mbed5Timer5startEv  mbed.ar(Timer.o)
    0x00007c08   0x00000010   Code   RO         2692    i._ZN4mbed5Timer7read_msEv  mbed.ar(Timer.o)
    0x00007c18   0x0000000e   Code   RO         2693    i._ZN4mbed5Timer7read_usEv  mbed.ar(Timer.o)
    0x00007c26   0x00000014   Code   RO         2694    i._ZN4mbed5Timer9slicetimeEv  mbed.ar(Timer.o)
    0x00007c3a   0x0000000c   Code   RO         2695    i._ZN4mbed5TimerC1Ev  mbed.ar(Timer.o)
    0x00007c46   0x00000010   Code   RO           61    i._ZN4mbed6PwmOut13pulsewidth_usEi  main.o
    0x00007c56   0x00000012   Code   RO           79    i._ZN4mbed6PwmOutC1E7PinName  main.o
    0x00007c68   0x0000000a   Code   RO         2557    i._ZN4mbed6Serial5_putcEi  mbed.ar(Serial.o)
    0x00007c72   0x00000002   PAD
    0x00007c74   0x00000020   Code   RO         2558    i._ZN4mbed6SerialC1E7PinNameS1_PKc  mbed.ar(Serial.o)
    0x00007c94   0x00000004   Code   RO         2624    i._ZN4mbed6Stream4flenEv  mbed.ar(Stream.o)
    0x00007c98   0x00000016   Code   RO         2627    i._ZN4mbed6Stream4putcEi  mbed.ar(Stream.o)
    0x00007cae   0x00000016   Code   RO         2628    i._ZN4mbed6Stream4putsEPKc  mbed.ar(Stream.o)
    0x00007cc4   0x00000004   Code   RO         2630    i._ZN4mbed6Stream5closeEv  mbed.ar(Stream.o)
    0x00007cc8   0x00000004   Code   RO         2632    i._ZN4mbed6Stream5lseekEli  mbed.ar(Stream.o)
    0x00007ccc   0x00000024   Code   RO         2634    i._ZN4mbed6Stream5writeEPKvj  mbed.ar(Stream.o)
    0x00007cf0   0x00000004   Code   RO         2635    i._ZN4mbed6Stream6isattyEv  mbed.ar(Stream.o)
    0x00007cf4   0x0000003c   Code   RO         2637    i._ZN4mbed6StreamC2EPKc  mbed.ar(Stream.o)
    0x00007d30   0x00000020   Code   RO         2639    i._ZN4mbed6StreamD2Ev  mbed.ar(Stream.o)
    0x00007d50   0x00000004   Code   RO         2823    i._ZN4mbed8FileBase11getPathTypeEv  mbed.ar(FileBase.o)
    0x00007d54   0x0000003c   Code   RO         2825    i._ZN4mbed8FileBase6lookupEPKcj  mbed.ar(FileBase.o)
    0x00007d90   0x00000024   Code   RO         2827    i._ZN4mbed8FileBaseC1EPKcNS_8PathTypeE  mbed.ar(FileBase.o)
    0x00007db4   0x00000030   Code   RO         2829    i._ZN4mbed8FileBaseD1Ev  mbed.ar(FileBase.o)
    0x00007de4   0x00000020   Code   RO         2853    i._ZN4mbed8FileLikeC2EPKc  mbed.ar(FileLike.o)
    0x00007e04   0x00000010   Code   RO         2855    i._ZN4mbed8FileLikeD2Ev  mbed.ar(FileLike.o)
    0x00007e14   0x00000010   Code   RO         2430    i._ZN4mbed8FilePath10fileSystemEv  mbed.ar(FilePath.o)
    0x00007e24   0x00000014   Code   RO         2431    i._ZN4mbed8FilePath12isFileSystemEv  mbed.ar(FilePath.o)
    0x00007e38   0x00000016   Code   RO         2432    i._ZN4mbed8FilePath4fileEv  mbed.ar(FilePath.o)
    0x00007e4e   0x0000000a   Code   RO         2433    i._ZN4mbed8FilePath6existsEv  mbed.ar(FilePath.o)
    0x00007e58   0x00000018   Code   RO         2434    i._ZN4mbed8FilePath6isFileEv  mbed.ar(FilePath.o)
    0x00007e70   0x00000004   Code   RO         2435    i._ZN4mbed8FilePath8fileNameEv  mbed.ar(FilePath.o)
    0x00007e74   0x00000042   Code   RO         2436    i._ZN4mbed8FilePathC1EPKc  mbed.ar(FilePath.o)
    0x00007eb6   0x00000004   Code   RO          103    i._ZN9telemetry12NumericArrayItLj128EED1Ev  main.o
    0x00007eba   0x00000004   Code   RO          719    i._ZN9telemetry25FixedLengthTransmitPacketD1Ev  packet.o
    0x00007ebe   0x00000002   PAD
    0x00007ec0   0x00000014   Code   RO           43    i._ZN9telemetry4DataC2EPKcS2_S2_  main.o
    0x00007ed4   0x00000004   Code   RO           85    i._ZN9telemetry7MbedHalD1Ev  main.o
    0x00007ed8   0x00000004   Code   RO          109    i._ZN9telemetry7NumericIfED1Ev  main.o
    0x00007edc   0x00000004   Code   RO           94    i._ZN9telemetry7NumericIjED1Ev  main.o
    0x00007ee0   0x00000004   Code   RO          106    i._ZN9telemetry7NumericItED1Ev  main.o
    0x00007ee4   0x00000012   Code   RO          989    i._ZN9telemetry9Telemetry8do_errorEPKc  telemetry.o
    0x00007ef6   0x00000076   Code   RO           88    i._ZN9telemetry9TelemetryC1ERNS_12HalInterfaceE  main.o
    0x00007f6c   0x00000008   Code   RO         3102    i._ZdaPv            cpprt_p.l(array_del.o)
    0x00007f74   0x00000008   Code   RO         3109    i._ZdlPv            cpprt_p.l(delete.o)
    0x00007f7c   0x00000008   Code   RO         3105    i._Znaj             cpprt_p.l(array_new.o)
    0x00007f84   0x00000028   Code   RO         3112    i._Znwj             cpprt_p.l(new.o)
    0x00007fac   0x0000001a   Code   RO         2205    i.__ARM_common_switch8  system_MKL25Z4.o
    0x00007fc6   0x0000002c   Code   RO         3225    i.__aeabi_atexit    cpprt_p.l(aeabi_atexit.o)
    0x00007ff2   0x00000022   Code   RO         3228    i.__aeabi_vec_ctor_nocookie_nodtor  cpprt_p.l(aeabi_vec_ctor_nocookie_nodtor.o)
    0x00008014   0x00000042   Code   RO         3499    i.__cxa_finalize    cpprt_p.l(cxa_finalize.o)
    0x00008056   0x0000000a   Code   RO         3116    i.__cxa_pure_virtual  cpprt_p.l(pure_virt.o)
    0x00008060   0x00000010   Code   RO         2185    i.__user_setup_stackheap  sys.o
    0x00008070   0x0000000e   Code   RO         3010    i._is_digit         c_p.l(__printf_wp.o)
    0x0000807e   0x00000002   PAD
    0x00008080   0x0000002c   Code   RO         2217    i._sys_close        retarget.o
    0x000080ac   0x00000028   Code   RO         2220    i._sys_flen         retarget.o
    0x000080d4   0x00000028   Code   RO         2221    i._sys_istty        retarget.o
    0x000080fc   0x00000100   Code   RO         2222    i._sys_open         retarget.o
    0x000081fc   0x00000028   Code   RO         2224    i._sys_seek         retarget.o
    0x00008224   0x00000058   Code   RO         2225    i._sys_write        retarget.o
    0x0000827c   0x000000d8   Code   RO         2318    i.analogin_init     mbed.ar(analogin_api.o)
    0x00008354   0x0000001c   Code   RO         2320    i.analogin_read_u16  mbed.ar(analogin_api.o)
    0x00008370   0x00000018   Code   RO         2418    i.exit              mbed.ar(exit.o)
    0x00008388   0x000000bc   Code   RO         2749    i.extosc_frequency  mbed.ar(us_ticker.o)
    0x00008444   0x00000070   Code   RO         3276    i.floorf            m_ps.l(floorf.o)
    0x000084b4   0x0000001e   Code   RO         3039    i.fputc             c_p.l(fputc.o)
    0x000084d2   0x0000001e   Code   RO         2329    i.gpio_dir          mbed.ar(gpio_api.o)
    0x000084f0   0x00000050   Code   RO         2330    i.gpio_init         mbed.ar(gpio_api.o)
    0x00008540   0x00000010   Code   RO         2719    i.gpio_irqA         mbed.ar(gpio_irq_api.o)
    0x00008550   0x00000010   Code   RO         2720    i.gpio_irqD         mbed.ar(gpio_irq_api.o)
    0x00008560   0x00000010   Code   RO         2723    i.gpio_irq_free     mbed.ar(gpio_irq_api.o)
    0x00008570   0x000000a4   Code   RO         2724    i.gpio_irq_init     mbed.ar(gpio_irq_api.o)
    0x00008614   0x00000088   Code   RO         2725    i.gpio_irq_set      mbed.ar(gpio_irq_api.o)
    0x0000869c   0x00000014   Code   RO         2332    i.gpio_set          mbed.ar(gpio_api.o)
    0x000086b0   0x00000010   Code   RO         2410    i.gpio_write        mbed.ar(board.o)
    0x000086c0   0x00000090   Code   RO         2726    i.handle_interrupt_in  mbed.ar(gpio_irq_api.o)
    0x00008750   0x00000080   Code   RO         2750    i.lptmr_init        mbed.ar(us_ticker.o)
    0x000087d0   0x00000044   Code   RO         2751    i.lptmr_isr         mbed.ar(us_ticker.o)
    0x00008814   0x00000020   Code   RO         2752    i.lptmr_set         mbed.ar(us_ticker.o)
    0x00008834   0x00000030   Code   RO         2411    i.mbed_die          mbed.ar(board.o)
    0x00008864   0x00000008   Code   RO         2772    i.mbed_interface_connected  mbed.ar(mbed_interface.o)
    0x0000886c   0x00000002   Code   RO         2227    i.mbed_main         retarget.o
    0x0000886e   0x00000002   PAD
    0x00008870   0x00000040   Code   RO         2741    i.pin_function      mbed.ar(pinmap.o)
    0x000088b0   0x00000018   Code   RO         2742    i.pin_mode          mbed.ar(pinmap.o)
    0x000088c8   0x00000018   Code   RO         2792    i.pinmap_find_peripheral  mbed.ar(pinmap_common.o)
    0x000088e0   0x00000038   Code   RO         2793    i.pinmap_merge      mbed.ar(pinmap_common.o)
    0x00008918   0x00000048   Code   RO         2794    i.pinmap_peripheral  mbed.ar(pinmap_common.o)
    0x00008960   0x00000050   Code   RO         2795    i.pinmap_pinout     mbed.ar(pinmap_common.o)
    0x000089b0   0x000000f8   Code   RO         2342    i.pwmout_init       mbed.ar(pwmout_api.o)
    0x00008aa8   0x0000000e   Code   RO         2344    i.pwmout_period_ms  mbed.ar(pwmout_api.o)
    0x00008ab6   0x00000002   PAD
    0x00008ab8   0x00000030   Code   RO         2345    i.pwmout_period_us  mbed.ar(pwmout_api.o)
    0x00008ae8   0x00000020   Code   RO         2348    i.pwmout_pulsewidth_us  mbed.ar(pwmout_api.o)
    0x00008b08   0x00000038   Code   RO         2349    i.pwmout_read       mbed.ar(pwmout_api.o)
    0x00008b40   0x0000003c   Code   RO         2350    i.pwmout_write      mbed.ar(pwmout_api.o)
    0x00008b7c   0x0000000c   Code   RO         2804    i.semihost_connected  mbed.ar(semihost_api.o)
    0x00008b88   0x0000000c   Code   RO         2806    i.semihost_exit     mbed.ar(semihost_api.o)
    0x00008b94   0x00000064   Code   RO         2367    i.serial_baud       mbed.ar(serial_api.o)
    0x00008bf8   0x00000174   Code   RO         2371    i.serial_format     mbed.ar(serial_api.o)
    0x00008d6c   0x0000014c   Code   RO         2374    i.serial_init       mbed.ar(serial_api.o)
    0x00008eb8   0x00000018   Code   RO         2375    i.serial_irq_handler  mbed.ar(serial_api.o)
    0x00008ed0   0x000000b8   Code   RO         2376    i.serial_irq_set    mbed.ar(serial_api.o)
    0x00008f88   0x00000016   Code   RO         2378    i.serial_putc       mbed.ar(serial_api.o)
    0x00008f9e   0x0000001a   Code   RO         2380    i.serial_writable   mbed.ar(serial_api.o)
    0x00008fb8   0x00000020   Code   RO         2381    i.uart0_irq         mbed.ar(serial_api.o)
    0x00008fd8   0x00000014   Code   RO         2382    i.uart1_irq         mbed.ar(serial_api.o)
    0x00008fec   0x00000014   Code   RO         2383    i.uart2_irq         mbed.ar(serial_api.o)
    0x00009000   0x00000030   Code   RO         2384    i.uart_irq          mbed.ar(serial_api.o)
    0x00009030   0x00000002   Code   RO         2753    i.us_ticker_clear_interrupt  mbed.ar(us_ticker.o)
    0x00009032   0x00000002   PAD
    0x00009034   0x00000010   Code   RO         2754    i.us_ticker_disable_interrupt  mbed.ar(us_ticker.o)
    0x00009044   0x0000006c   Code   RO         2755    i.us_ticker_init    mbed.ar(us_ticker.o)
    0x000090b0   0x00000040   Code   RO         2886    i.us_ticker_irq_handler  mbed.ar(us_ticker_api.o)
    0x000090f0   0x00000020   Code   RO         2756    i.us_ticker_read    mbed.ar(us_ticker.o)
    0x00009110   0x00000044   Code   RO         2757    i.us_ticker_set_interrupt  mbed.ar(us_ticker.o)
    0x00009154   0x00000018   Code   RO         2422    i.wait              mbed.ar(wait_api.o)
    0x0000916c   0x0000000e   Code   RO         2423    i.wait_ms           mbed.ar(wait_api.o)
    0x0000917a   0x00000016   Code   RO         2424    i.wait_us           mbed.ar(wait_api.o)
    0x00009190   0x0000002c   Code   RO         3751    locale$$code        c_p.l(lc_ctype_c.o)
    0x000091bc   0x00000074   Code   RO         1814    t._ZN4mbed10SerialBase6attachIN3AjK9MODSERIALEEEvPT_MS4_FvvENS0_7IrqTypeE  init.o
    0x00009230   0x00000050   Code   RO         1820    t._ZN4mbed15FunctionPointer12membercallerIN3AjK9MODSERIALEEEvPvPc  init.o
    0x00009280   0x00000006   Code   RO          181    t._ZN9telemetry12NumericArrayItLj128EE13get_data_typeEv  main.o
    0x00009286   0x00000022   Code   RO          206    t._ZN9telemetry12NumericArrayItLj128EE13write_payloadERNS_14TransmitPacketE  main.o
    0x000092a8   0x00000012   Code   RO          313    t._ZN9telemetry12NumericArrayItLj128EE14serialize_dataEtRNS_14TransmitPacketE  main.o
    0x000092ba   0x0000002a   Code   RO          212    t._ZN9telemetry12NumericArrayItLj128EE15set_from_packetERNS_19ReceivePacketBufferE  main.o
    0x000092e4   0x0000007a   Code   RO          193    t._ZN9telemetry12NumericArrayItLj128EE17write_header_kvrsERNS_14TransmitPacketE  main.o
    0x0000935e   0x00000008   Code   RO          200    t._ZN9telemetry12NumericArrayItLj128EE18get_payload_lengthEv  main.o
    0x00009366   0x0000000e   Code   RO          187    t._ZN9telemetry12NumericArrayItLj128EE22get_header_kvrs_lengthEv  main.o
    0x00009374   0x00000050   Code   RO           97    t._ZN9telemetry12NumericArrayItLj128EEC1ERNS_9TelemetryEPKcS5_S5_t  main.o
    0x000093c4   0x00000010   Code   RO          331    t._ZN9telemetry14TransmitPacket5writeItEEvT_  main.o
    0x000093d4   0x0000000c   Code   RO          301    t._ZN9telemetry19ReceivePacketBuffer4readItEET_v  main.o
    0x000093e0   0x00000082   Code   RO          977    t._ZN9telemetry5QueueIhLj256EE7enqueueERKh  telemetry.o
    0x00009462   0x00000006   Code   RO          261    t._ZN9telemetry7NumericIfE13get_data_typeEv  main.o
    0x00009468   0x00000012   Code   RO          286    t._ZN9telemetry7NumericIfE13write_payloadERNS_14TransmitPacketE  main.o
    0x0000947a   0x00000016   Code   RO          325    t._ZN9telemetry7NumericIfE14serialize_dataEfRNS_14TransmitPacketE  main.o
    0x00009490   0x0000001e   Code   RO          292    t._ZN9telemetry7NumericIfE15set_from_packetERNS_19ReceivePacketBufferE  main.o
    0x000094ae   0x0000005e   Code   RO          273    t._ZN9telemetry7NumericIfE17write_header_kvrsERNS_14TransmitPacketE  main.o
    0x0000950c   0x00000006   Code   RO          280    t._ZN9telemetry7NumericIfE18get_payload_lengthEv  main.o
    0x00009512   0x0000000e   Code   RO          267    t._ZN9telemetry7NumericIfE22get_header_kvrs_lengthEv  main.o
    0x00009520   0x0000003c   Code   RO           55    t._ZN9telemetry7NumericIfEC1ERNS_9TelemetryEPKcS5_S5_f  main.o
    0x0000955c   0x00000014   Code   RO           31    t._ZN9telemetry7NumericIfEaSEf  main.o
    0x00009570   0x00000006   Code   RO          141    t._ZN9telemetry7NumericIjE13get_data_typeEv  main.o
    0x00009576   0x00000012   Code   RO          166    t._ZN9telemetry7NumericIjE13write_payloadERNS_14TransmitPacketE  main.o
    0x00009588   0x00000016   Code   RO          307    t._ZN9telemetry7NumericIjE14serialize_dataEjRNS_14TransmitPacketE  main.o
    0x0000959e   0x0000001e   Code   RO          172    t._ZN9telemetry7NumericIjE15set_from_packetERNS_19ReceivePacketBufferE  main.o
    0x000095bc   0x0000005e   Code   RO          153    t._ZN9telemetry7NumericIjE17write_header_kvrsERNS_14TransmitPacketE  main.o
    0x0000961a   0x00000006   Code   RO          160    t._ZN9telemetry7NumericIjE18get_payload_lengthEv  main.o
    0x00009620   0x0000000e   Code   RO          147    t._ZN9telemetry7NumericIjE22get_header_kvrs_lengthEv  main.o
    0x0000962e   0x00000006   Code   RO          221    t._ZN9telemetry7NumericItE13get_data_typeEv  main.o
    0x00009634   0x00000012   Code   RO          246    t._ZN9telemetry7NumericItE13write_payloadERNS_14TransmitPacketE  main.o
    0x00009646   0x00000012   Code   RO          319    t._ZN9telemetry7NumericItE14serialize_dataEtRNS_14TransmitPacketE  main.o
    0x00009658   0x0000001a   Code   RO          252    t._ZN9telemetry7NumericItE15set_from_packetERNS_19ReceivePacketBufferE  main.o
    0x00009672   0x0000005e   Code   RO          233    t._ZN9telemetry7NumericItE17write_header_kvrsERNS_14TransmitPacketE  main.o
    0x000096d0   0x00000006   Code   RO          240    t._ZN9telemetry7NumericItE18get_payload_lengthEv  main.o
    0x000096d6   0x0000000e   Code   RO          227    t._ZN9telemetry7NumericItE22get_header_kvrs_lengthEv  main.o
    0x000096e4   0x0000003c   Code   RO           49    t._ZN9telemetry7NumericItEC1ERNS_9TelemetryEPKcS5_S5_t  main.o
    0x00009720   0x00000014   Code   RO           37    t._ZN9telemetry7NumericItEaSEt  main.o
    0x00009734   0x00000018   Code   RO          983    t._ZNK9telemetry5QueueIhLj256EE5emptyEv  telemetry.o
    0x0000974c   0x00000064   Code   RO         3238    x$fpl$deqf          fz_ps.l(deqf.o)
    0x000097b0   0x00000064   Code   RO         3242    x$fpl$dleqf         fz_ps.l(dlef.o)
    0x00009814   0x00000068   Code   RO         3246    x$fpl$drleqf        fz_ps.l(drlef.o)
    0x0000987c   0x0000008c   Code   RO         3250    x$fpl$fadd          fz_ps.l(faddsub.o)
    0x00009908   0x00000054   Code   RO         3259    x$fpl$feqf          fz_ps.l(feqf.o)
    0x0000995c   0x00000054   Code   RO         3267    x$fpl$fleqf         fz_ps.l(flef.o)
    0x000099b0   0x000000b0   Code   RO         3269    x$fpl$fmul          fz_ps.l(fmul.o)
    0x00009a60   0x00000058   Code   RO         3271    x$fpl$frleqf        fz_ps.l(frlef.o)
    0x00009ab8   0x00000018   Code   RO         3251    x$fpl$frsb          fz_ps.l(faddsub.o)
    0x00009ad0   0x000000d0   Code   RO         3252    x$fpl$fsub          fz_ps.l(faddsub.o)
    0x00009ba0   0x00000000   Code   RO         3523    x$fpl$usenofp       fz_ps.l(usenofp.o)
    0x00009ba0   0x00000002   Data   RO          700    .constdata          packet.o
    0x00009ba2   0x00000002   Data   RO          960    .constdata          telemetry.o
    0x00009ba4   0x0000001b   Data   RO         1484    .constdata          rtx_conf_cm.o
    0x00009bbf   0x00000017   Data   RO         2264    .constdata          retarget.o
    0x00009bd6   0x00000002   PAD
    0x00009bd8   0x000000cc   Data   RO         2321    .constdata          mbed.ar(analogin_api.o)
    0x00009ca4   0x000001bc   Data   RO         2351    .constdata          mbed.ar(pwmout_api.o)
    0x00009e60   0x000000d8   Data   RO         2386    .constdata          mbed.ar(serial_api.o)
    0x00009f38   0x00000028   Data   RO         2998    .constdata          c_p.l(_printf_hex_int_ll_ptr.o)
    0x00009f60   0x00000011   Data   RO         3018    .constdata          c_p.l(__printf_flags_ss_wp.o)
    0x00009f71   0x00000080   Data   RO         3236    .constdata          fz_ps.l(ddiv.o)
    0x00009ff1   0x00000040   Data   RO         3257    .constdata          fz_ps.l(fdiv.o)
    0x0000a031   0x00000003   PAD
    0x0000a034   0x00000044   Data   RO         2138    .constdata__ZTVN3AjK9MODSERIALE  modserial.o
    0x0000a078   0x0000002c   Data   RO         2309    .constdata__ZTVN4mbed10FileHandleE  retarget.o
    0x0000a0a4   0x00000010   Data   RO         2551    .constdata__ZTVN4mbed11InterruptInE  mbed.ar(InterruptIn.o)
    0x0000a0b4   0x00000044   Data   RO         2568    .constdata__ZTVN4mbed6SerialE  mbed.ar(Serial.o)
    0x0000a0f8   0x00000044   Data   RO         2683    .constdata__ZTVN4mbed6StreamE  mbed.ar(Stream.o)
    0x0000a13c   0x00000010   Data   RO         2848    .constdata__ZTVN4mbed8FileBaseE  mbed.ar(FileBase.o)
    0x0000a14c   0x0000003c   Data   RO         2871    .constdata__ZTVN4mbed8FileLikeE  mbed.ar(FileLike.o)
    0x0000a188   0x00000010   Data   RO         1705    .constdata__ZTVN4rtos6ThreadE  thread.o
    0x0000a198   0x00000024   Data   RO          113    .constdata__ZTVN9telemetry12HalInterfaceE  main.o
    0x0000a1bc   0x00000028   Data   RO          117    .constdata__ZTVN9telemetry12NumericArrayItLj128EEE  main.o
    0x0000a1e4   0x00000024   Data   RO          726    .constdata__ZTVN9telemetry14TransmitPacketE  packet.o
    0x0000a208   0x00000024   Data   RO          718    .constdata__ZTVN9telemetry25FixedLengthTransmitPacketE  packet.o
    0x0000a22c   0x00000028   Data   RO         1078    .constdata__ZTVN9telemetry4DataE  telemetry-data.o
    0x0000a254   0x00000024   Data   RO         1132    .constdata__ZTVN9telemetry7MbedHalE  telemetry-mbed-hal.o
    0x0000a278   0x00000028   Data   RO          121    .constdata__ZTVN9telemetry7NumericIfEE  main.o
    0x0000a2a0   0x00000028   Data   RO          115    .constdata__ZTVN9telemetry7NumericIjEE  main.o
    0x0000a2c8   0x00000028   Data   RO          119    .constdata__ZTVN9telemetry7NumericItEE  main.o
    0x0000a2f0   0x00000053   Data   RO         2122    .conststring        modserial.o
    0x0000a343   0x00000001   PAD
    0x0000a344   0x00000020   Data   RO         3808    Region$$Table       anon$$obj.o
    0x0000a364   0x00000110   Data   RO         3750    locale$$data        c_p.l(lc_ctype_c.o)
    0x0000a474   0x00000004   Data   RO            7    .init_array         main.o
    0x0000a478   0x00000000   Data   RO         3097    .init_array         c_p.l(init_aeabi.o)


    Execution Region RW_IRAM1 (Base: 0x1ffff0c0, Size: 0x00001a14, Max: 0x00003f40, ABSOLUTE, COMPRESSED[0x00000038])

    Base Addr    Size         Type   Attr      Idx    E Section Name        Object

    0x1ffff0c0   0x00000046   Data   RW            6    .data               main.o
    0x1ffff106   0x00000002   PAD
    0x1ffff108   0x00000008   Data   RW         1277    .data               rt_cmsis.o
    0x1ffff110   0x00000008   Data   RW         1404    .data               rt_robin.o
    0x1ffff118   0x00000007   Data   RW         1420    .data               rt_system.o
    0x1ffff11f   0x00000001   PAD
    0x1ffff120   0x00000008   Data   RW         1457    .data               rt_task.o
    0x1ffff128   0x00000154   Data   RW         1485    .data               rtx_conf_cm.o
    0x1ffff27c   0x00000004   Data   RW         1563    .data               rt_time.o
    0x1ffff280   0x00000018   Data   RW         1800    .data               init.o
    0x1ffff298   0x00000008   Data   RW         2123    .data               modserial.o
    0x1ffff2a0   0x00000004   Data   RW         2200    .data               system_MKL25Z4.o
    0x1ffff2a4   0x00000004   Data   RW         2352    .data               mbed.ar(pwmout_api.o)
    0x1ffff2a8   0x00000010   Data   RW         2387    .data               mbed.ar(serial_api.o)
    0x1ffff2b8   0x00000004   Data   RW         2728    .data               mbed.ar(gpio_irq_api.o)
    0x1ffff2bc   0x0000000c   Data   RW         2758    .data               mbed.ar(us_ticker.o)
    0x1ffff2c8   0x00000004   Data   RW         2811    .data               mbed.ar(semihost_api.o)
    0x1ffff2cc   0x00000004   Data   RW         2837    .data               mbed.ar(FileBase.o)
    0x1ffff2d0   0x00000008   Data   RW         2889    .data               mbed.ar(us_ticker_api.o)
    0x1ffff2d8   0x00000004   Data   RW         3053    .data               c_p.l(stdio_streams.o)
    0x1ffff2dc   0x00000004   Data   RW         3054    .data               c_p.l(stdio_streams.o)
    0x1ffff2e0   0x00000004   Data   RW         3055    .data               c_p.l(stdio_streams.o)
    0x1ffff2e4   0x00000004   Data   RW         3399    .data               c_p.l(streamlock.o)
    0x1ffff2e8   0x00000934   Zero   RW            5    .bss                main.o
    0x1ffffc1c   0x00000030   Zero   RW         1346    .bss                rt_list.o
    0x1ffffc4c   0x00000090   Zero   RW         1456    .bss                rt_task.o
    0x1ffffcdc   0x00000b50   Zero   RW         1483    .bss                rtx_conf_cm.o
    0x2000082c   0x00000040   Zero   RW         2263    .bss                retarget.o
    0x2000086c   0x0000000c   Zero   RW         2385    .bss                mbed.ar(serial_api.o)
    0x20000878   0x00000100   Zero   RW         2727    .bss                mbed.ar(gpio_irq_api.o)
    0x20000978   0x00000060   Zero   RW         2899    .bss                c_p.l(libspace.o)
    0x200009d8   0x00000054   Zero   RW         3050    .bss                c_p.l(stdio_streams.o)
    0x20000a2c   0x00000054   Zero   RW         3051    .bss                c_p.l(stdio_streams.o)
    0x20000a80   0x00000054   Zero   RW         3052    .bss                c_p.l(stdio_streams.o)


==============================================================================

Image component sizes


      Code (inc. data)   RO Data    RW Data    ZI Data      Debug   Object Name

        56         10          0          0          0         76   cmsis_nvic.o
       152          0          0          0          0       9052   getc.o
       108          6          0          0          0       3807   hal_cm.o
       356         40          0          0          0       2332   hal_cm0.o
       482         72          0         24          0      18908   init.o
       346          6          0          0          0      11616   isr_rx.o
       182          0          0          0          0       8900   isr_tx.o
      4258        678        200         70       2356     163103   main.o
       648         36        151          8          0      18236   modserial.o
        92         12          0          0          0       9176   modserial_kl25z.o
         0          0          0          0          0       5020   mutex.o
      1032        236         74          0          0      99764   packet.o
      1180         10          0          0          0       6892   pid.o
        32          0          0          0          0       2580   protocol.o
       220          0          0          0          0       9060   putc.o
       652         66         67          0         64        728   retarget.o
      4968        248          0          8          0      42377   rt_cmsis.o
       388         12          0          0          0       1946   rt_event.o
       660         22          0          0         48       5482   rt_list.o
       772         10          0          0          0       2603   rt_mailbox.o
       202          0          0          0          0       1537   rt_membox.o
       488         10          0          0          0       1559   rt_mutex.o
       108         18          0          8          0        768   rt_robin.o
       336         10          0          0          0       1776   rt_semaphore.o
       760         66          0          7          0       5016   rt_system.o
       860         70          0          8        144       5484   rt_task.o
       104          8          0          4          0       1151   rt_time.o
       240         68         27        340       2896       7900   rtx_conf_cm.o
        44         24        192          0          0        164   startup_MKL25Z4.o
         4          4          0          0          0        208   svc_table.o
        16          6          0          0          0         60   sys.o
       178         30          0          4          0        132   system_MKL25Z4.o
       134          0         40          0          0       4508   telemetry-data.o
       120          4         36          0          0      11592   telemetry-mbed-hal.o
      1652        214          2          0          0       8404   telemetry.o
       300         46         16          0          0       4644   thread.o

    ----------------------------------------------------------------------
     22142       2042        840        484       5508     476561   Object Totals
         0          0         32          0          0          0   (incl. Generated)
        12          0          3          3          0          0   (incl. Padding)

    ----------------------------------------------------------------------

      Code (inc. data)   RO Data    RW Data    ZI Data      Debug   Library Member Name

        64         10          0          0          0         84   __0sscanf.o
        22          0          0          0          0         84   __2fprintf.o
        44          4          0          0          0         84   __2sprintf.o
        58          0          0          0          0          0   __dczerorl.o
         8          0          0          0          0         68   __main.o
       392          6         17          0          0         76   __printf_flags_ss_wp.o
        14          0          0          0          0         60   __printf_wp.o
        60          8          0          0          0          0   __scatter.o
        28          0          0          0          0          0   __scatter_zi.o
        30          0          0          0          0         60   _chval.o
        46          0          0          0          0        100   _printf_char.o
        48          6          0          0          0         88   _printf_char_common.o
        60          6          0          0          0         76   _printf_char_file_locked.o
        10          0          0          0          0          0   _printf_d.o
       108         18          0          0          0         76   _printf_dec.o
       152          4         40          0          0        148   _printf_hex_int_ll_ptr.o
       176          0          0          0          0         84   _printf_intcommon.o
        10          0          0          0          0          0   _printf_p.o
         2          0          0          0          0          0   _printf_percent.o
         4          0          0          0          0          0   _printf_percent_end.o
        10          0          0          0          0          0   _printf_s.o
        82          0          0          0          0         72   _printf_str.o
       896         16          0          0          0         84   _scanf.o
       330          0          0          0          0         84   _scanf_int.o
        68          0          0          0          0         76   _sgetc.o
        10          0          0          0          0         60   _sputc.o
        16          0          0          0          0         64   abort.o
       346          0          0          0          0         92   aeabi_sdiv.o
        48         34          0          0          0         68   defsig_abrt_inner.o
        12          0          0          0          0         68   defsig_abrt_outer.o
        12          0          0          0          0         68   defsig_exit.o
        52          0          0          0          0         72   defsig_general.o
        48         34          0          0          0         68   defsig_pvfn_inner.o
        12          0          0          0          0         68   defsig_pvfn_outer.o
        80         58          0          0          0         68   defsig_rtmem_inner.o
        12          0          0          0          0         68   defsig_rtmem_outer.o
        52         38          0          0          0         68   defsig_rtred_inner.o
        12          0          0          0          0         68   defsig_rtred_outer.o
        76          4          0          0          0         76   fclose.o
        52          6          0          0          0         72   fclose_locked.o
       140         10          0          0          0        108   fflush_locked.o
       496         10          0          0          0         76   flsbuf.o
       320         12          0          0          0        148   fopen_locked.o
        30          0          0          0          0         68   fputc.o
        36          0          0          0          0         72   fputc_locked.o
        54          0          0          0          0         72   fputs_locked.o
       244          4          0          0          0         76   fseek.o
        66          0          0          0          0         68   ftell.o
       154          0          0          0          0        116   h1_alloc_mt.o
        54          0          0          0          0         72   h1_extend_mt.o
       116          0          0          0          0        100   h1_free_mt.o
        22          0          0          0          0         84   h1_init_mt.o
         6          0          0          0          0        136   heapauxi.o
         4          0          0          0          0        120   hguard.o
         0          0          0          0          0          0   indicate_semi.o
        36         10          0          0          0         72   init_aeabi.o
       136          0          0          0          0        160   init_alloc.o
       460         50          0          0          0        100   initio_locked.o
        18          0          0          0          0         68   isspace.o
        44         10        272          0          0         76   lc_ctype_c.o
         2          0          0          0          0          0   libinit.o
        36          0          0          0          0          0   libinit2.o
         6          0          0          0          0          0   libshutdown2.o
         8          4          0          0         96         68   libspace.o
         0          0          0          0          0          0   maybetermalloc1.o
        16          4          0          0          0         76   rt_ctype_table.o
        10          0          0          0          0         76   rt_ddtor_pointer_addr_twolibspace.o
        10          0          0          0          0         76   rt_eh_globals_addr_twolibspace.o
         8          0          0          0          0         76   rt_errno_addr_twolibspace.o
        10          0          0          0          0         76   rt_heap_descriptor_twolibspace.o
        10          0          0          0          0         76   rt_locale_twolibspace.o
        64          0          0          0          0        108   rt_memclr.o
       186          0          0          0          0        144   rt_memcpy.o
        10          0          0          0          0         76   rt_new_handler_addr_twolibspace.o
        40          0          0          0          0         60   rtudiv10.o
        48          8          0          0          0         84   scanf_char.o
        26          0          0          0          0         68   setbuf.o
       108          4          0          0          0         80   setvbuf_locked.o
       240          8          0          0          0        144   stdio.o
         0          0          0         12        252          0   stdio_streams.o
       136          4          0          0          0         72   strcmp.o
         0          0          0          4          0          0   streamlock.o
        68          6          0          0          0         72   strlen.o
       160          6          0          0          0         76   strncmp.o
        12          4          0          0          0         60   sys_exit.o
        12          0          0          0          0         68   sys_wrch.o
         2          0          0          0          0         68   use_no_semi.o
        44          0          0          0          0         76   aeabi_atexit.o
        34          0          0          0          0         80   aeabi_vec_ctor_nocookie_nodtor.o
        84         12          0          0          0         96   arm_exceptions_globs.o
        66          0          0          0          0        100   arm_exceptions_mem.o
        28          0          0          0          0         68   arm_exceptions_terminate.o
         8          0          0          0          0         68   arm_newhandler_noexceptions.o
         8          0          0          0          0         68   array_del.o
         8          0          0          0          0         68   array_new.o
        66          0          0          0          0         76   cxa_finalize.o
         8          0          0          0          0         68   delete.o
        40          4          0          0          0         68   new.o
        10          0          0          0          0         68   pure_virt.o
        48          4          0          0          0         60   cmpret.o
       124          4          0          0          0         72   d2f.o
       856         20          0          0          0        208   daddsub.o
       144          4          0          0          0         76   dcmpin.o
      1096         26        128          0          0        112   ddiv.o
       100          4          0          0          0         92   deqf.o
        88          0          0          0          0         92   dflti.o
       100          4          0          0          0         92   dlef.o
       584         26          0          0          0         84   dmul.o
        20          6          0          0          0         68   dnan2.o
       104          4          0          0          0        104   drlef.o
        84          4          0          0          0         60   f2d.o
       372          8          0          0          0        240   faddsub.o
       100          4          0          0          0         68   fcmpin.o
       352         10         64          0          0         92   fdiv.o
        84          4          0          0          0         76   feqf.o
        76          0          0          0          0         68   ffixi.o
        48          0          0          0          0         60   ffixui.o
        94          0          0          0          0         92   fflti.o
        84          4          0          0          0         76   flef.o
       176          4          0          0          0         80   fmul.o
        16          6          0          0          0         68   fnan2.o
        88          4          0          0          0         76   frlef.o
        68          4          0          0          0         68   fscalbn.o
        94          0          0          0          0         68   retnan.o
         0          0          0          0          0          0   usenofp.o
       112         14          0          0          0         76   floorf.o
       148         24         16          4          0        252   FileBase.o
        48          8         60          0          0        136   FileLike.o
       162          0          0          0          0        460   FilePath.o
        42          0          0          0          0        180   FunctionPointer.o
       146         14         16          0          0        276   InterruptIn.o
        42          4         68          0          0        136   Serial.o
       112          8          0          0          0        348   SerialBase.o
       188         20         68          0          0        600   Stream.o
       138          6          0          0          0        544   Timer.o
       244         56        204          0          0        132   analogin_api.o
        64          6          0          0          0        128   board.o
        24          0          0          0          0         64   exit.o
       130          4          0          0          0        200   gpio_api.o
       492        104          0          4        256        424   gpio_irq_api.o
         8          0          0          0          0         68   mbed_interface.o
        88         14          0          0          0        132   pinmap.o
       232         84          0          0          0        264   pinmap_common.o
       458         76        444          4          0        428   pwmout_api.o
        24          6          0          4          0        132   semihost_api.o
      1180        320        216         16         12        776   serial_api.o
       642        120          0         12          0        596   us_ticker.o
        64          6          0          8          0         68   us_ticker_api.o
        60          6          0          0          0        208   wait_api.o

    ----------------------------------------------------------------------
     17506       1476       1616         68        616      15732   Library Totals
        28          0          3          0          0          0   (incl. Padding)

    ----------------------------------------------------------------------

      Code (inc. data)   RO Data    RW Data    ZI Data      Debug   Library Name

      7226        406        329         16        348       5948   c_p.l
       404         16          0          0          0        904   cpprt_p.l
      5000        154        192          0          0       2252   fz_ps.l
       112         14          0          0          0         76   m_ps.l
      4736        886       1092         52        268       6552   mbed.ar

    ----------------------------------------------------------------------
     17506       1476       1616         68        616      15732   Library Totals

    ----------------------------------------------------------------------

==============================================================================


      Code (inc. data)   RO Data    RW Data    ZI Data      Debug   

     39648       3518       2456        552       6124     477825   Grand Totals
     39648       3518       2456         56       6124     477825   ELF Image Totals (compressed)
     39648       3518       2456         56          0          0   ROM Totals

==============================================================================

    Total RO  Size (Code + RO Data)                42104 (  41.12kB)
    Total RW  Size (RW Data + ZI Data)              6676 (   6.52kB)
    Total ROM Size (Code + RO Data + RW Data)      42160 (  41.17kB)

==============================================================================

