Component: ARM Compiler 5.05 (build 41) Tool: armlink [4d0eb9]

==============================================================================

Section Cross References

    main.o(.text) refers to main.o(i._ZN4mbed10DigitalOut5writeEi) for mbed::DigitalOut::write(int)
    main.o(.text) refers to wait_api.o(i.wait_us) for wait_us
    main.o(.text) refers to Timer.o(i._ZN4mbed5Timer4stopEv) for mbed::Timer::stop()
    main.o(.text) refers to Timer.o(i._ZN4mbed5Timer4readEv) for mbed::Timer::read()
    main.o(.text) refers to Timer.o(i._ZN4mbed5Timer5resetEv) for mbed::Timer::reset()
    main.o(.text) refers to Timer.o(i._ZN4mbed5Timer5startEv) for mbed::Timer::start()
    main.o(.text) refers to feqf.o(x$fpl$feqf) for __aeabi_cfcmpeq
    main.o(.text) refers to pid.o(.text) for PID::setInterval(float)
    main.o(.text) refers to fflti.o(.text) for __aeabi_i2f
    main.o(.text) refers to floorf.o(i.floorf) for floorf
    main.o(.text) refers to ffixi.o(.text) for __aeabi_f2iz
    main.o(.text) refers to main.o(i._ZN4mbed6PwmOut13pulsewidth_usEi) for mbed::PwmOut::pulsewidth_us(int)
    main.o(.text) refers to thread.o(.text) for rtos::Thread::wait(unsigned)
    main.o(.text) refers to analogin_api.o(i.analogin_read_u16) for analogin_read_u16
    main.o(.text) refers to main.o(i._ZN4mbed10DigitalOutaSEi) for mbed::DigitalOut::operator =(int)
    main.o(.text) refers to rt_memclr.o(.text) for __aeabi_memclr
    main.o(.text) refers to f2d.o(.text) for __aeabi_f2d
    main.o(.text) refers to drlef.o(x$fpl$drleqf) for __aeabi_cdrcmple
    main.o(.text) refers to dlef.o(x$fpl$dleqf) for __aeabi_cdcmple
    main.o(.text) refers to d2f.o(.text) for __aeabi_d2f
    main.o(.text) refers to daddsub.o(.text) for __aeabi_drsub
    main.o(.text) refers to pwmout_api.o(i.pwmout_write) for pwmout_write
    main.o(.text) refers to pwmout_api.o(i.pwmout_period_us) for pwmout_period_us
    main.o(.text) refers to InterruptIn.o(i._ZN4mbed11InterruptIn4fallEPFvvE) for mbed::InterruptIn::fall(void(*)())
    main.o(.text) refers to pwmout_api.o(i.pwmout_period_ms) for pwmout_period_ms
    main.o(.text) refers to deqf.o(x$fpl$deqf) for __aeabi_cdcmpeq
    main.o(.text) refers to dflti.o(.text) for __aeabi_i2d
    main.o(.text) refers to dmul.o(.text) for __aeabi_dmul
    main.o(.text) refers to ddiv.o(.text) for __aeabi_ddiv
    main.o(.text) refers to faddsub.o(x$fpl$fadd) for __aeabi_fadd
    main.o(.text) refers to main.o(.data) for max_bright
    main.o(.text) refers to main.o(.bss) for cam_si
    main.o(.text) refers to faddsub.o(x$fpl$fsub) for __aeabi_fsub
    main.o(.text) refers to main.o(t._ZN9telemetry7NumericIfEaSEf) for telemetry::Numeric<float>::operator =(float)
    main.o(.text) refers to wait_api.o(i.wait) for wait
    main.o(.text) refers to SerialBase.o(i._ZN4mbed10SerialBase4baudEi) for mbed::SerialBase::baud(int)
    main.o(.text) refers to telemetry.o(.text) for telemetry::Telemetry::transmit_header()
    main.o(.text) refers to Timer.o(i._ZN4mbed5Timer7read_msEv) for mbed::Timer::read_ms()
    main.o(.text) refers to main.o(i._ZN4mbed10DigitalOutC1E7PinName) for mbed::DigitalOut::DigitalOut(PinName)
    main.o(.text) refers to main.o(i._ZN4mbed6PwmOutC1E7PinName) for mbed::PwmOut::PwmOut(PinName)
    main.o(.text) refers to InterruptIn.o(i._ZN4mbed11InterruptInC1E7PinName) for mbed::InterruptIn::InterruptIn(PinName)
    main.o(.text) refers to aeabi_atexit.o(i.__aeabi_atexit) for __aeabi_atexit
    main.o(.text) refers to Timer.o(i._ZN4mbed5TimerC1Ev) for mbed::Timer::Timer()
    main.o(.text) refers to analogin_api.o(i.analogin_init) for analogin_init
    main.o(.text) refers to modserial.o(.text) for AjK::MODSERIAL::MODSERIAL(PinName, PinName, const char*)
    main.o(.text) refers to main.o(i._ZN9telemetry9TelemetryC1ERNS_12HalInterfaceE) for telemetry::Telemetry::Telemetry(telemetry::HalInterface&)
    main.o(.text) refers to main.o(i._ZN9telemetry4DataC2EPKcS2_S2_) for telemetry::Data::Data__sub_object(const char*, const char*, const char*)
    main.o(.text) refers to main.o(t._ZN9telemetry12NumericArrayItLj128EEC1ERNS_9TelemetryEPKcS5_S5_t) for telemetry::NumericArray<unsigned short, (unsigned)128>::NumericArray(telemetry::Telemetry&, const char*, const char*, const char*, unsigned short)
    main.o(.text) refers to main.o(t._ZN9telemetry7NumericIfEC1ERNS_9TelemetryEPKcS5_S5_f) for telemetry::Numeric<float>::Numeric(telemetry::Telemetry&, const char*, const char*, const char*, float)
    main.o(.text) refers to InterruptIn.o(i._ZN4mbed11InterruptInD1Ev) for mbed::InterruptIn::~InterruptIn()
    main.o(.text) refers to main.o(.constdata__ZTVN9telemetry12HalInterfaceE) for vtable for telemetry::HalInterface
    main.o(.text) refers to telemetry-mbed-hal.o(.constdata__ZTVN9telemetry7MbedHalE) for vtable for telemetry::MbedHal
    main.o(.text) refers to main.o(i._ZN9telemetry7MbedHalD1Ev) for telemetry::MbedHal::~MbedHal()
[...]
    AjK::MODSERIAL_callback::call(AjK::MODSERIAL_IRQ_INFO*) 0x00007723   Thumb Code    94  isr_rx.o(i._ZN3AjK18MODSERIAL_callback4callEPNS_18MODSERIAL_IRQ_INFOE)
    AjK::MODSERIAL_callback::MODSERIAL_callback() 0x00007781   Thumb Code    16  modserial.o(i._ZN3AjK18MODSERIAL_callbackC1Ev)
    AjK::MODSERIAL_callback::MODSERIAL_callback__sub_object() 0x00007781   Thumb Code     0  modserial.o(i._ZN3AjK18MODSERIAL_callbackC1Ev)
    AjK::MODSERIAL::_putc(int)               0x00007795   Thumb Code    18  modserial.o(i._ZN3AjK9MODSERIAL5_putcEi)
    AjK::MODSERIAL::isr_tx()                 0x000077a7   Thumb Code    14  init.o(i._ZN3AjK9MODSERIAL6isr_txEv)
    mbed::DigitalOut::write(int)             0x000077b5   Thumb Code    26  main.o(i._ZN4mbed10DigitalOut5writeEi)
    mbed::DigitalOut::DigitalOut(PinName)    0x000077cf   Thumb Code    20  main.o(i._ZN4mbed10DigitalOutC1E7PinName)
    mbed::DigitalOut::DigitalOut__sub_object(PinName) 0x000077cf   Thumb Code     0  main.o(i._ZN4mbed10DigitalOutC1E7PinName)
    mbed::DigitalOut::operator =(int)        0x000077e3   Thumb Code    18  main.o(i._ZN4mbed10DigitalOutaSEi)
    mbed::FileHandle::flen()                 0x000077f5   Thumb Code    58  retarget.o(i._ZN4mbed10FileHandle4flenEv)
    mbed::FileHandle::~FileHandle()          0x00007831   Thumb Code     0  retarget.o(i._ZN4mbed10FileHandleD2Ev)
    mbed::FileHandle::~FileHandle__sub_object() 0x00007831   Thumb Code    30  retarget.o(i._ZN4mbed10FileHandleD2Ev)
    mbed::SerialBase::_base_putc(int)        0x00007859   Thumb Code    12  SerialBase.o(i._ZN4mbed10SerialBase10_base_putcEi)
    mbed::SerialBase::_irq_handler(unsigned, SerialIrq) 0x00007865   Thumb Code    16  SerialBase.o(i._ZN4mbed10SerialBase12_irq_handlerEj9SerialIrq)
    mbed::SerialBase::baud(int)              0x00007875   Thumb Code    14  SerialBase.o(i._ZN4mbed10SerialBase4baudEi)
    mbed::SerialBase::SerialBase(PinName, PinName) 0x00007885   Thumb Code    52  SerialBase.o(i._ZN4mbed10SerialBaseC1E7PinNameS1_)
    mbed::SerialBase::SerialBase__sub_object(PinName, PinName) 0x00007885   Thumb Code     0  SerialBase.o(i._ZN4mbed10SerialBaseC1E7PinNameS1_)
    mbed::InterruptIn::_irq_handler(unsigned, gpio_irq_event) 0x000078c1   Thumb Code    26  InterruptIn.o(i._ZN4mbed11InterruptIn12_irq_handlerEj14gpio_irq_event)
    mbed::InterruptIn::fall(void(*)())       0x000078db   Thumb Code    32  InterruptIn.o(i._ZN4mbed11InterruptIn4fallEPFvvE)
    mbed::InterruptIn::InterruptIn(PinName)  0x000078fd   Thumb Code    54  InterruptIn.o(i._ZN4mbed11InterruptInC1E7PinName)
    mbed::InterruptIn::InterruptIn__sub_object(PinName) 0x000078fd   Thumb Code     0  InterruptIn.o(i._ZN4mbed11InterruptInC1E7PinName)
    mbed::InterruptIn::~InterruptIn()        0x0000793d   Thumb Code    20  InterruptIn.o(i._ZN4mbed11InterruptInD1Ev)
    mbed::InterruptIn::~InterruptIn__sub_object() 0x0000793d   Thumb Code     0  InterruptIn.o(i._ZN4mbed11InterruptInD1Ev)
    mbed::FunctionPointer::call()            0x00007955   Thumb Code    26  FunctionPointer.o(i._ZN4mbed15FunctionPointer4callEv)
    mbed::FunctionPointer::attach(void(*)()) 0x0000796f   Thumb Code     8  FunctionPointer.o(i._ZN4mbed15FunctionPointer6attachEPFvvE)
    mbed::FunctionPointer::FunctionPointer(void(*)()) 0x00007977   Thumb Code     8  FunctionPointer.o(i._ZN4mbed15FunctionPointerC1EPFvvE)
    mbed::FunctionPointer::FunctionPointer__sub_object(void(*)()) 0x00007977   Thumb Code     0  FunctionPointer.o(i._ZN4mbed15FunctionPointerC1EPFvvE)
    mbed::Timer::read()                      0x00007981   Thumb Code    18  Timer.o(i._ZN4mbed5Timer4readEv)
    mbed::Timer::stop()                      0x00007999   Thumb Code    20  Timer.o(i._ZN4mbed5Timer4stopEv)
    mbed::Timer::reset()                     0x000079ad   Thumb Code    16  Timer.o(i._ZN4mbed5Timer5resetEv)
    mbed::Timer::start()                     0x000079bd   Thumb Code    16  Timer.o(i._ZN4mbed5Timer5startEv)
    mbed::Timer::read_ms()                   0x000079cd   Thumb Code    16  Timer.o(i._ZN4mbed5Timer7read_msEv)
    mbed::Timer::read_us()                   0x000079dd   Thumb Code    14  Timer.o(i._ZN4mbed5Timer7read_usEv)
    mbed::Timer::slicetime()                 0x000079eb   Thumb Code    20  Timer.o(i._ZN4mbed5Timer9slicetimeEv)
    mbed::Timer::Timer()                     0x000079ff   Thumb Code    12  Timer.o(i._ZN4mbed5TimerC1Ev)
    mbed::Timer::Timer__sub_object()         0x000079ff   Thumb Code     0  Timer.o(i._ZN4mbed5TimerC1Ev)
    mbed::PwmOut::pulsewidth_us(int)         0x00007a0b   Thumb Code    16  main.o(i._ZN4mbed6PwmOut13pulsewidth_usEi)
    mbed::PwmOut::PwmOut(PinName)            0x00007a1b   Thumb Code    18  main.o(i._ZN4mbed6PwmOutC1E7PinName)
    mbed::PwmOut::PwmOut__sub_object(PinName) 0x00007a1b   Thumb Code     0  main.o(i._ZN4mbed6PwmOutC1E7PinName)
    mbed::Serial::_putc(int)                 0x00007a2d   Thumb Code    10  Serial.o(i._ZN4mbed6Serial5_putcEi)
    mbed::Serial::Serial(PinName, PinName, const char*) 0x00007a39   Thumb Code    28  Serial.o(i._ZN4mbed6SerialC1E7PinNameS1_PKc)
    mbed::Serial::Serial__sub_object(PinName, PinName, const char*) 0x00007a39   Thumb Code     0  Serial.o(i._ZN4mbed6SerialC1E7PinNameS1_PKc)
    mbed::Stream::flen()                     0x00007a59   Thumb Code     4  Stream.o(i._ZN4mbed6Stream4flenEv)
    mbed::Stream::putc(int)                  0x00007a5d   Thumb Code    22  Stream.o(i._ZN4mbed6Stream4putcEi)
    mbed::Stream::puts(const char*)          0x00007a73   Thumb Code    22  Stream.o(i._ZN4mbed6Stream4putsEPKc)
    mbed::Stream::close()                    0x00007a89   Thumb Code     4  Stream.o(i._ZN4mbed6Stream5closeEv)
    mbed::Stream::lseek(long, int)           0x00007a8d   Thumb Code     4  Stream.o(i._ZN4mbed6Stream5lseekEli)
    mbed::Stream::write(const void*, unsigned) 0x00007a91   Thumb Code    36  Stream.o(i._ZN4mbed6Stream5writeEPKvj)
    mbed::Stream::isatty()                   0x00007ab5   Thumb Code     4  Stream.o(i._ZN4mbed6Stream6isattyEv)
    mbed::Stream::Stream__sub_object(const char*) 0x00007ab9   Thumb Code    46  Stream.o(i._ZN4mbed6StreamC2EPKc)
    mbed::Stream::~Stream()                  0x00007af5   Thumb Code     0  Stream.o(i._ZN4mbed6StreamD2Ev)
    mbed::Stream::~Stream__sub_object()      0x00007af5   Thumb Code    26  Stream.o(i._ZN4mbed6StreamD2Ev)
    mbed::FileBase::getPathType()            0x00007b15   Thumb Code     4  FileBase.o(i._ZN4mbed8FileBase11getPathTypeEv)
    mbed::FileBase::lookup(const char*, unsigned) 0x00007b19   Thumb Code    54  FileBase.o(i._ZN4mbed8FileBase6lookupEPKcj)
    mbed::FileBase::FileBase(const char*, mbed::PathType) 0x00007b55   Thumb Code    28  FileBase.o(i._ZN4mbed8FileBaseC1EPKcNS_8PathTypeE)
    mbed::FileBase::FileBase__sub_object(const char*, mbed::PathType) 0x00007b55   Thumb Code     0  FileBase.o(i._ZN4mbed8FileBaseC1EPKcNS_8PathTypeE)
    mbed::FileBase::~FileBase()              0x00007b79   Thumb Code    38  FileBase.o(i._ZN4mbed8FileBaseD1Ev)
    mbed::FileBase::~FileBase__sub_object()  0x00007b79   Thumb Code     0  FileBase.o(i._ZN4mbed8FileBaseD1Ev)
    mbed::FileLike::FileLike__sub_object(const char*) 0x00007ba9   Thumb Code    24  FileLike.o(i._ZN4mbed8FileLikeC2EPKc)
    mbed::FileLike::~FileLike()              0x00007bc9   Thumb Code     0  FileLike.o(i._ZN4mbed8FileLikeD2Ev)
    mbed::FileLike::~FileLike__sub_object()  0x00007bc9   Thumb Code    16  FileLike.o(i._ZN4mbed8FileLikeD2Ev)
    mbed::FilePath::fileSystem()             0x00007bd9   Thumb Code    16  FilePath.o(i._ZN4mbed8FilePath10fileSystemEv)
    mbed::FilePath::isFileSystem()           0x00007be9   Thumb Code    20  FilePath.o(i._ZN4mbed8FilePath12isFileSystemEv)
    mbed::FilePath::file()                   0x00007bfd   Thumb Code    22  FilePath.o(i._ZN4mbed8FilePath4fileEv)
    mbed::FilePath::exists()                 0x00007c13   Thumb Code    10  FilePath.o(i._ZN4mbed8FilePath6existsEv)
    mbed::FilePath::isFile()                 0x00007c1d   Thumb Code    24  FilePath.o(i._ZN4mbed8FilePath6isFileEv)
    mbed::FilePath::fileName()               0x00007c35   Thumb Code     4  FilePath.o(i._ZN4mbed8FilePath8fileNameEv)
    mbed::FilePath::FilePath(const char*)    0x00007c39   Thumb Code    66  FilePath.o(i._ZN4mbed8FilePathC1EPKc)
    mbed::FilePath::FilePath__sub_object(const char*) 0x00007c39   Thumb Code     0  FilePath.o(i._ZN4mbed8FilePathC1EPKc)
    telemetry::NumericArray<unsigned short, (unsigned)128>::~NumericArray() 0x00007c7b   Thumb Code     4  main.o(i._ZN9telemetry12NumericArrayItLj128EED1Ev)
    telemetry::NumericArray<unsigned short, (unsigned)128>::~NumericArray__sub_object() 0x00007c7b   Thumb Code     0  main.o(i._ZN9telemetry12NumericArrayItLj128EED1Ev)
    telemetry::FixedLengthTransmitPacket::~FixedLengthTransmitPacket() 0x00007c7f   Thumb Code     4  packet.o(i._ZN9telemetry25FixedLengthTransmitPacketD1Ev)
    telemetry::FixedLengthTransmitPacket::~FixedLengthTransmitPacket__sub_object() 0x00007c7f   Thumb Code     0  packet.o(i._ZN9telemetry25FixedLengthTransmitPacketD1Ev)
    telemetry::Data::Data__sub_object(const char*, const char*, const char*) 0x00007c85   Thumb Code    14  main.o(i._ZN9telemetry4DataC2EPKcS2_S2_)
    telemetry::MbedHal::~MbedHal()           0x00007c99   Thumb Code     4  main.o(i._ZN9telemetry7MbedHalD1Ev)
    telemetry::MbedHal::~MbedHal__sub_object() 0x00007c99   Thumb Code     0  main.o(i._ZN9telemetry7MbedHalD1Ev)
    telemetry::Numeric<float>::~Numeric()    0x00007c9d   Thumb Code     4  main.o(i._ZN9telemetry7NumericIfED1Ev)
    telemetry::Numeric<float>::~Numeric__sub_object() 0x00007c9d   Thumb Code     0  main.o(i._ZN9telemetry7NumericIfED1Ev)
    telemetry::Numeric<unsigned>::~Numeric() 0x00007ca1   Thumb Code     4  main.o(i._ZN9telemetry7NumericIjED1Ev)
    telemetry::Numeric<unsigned>::~Numeric__sub_object() 0x00007ca1   Thumb Code     0  main.o(i._ZN9telemetry7NumericIjED1Ev)
    telemetry::Telemetry::do_error(const char*) 0x00007ca5   Thumb Code    18  telemetry.o(i._ZN9telemetry9Telemetry8do_errorEPKc)
    telemetry::Telemetry::Telemetry(telemetry::HalInterface&) 0x00007cb7   Thumb Code   118  main.o(i._ZN9telemetry9TelemetryC1ERNS_12HalInterfaceE)
    telemetry::Telemetry::Telemetry__sub_object(telemetry::HalInterface&) 0x00007cb7   Thumb Code     0  main.o(i._ZN9telemetry9TelemetryC1ERNS_12HalInterfaceE)
    operator delete[] (void*)                0x00007d2d   Thumb Code     8  array_del.o(i._ZdaPv)
    operator delete (void*)                  0x00007d35   Thumb Code     8  delete.o(i._ZdlPv)
    operator new[] (unsigned)                0x00007d3d   Thumb Code     8  array_new.o(i._Znaj)
    operator new(unsigned)                   0x00007d45   Thumb Code    36  new.o(i._Znwj)
    __ARM_common_switch8                     0x00007d6d   Thumb Code    26  system_MKL25Z4.o(i.__ARM_common_switch8)
    __aeabi_atexit                           0x00007d87   Thumb Code    44  aeabi_atexit.o(i.__aeabi_atexit)
    __aeabi_vec_ctor_nocookie_nodtor         0x00007db3   Thumb Code    34  aeabi_vec_ctor_nocookie_nodtor.o(i.__aeabi_vec_ctor_nocookie_nodtor)
    __cxa_finalize                           0x00007dd5   Thumb Code    66  cxa_finalize.o(i.__cxa_finalize)
    __cxa_pure_virtual                       0x00007e17   Thumb Code    10  pure_virt.o(i.__cxa_pure_virtual)
    __user_setup_stackheap                   0x00007e21   Thumb Code    10  sys.o(i.__user_setup_stackheap)
    _is_digit                                0x00007e31   Thumb Code    14  __printf_wp.o(i._is_digit)
    _sys_close                               0x00007e41   Thumb Code    38  retarget.o(i._sys_close)
    _sys_flen                                0x00007e6d   Thumb Code    34  retarget.o(i._sys_flen)
    _sys_istty                               0x00007e95   Thumb Code    34  retarget.o(i._sys_istty)
    _sys_open                                0x00007ebd   Thumb Code   244  retarget.o(i._sys_open)
    _sys_seek                                0x00007fbd   Thumb Code    36  retarget.o(i._sys_seek)
    _sys_write                               0x00007fe5   Thumb Code    76  retarget.o(i._sys_write)
    analogin_init                            0x0000803d   Thumb Code   166  analogin_api.o(i.analogin_init)
    analogin_read_u16                        0x00008115   Thumb Code    22  analogin_api.o(i.analogin_read_u16)
    exit                                     0x00008131   Thumb Code    24  exit.o(i.exit)
    floorf                                   0x00008205   Thumb Code    98  floorf.o(i.floorf)
    _fputc$unlocked                          0x00008275   Thumb Code    30  fputc.o(i.fputc)
    gpio_dir                                 0x00008293   Thumb Code    30  gpio_api.o(i.gpio_dir)
    gpio_init                                0x000082b1   Thumb Code    76  gpio_api.o(i.gpio_init)
    gpio_irqA                                0x00008301   Thumb Code    12  gpio_irq_api.o(i.gpio_irqA)
    gpio_irqD                                0x00008311   Thumb Code    12  gpio_irq_api.o(i.gpio_irqD)
    gpio_irq_free                            0x00008321   Thumb Code    12  gpio_irq_api.o(i.gpio_irq_free)
    gpio_irq_init                            0x00008331   Thumb Code    96  gpio_irq_api.o(i.gpio_irq_init)
    gpio_irq_set                             0x000083d5   Thumb Code   128  gpio_irq_api.o(i.gpio_irq_set)
    gpio_set                                 0x0000845d   Thumb Code    20  gpio_api.o(i.gpio_set)
    mbed_die                                 0x000085f5   Thumb Code    42  board.o(i.mbed_die)
    mbed_interface_connected                 0x00008625   Thumb Code     8  mbed_interface.o(i.mbed_interface_connected)
    mbed_main                                0x0000862d   Thumb Code     2  retarget.o(i.mbed_main)
    pin_function                             0x00008631   Thumb Code    54  pinmap.o(i.pin_function)
    pin_mode                                 0x00008671   Thumb Code    20  pinmap.o(i.pin_mode)
    pinmap_find_peripheral                   0x00008689   Thumb Code    24  pinmap_common.o(i.pinmap_find_peripheral)
    pinmap_merge                             0x000086a1   Thumb Code    32  pinmap_common.o(i.pinmap_merge)
    pinmap_peripheral                        0x000086d9   Thumb Code    36  pinmap_common.o(i.pinmap_peripheral)
    pinmap_pinout                            0x00008721   Thumb Code    56  pinmap_common.o(i.pinmap_pinout)
    pwmout_init                              0x00008771   Thumb Code   188  pwmout_api.o(i.pwmout_init)
    pwmout_period_ms                         0x00008869   Thumb Code    14  pwmout_api.o(i.pwmout_period_ms)
    pwmout_period_us                         0x00008879   Thumb Code    44  pwmout_api.o(i.pwmout_period_us)
    pwmout_pulsewidth_us                     0x000088a9   Thumb Code    28  pwmout_api.o(i.pwmout_pulsewidth_us)
    pwmout_read                              0x000088c9   Thumb Code    52  pwmout_api.o(i.pwmout_read)
    pwmout_write                             0x00008901   Thumb Code    56  pwmout_api.o(i.pwmout_write)
    semihost_connected                       0x0000893d   Thumb Code     6  semihost_api.o(i.semihost_connected)
    semihost_exit                            0x00008949   Thumb Code    12  semihost_api.o(i.semihost_exit)
    serial_baud                              0x00008955   Thumb Code    88  serial_api.o(i.serial_baud)
    serial_format                            0x000089b9   Thumb Code   186  serial_api.o(i.serial_format)
    serial_init                              0x00008b2d   Thumb Code   266  serial_api.o(i.serial_init)
    serial_irq_handler                       0x00008c79   Thumb Code    14  serial_api.o(i.serial_irq_handler)
    serial_irq_set                           0x00008c91   Thumb Code   162  serial_api.o(i.serial_irq_set)
    serial_putc                              0x00008d49   Thumb Code    22  serial_api.o(i.serial_putc)
    serial_writable                          0x00008d5f   Thumb Code    26  serial_api.o(i.serial_writable)
    uart0_irq                                0x00008d79   Thumb Code    28  serial_api.o(i.uart0_irq)
    uart1_irq                                0x00008d99   Thumb Code    14  serial_api.o(i.uart1_irq)
    uart2_irq                                0x00008dad   Thumb Code    14  serial_api.o(i.uart2_irq)
    us_ticker_clear_interrupt                0x00008df1   Thumb Code     2  us_ticker.o(i.us_ticker_clear_interrupt)
    us_ticker_disable_interrupt              0x00008df5   Thumb Code    12  us_ticker.o(i.us_ticker_disable_interrupt)
    us_ticker_init                           0x00008e05   Thumb Code    84  us_ticker.o(i.us_ticker_init)
    us_ticker_irq_handler                    0x00008e71   Thumb Code    58  us_ticker_api.o(i.us_ticker_irq_handler)
    us_ticker_read                           0x00008eb1   Thumb Code    22  us_ticker.o(i.us_ticker_read)
    us_ticker_set_interrupt                  0x00008ed1   Thumb Code    58  us_ticker.o(i.us_ticker_set_interrupt)
    wait                                     0x00008f15   Thumb Code    18  wait_api.o(i.wait)
    wait_ms                                  0x00008f2d   Thumb Code    14  wait_api.o(i.wait_ms)
    wait_us                                  0x00008f3b   Thumb Code    22  wait_api.o(i.wait_us)
    _get_lc_ctype                            0x00008f51   Thumb Code    44  lc_ctype_c.o(locale$$code)
    void mbed::SerialBase::attach<AjK::MODSERIAL>(T1*, void(T1::*)(), mbed::SerialBase::IrqType) 0x00008f7d   Thumb Code   110  init.o(t._ZN4mbed10SerialBase6attachIN3AjK9MODSERIALEEEvPT_MS4_FvvENS0_7IrqTypeE)
    void mbed::FunctionPointer::membercaller<AjK::MODSERIAL>(void*, char*) 0x00008ff1   Thumb Code    80  init.o(t._ZN4mbed15FunctionPointer12membercallerIN3AjK9MODSERIALEEEvPvPc)
    telemetry::NumericArray<unsigned short, (unsigned)128>::get_data_type() 0x00009041   Thumb Code     6  main.o(t._ZN9telemetry12NumericArrayItLj128EE13get_data_typeEv)
    telemetry::NumericArray<unsigned short, (unsigned)128>::write_payload(telemetry::TransmitPacket&) 0x00009047   Thumb Code    34  main.o(t._ZN9telemetry12NumericArrayItLj128EE13write_payloadERNS_14TransmitPacketE)
    telemetry::NumericArray<unsigned short, (unsigned)128>::serialize_data(unsigned short, telemetry::TransmitPacket&) 0x00009069   Thumb Code    22  main.o(t._ZN9telemetry12NumericArrayItLj128EE14serialize_dataEtRNS_14TransmitPacketE)
    telemetry::NumericArray<unsigned short, (unsigned)128>::set_from_packet(telemetry::ReceivePacketBuffer&) 0x0000907f   Thumb Code    46  main.o(t._ZN9telemetry12NumericArrayItLj128EE15set_from_packetERNS_19ReceivePacketBufferE)
    telemetry::NumericArray<unsigned short, (unsigned)128>::write_header_kvrs(telemetry::TransmitPacket&) 0x000090ad   Thumb Code   122  main.o(t._ZN9telemetry12NumericArrayItLj128EE17write_header_kvrsERNS_14TransmitPacketE)
    telemetry::NumericArray<unsigned short, (unsigned)128>::get_payload_length() 0x00009127   Thumb Code     8  main.o(t._ZN9telemetry12NumericArrayItLj128EE18get_payload_lengthEv)
    telemetry::NumericArray<unsigned short, (unsigned)128>::get_header_kvrs_length() 0x0000912f   Thumb Code    14  main.o(t._ZN9telemetry12NumericArrayItLj128EE22get_header_kvrs_lengthEv)
    telemetry::NumericArray<unsigned short, (unsigned)128>::NumericArray(telemetry::Telemetry&, const char*, const char*, const char*, unsigned short) 0x0000913d   Thumb Code    76  main.o(t._ZN9telemetry12NumericArrayItLj128EEC1ERNS_9TelemetryEPKcS5_S5_t)
    telemetry::NumericArray<unsigned short, (unsigned)128>::NumericArray__sub_object(telemetry::Telemetry&, const char*, const char*, const char*, unsigned short) 0x0000913d   Thumb Code     0  main.o(t._ZN9telemetry12NumericArrayItLj128EEC1ERNS_9TelemetryEPKcS5_S5_t)
    telemetry::Queue<unsigned char, (unsigned)256>::enqueue(const unsigned char&) 0x0000918d   Thumb Code   130  telemetry.o(t._ZN9telemetry5QueueIhLj256EE7enqueueERKh)
    telemetry::Numeric<float>::get_data_type() 0x0000920f   Thumb Code     6  main.o(t._ZN9telemetry7NumericIfE13get_data_typeEv)
    telemetry::Numeric<float>::write_payload(telemetry::TransmitPacket&) 0x00009215   Thumb Code    18  main.o(t._ZN9telemetry7NumericIfE13write_payloadERNS_14TransmitPacketE)
    telemetry::Numeric<float>::serialize_data(float, telemetry::TransmitPacket&) 0x00009227   Thumb Code    22  main.o(t._ZN9telemetry7NumericIfE14serialize_dataEfRNS_14TransmitPacketE)
    telemetry::Numeric<float>::set_from_packet(telemetry::ReceivePacketBuffer&) 0x0000923d   Thumb Code    30  main.o(t._ZN9telemetry7NumericIfE15set_from_packetERNS_19ReceivePacketBufferE)
    telemetry::Numeric<float>::write_header_kvrs(telemetry::TransmitPacket&) 0x0000925b   Thumb Code    94  main.o(t._ZN9telemetry7NumericIfE17write_header_kvrsERNS_14TransmitPacketE)
    telemetry::Numeric<float>::get_payload_length() 0x000092b9   Thumb Code     6  main.o(t._ZN9telemetry7NumericIfE18get_payload_lengthEv)
    telemetry::Numeric<float>::get_header_kvrs_length() 0x000092bf   Thumb Code    14  main.o(t._ZN9telemetry7NumericIfE22get_header_kvrs_lengthEv)
    telemetry::Numeric<float>::Numeric(telemetry::Telemetry&, const char*, const char*, const char*, float) 0x000092cd   Thumb Code    54  main.o(t._ZN9telemetry7NumericIfEC1ERNS_9TelemetryEPKcS5_S5_f)
    telemetry::Numeric<float>::Numeric__sub_object(telemetry::Telemetry&, const char*, const char*, const char*, float) 0x000092cd   Thumb Code     0  main.o(t._ZN9telemetry7NumericIfEC1ERNS_9TelemetryEPKcS5_S5_f)
    telemetry::Numeric<float>::operator =(float) 0x00009309   Thumb Code    20  main.o(t._ZN9telemetry7NumericIfEaSEf)
    telemetry::Numeric<unsigned>::get_data_type() 0x0000931d   Thumb Code     6  main.o(t._ZN9telemetry7NumericIjE13get_data_typeEv)
    telemetry::Numeric<unsigned>::write_payload(telemetry::TransmitPacket&) 0x00009323   Thumb Code    18  main.o(t._ZN9telemetry7NumericIjE13write_payloadERNS_14TransmitPacketE)
    telemetry::Numeric<unsigned>::serialize_data(unsigned, telemetry::TransmitPacket&) 0x00009335   Thumb Code    22  main.o(t._ZN9telemetry7NumericIjE14serialize_dataEjRNS_14TransmitPacketE)
    telemetry::Numeric<unsigned>::set_from_packet(telemetry::ReceivePacketBuffer&) 0x0000934b   Thumb Code    30  main.o(t._ZN9telemetry7NumericIjE15set_from_packetERNS_19ReceivePacketBufferE)
    telemetry::Numeric<unsigned>::write_header_kvrs(telemetry::TransmitPacket&) 0x00009369   Thumb Code    94  main.o(t._ZN9telemetry7NumericIjE17write_header_kvrsERNS_14TransmitPacketE)
    telemetry::Numeric<unsigned>::get_payload_length() 0x000093c7   Thumb Code     6  main.o(t._ZN9telemetry7NumericIjE18get_payload_lengthEv)
    telemetry::Numeric<unsigned>::get_header_kvrs_length() 0x000093cd   Thumb Code    14  main.o(t._ZN9telemetry7NumericIjE22get_header_kvrs_lengthEv)
    telemetry::Queue<unsigned char, (unsigned)256>::empty() const 0x000093db   Thumb Code    24  telemetry.o(t._ZNK9telemetry5QueueIhLj256EE5emptyEv)
    __aeabi_cdcmpeq                          0x000093f5   Thumb Code     0  deqf.o(x$fpl$deqf)
    _dcmpeq                                  0x000093f5   Thumb Code    94  deqf.o(x$fpl$deqf)
    __aeabi_cdcmple                          0x00009459   Thumb Code     0  dlef.o(x$fpl$dleqf)
    _dcmple                                  0x00009459   Thumb Code    94  dlef.o(x$fpl$dleqf)
    __aeabi_cdrcmple                         0x000094bd   Thumb Code     0  drlef.o(x$fpl$drleqf)
    _drcmple                                 0x000094bd   Thumb Code   100  drlef.o(x$fpl$drleqf)
    __aeabi_fadd                             0x00009525   Thumb Code     0  faddsub.o(x$fpl$fadd)
    _fadd                                    0x00009525   Thumb Code   134  faddsub.o(x$fpl$fadd)
    __aeabi_cfcmpeq                          0x000095b1   Thumb Code     0  feqf.o(x$fpl$feqf)
    _fcmpeq                                  0x000095b1   Thumb Code    78  feqf.o(x$fpl$feqf)
    __aeabi_cfcmple                          0x00009605   Thumb Code     0  flef.o(x$fpl$fleqf)
    _fcmple                                  0x00009605   Thumb Code    78  flef.o(x$fpl$fleqf)
    __aeabi_fmul                             0x00009659   Thumb Code     0  fmul.o(x$fpl$fmul)
    _fmul                                    0x00009659   Thumb Code   172  fmul.o(x$fpl$fmul)
    __aeabi_cfrcmple                         0x00009709   Thumb Code     0  frlef.o(x$fpl$frleqf)
    _frcmple                                 0x00009709   Thumb Code    84  frlef.o(x$fpl$frleqf)
    __aeabi_fsub                             0x00009761   Thumb Code     0  faddsub.o(x$fpl$fsub)
    _fsub                                    0x00009761   Thumb Code   204  faddsub.o(x$fpl$fsub)
    __I$use$fp                               0x00009830   Number         0  usenofp.o(x$fpl$usenofp)
    os_maxtaskrun                            0x00009834   Data           2  rtx_conf_cm.o(.constdata)
    os_rrobin                                0x00009838   Data           4  rtx_conf_cm.o(.constdata)
    os_trv                                   0x0000983c   Data           4  rtx_conf_cm.o(.constdata)
    os_flags                                 0x00009840   Data           1  rtx_conf_cm.o(.constdata)
    os_clockrate                             0x00009844   Data           4  rtx_conf_cm.o(.constdata)
    os_timernum                              0x00009848   Data           4  rtx_conf_cm.o(.constdata)
    idle_task_stack_size                     0x0000984c   Data           2  rtx_conf_cm.o(.constdata)
    os_fifo_size                             0x0000984e   Data           1  rtx_conf_cm.o(.constdata)
    __stdin_name                             0x0000984f   Data           7  retarget.o(.constdata)
    __stdout_name                            0x00009856   Data           8  retarget.o(.constdata)
    __stderr_name                            0x0000985e   Data           8  retarget.o(.constdata)
    vtable for AjK::MODSERIAL                0x00009cc4   Data          68  modserial.o(.constdata__ZTVN3AjK9MODSERIALE)
    vtable for mbed::FileHandle              0x00009d08   Data          44  retarget.o(.constdata__ZTVN4mbed10FileHandleE)
    vtable for mbed::InterruptIn             0x00009d34   Data          16  InterruptIn.o(.constdata__ZTVN4mbed11InterruptInE)
    vtable for mbed::Serial                  0x00009d44   Data          68  Serial.o(.constdata__ZTVN4mbed6SerialE)
    vtable for mbed::Stream                  0x00009d88   Data          68  Stream.o(.constdata__ZTVN4mbed6StreamE)
    vtable for mbed::FileBase                0x00009dcc   Data          16  FileBase.o(.constdata__ZTVN4mbed8FileBaseE)
    vtable for mbed::FileLike                0x00009ddc   Data          60  FileLike.o(.constdata__ZTVN4mbed8FileLikeE)
    vtable for rtos::Thread                  0x00009e18   Data          16  thread.o(.constdata__ZTVN4rtos6ThreadE)
    vtable for telemetry::HalInterface       0x00009e28   Data          36  main.o(.constdata__ZTVN9telemetry12HalInterfaceE)
    vtable for telemetry::NumericArray<unsigned short, (unsigned)128> 0x00009e4c   Data          40  main.o(.constdata__ZTVN9telemetry12NumericArrayItLj128EEE)
    vtable for telemetry::TransmitPacket     0x00009e74   Data          36  packet.o(.constdata__ZTVN9telemetry14TransmitPacketE)
    vtable for telemetry::FixedLengthTransmitPacket 0x00009e98   Data          36  packet.o(.constdata__ZTVN9telemetry25FixedLengthTransmitPacketE)
    vtable for telemetry::Data               0x00009ebc   Data          40  telemetry-data.o(.constdata__ZTVN9telemetry4DataE)
    vtable for telemetry::MbedHal            0x00009ee4   Data          36  telemetry-mbed-hal.o(.constdata__ZTVN9telemetry7MbedHalE)
    vtable for telemetry::Numeric<float>     0x00009f08   Data          40  main.o(.constdata__ZTVN9telemetry7NumericIfEE)
    vtable for telemetry::Numeric<unsigned>  0x00009f30   Data          40  main.o(.constdata__ZTVN9telemetry7NumericIjEE)
    Region$$Table$$Base                      0x00009fac   Number         0  anon$$obj.o(Region$$Table)
    Region$$Table$$Limit                     0x00009fcc   Number         0  anon$$obj.o(Region$$Table)
    __ctype                                  0x00009fd9   Data           0  lc_ctype_c.o(locale$$data)
    SHT$$INIT_ARRAY$$Base                    0x0000a0dc   Number         0  main.o(.init_array)
    SHT$$INIT_ARRAY$$Limit                   0x0000a0e0   Number         0  init_aeabi.o(.init_array)
    des_spd                                  0x1ffff0c8   Data           4  main.o(.data)
    numC                                     0x1ffff0cc   Data           4  main.o(.data)
    tot_err                                  0x1ffff0d0   Data           8  main.o(.data)
    prev_center                              0x1ffff0d8   Data           2  main.o(.data)
    cam                                      0x1ffff0da   Data           1  main.o(.data)
    cam_clk_count                            0x1ffff0dc   Data           4  main.o(.data)
    clk_qt                                   0x1ffff0e0   Data           4  main.o(.data)
    center                                   0x1ffff0e4   Data           2  main.o(.data)
    line                                     0x1ffff0e6   Data           2  main.o(.data)
    cam_clk_half_period                      0x1ffff0e8   Data           4  main.o(.data)
    max_bright                               0x1ffff0ec   Data           2  main.o(.data)
    os_initialized                           0x1ffff0f0   Data           1  rt_cmsis.o(.data)
    os_running                               0x1ffff0f1   Data           1  rt_cmsis.o(.data)
    os_timer_head                            0x1ffff0f4   Data           4  rt_cmsis.o(.data)
    os_robin                                 0x1ffff0f8   Data           8  rt_robin.o(.data)
    os_tick_irqn                             0x1ffff100   Data           4  rt_system.o(.data)
    os_tsk                                   0x1ffff108   Data           8  rt_task.o(.data)
    os_thread_def_osTimerThread              0x1ffff110   Data         160  rtx_conf_cm.o(.data)
    osThreadId_osTimerThread                 0x1ffff1b0   Data           4  rtx_conf_cm.o(.data)
    os_messageQ_def_osTimerMessageQ          0x1ffff1b4   Data           8  rtx_conf_cm.o(.data)
    osMessageQId_osTimerMessageQ             0x1ffff1bc   Data           4  rtx_conf_cm.o(.data)
    os_thread_def_main                       0x1ffff1c4   Data         160  rtx_conf_cm.o(.data)
    os_time                                  0x1ffff264   Data           4  rt_time.o(.data)
    SystemCoreClock                          0x1ffff288   Data           4  system_MKL25Z4.o(.data)
    stdio_uart_inited                        0x1ffff290   Data           4  serial_api.o(.data)
    stdio_uart                               0x1ffff298   Data           8  serial_api.o(.data)
    mbed::FileBase::_head                    0x1ffff2b4   Data           4  FileBase.o(.data)
    __aeabi_stdin                            0x1ffff2c0   Data           4  stdio_streams.o(.data)
    __aeabi_stdout                           0x1ffff2c4   Data           4  stdio_streams.o(.data)
    __aeabi_stderr                           0x1ffff2c8   Data           4  stdio_streams.o(.data)
    _stream_list_lock                        0x1ffff2cc   Data           4  streamlock.o(.data)
    led_green                                0x1ffff2d0   Data          24  main.o(.bss)
    led_red                                  0x1ffff2e8   Data          24  main.o(.bss)
    led_blue                                 0x1ffff300   Data          24  main.o(.bss)
    motor_en                                 0x1ffff318   Data          12  main.o(.bss)
    motor_dir                                0x1ffff324   Data          24  main.o(.bss)
    motor_br                                 0x1ffff33c   Data          24  main.o(.bss)
    motor_speed                              0x1ffff354   Data          96  main.o(.bss)
    velocity_timer                           0x1ffff3b4   Data          12  main.o(.bss)
    curr_spd                                 0x1ffff3c0   Data          12  main.o(.bss)
    steer                                    0x1ffff3cc   Data          12  main.o(.bss)
    s_pid                                    0x1ffff3d8   Data          88  main.o(.bss)
    s_timer                                  0x1ffff430   Data          12  main.o(.bss)
    cam_si                                   0x1ffff43c   Data          24  main.o(.bss)
    cam_clk                                  0x1ffff454   Data          24  main.o(.bss)
    cam_data                                 0x1ffff46c   Data         256  main.o(.bss)
    serial                                   0x1ffff56c   Data         256  main.o(.bss)
    telemetry_serial                         0x1ffff66c   Data         256  main.o(.bss)
    tele_timer                               0x1ffff76c   Data          12  main.o(.bss)
    telemetry_hal                            0x1ffff778   Data          20  main.o(.bss)
    telemetry_obj                            0x1ffff78c   Data         656  main.o(.bss)
    tele_time_ms                             0x1ffffa1c   Data          36  main.o(.bss)
    tele_linescan                            0x1ffffa40   Data         284  main.o(.bss)
    tele_det_speed                           0x1ffffb5c   Data          36  main.o(.bss)
    tele_out_pwm                             0x1ffffb80   Data          36  main.o(.bss)
    os_rdy                                   0x1ffffba4   Data          24  rt_list.o(.bss)
    os_dly                                   0x1ffffbbc   Data          24  rt_list.o(.bss)
    os_idle_TCB                              0x1ffffbd4   Data         144  rt_task.o(.bss)
    idle_task_stack                          0x1ffffc64   Data         512  rtx_conf_cm.o(.bss)
    os_fifo                                  0x1ffffe64   Data         132  rtx_conf_cm.o(.bss)
    os_active_TCB                            0x1ffffee8   Data          28  rtx_conf_cm.o(.bss)
    os_thread_def_stack_osTimerThread        0x1fffff04   Data        2048  rtx_conf_cm.o(.bss)
    os_messageQ_q_osTimerMessageQ            0x20000704   Data          32  rtx_conf_cm.o(.bss)
    __libspace_start                         0x20000900   Data          96  libspace.o(.bss)
    __stdin                                  0x20000960   Data          84  stdio_streams.o(.bss)
    __temporary_stack_top$libspace           0x20000960   Data           0  libspace.o(.bss)
    __stdout                                 0x200009b4   Data          84  stdio_streams.o(.bss)
    __stderr                                 0x20000a08   Data          84  stdio_streams.o(.bss)
    Image$$RW_IRAM1$$ZI$$Limit               0x20000a5c   Number         0  anon$$obj.o ABSOLUTE



==============================================================================

Memory Map of the image

  Image Entry point : 0x000000c1

  Load Region LR_IROM1 (Base: 0x00000000, Size: 0x0000a2f0, Max: 0x00020000, ABSOLUTE, COMPRESSED[0x0000a110])

    Execution Region ER_IROM1 (Base: 0x00000000, Size: 0x0000a0e0, Max: 0x00020000, ABSOLUTE)

    Base Addr    Size         Type   Attr      Idx    E Section Name        Object

    0x00000000   0x000000c0   Data   RO         2125    RESET               startup_MKL25Z4.o
    0x000000c0   0x00000008   Code   RO         3012  * !!!main             c_p.l(__main.o)
    0x000000c8   0x0000003c   Code   RO         3730    !!!scatter          c_p.l(__scatter.o)
    0x00000104   0x0000001c   Code   RO         3732    !!handler_zi        c_p.l(__scatter_zi.o)
    0x00000120   0x00000002   Code   RO         2941    .ARM.Collect$$_printf_percent$$00000000  c_p.l(_printf_percent.o)
    0x00000122   0x0000000a   Code   RO         2939    .ARM.Collect$$_printf_percent$$00000002  c_p.l(_printf_p.o)
    0x0000012c   0x0000000a   Code   RO         2940    .ARM.Collect$$_printf_percent$$00000009  c_p.l(_printf_d.o)
    0x00000136   0x0000000a   Code   RO         2938    .ARM.Collect$$_printf_percent$$00000014  c_p.l(_printf_s.o)
    0x00000140   0x00000004   Code   RO         3279    .ARM.Collect$$_printf_percent$$00000017  c_p.l(_printf_percent_end.o)
    0x00000144   0x00000002   Code   RO         3011    .ARM.Collect$$libinit$$00000000  c_p.l(libinit.o)
    0x00000146   0x00000000   Code   RO         3333    .ARM.Collect$$libinit$$00000002  c_p.l(libinit2.o)
    0x00000146   0x00000000   Code   RO         3335    .ARM.Collect$$libinit$$00000004  c_p.l(libinit2.o)
    0x00000146   0x00000008   Code   RO         3336    .ARM.Collect$$libinit$$00000005  c_p.l(libinit2.o)
    0x0000014e   0x00000000   Code   RO         3338    .ARM.Collect$$libinit$$0000000A  c_p.l(libinit2.o)
    0x0000014e   0x00000000   Code   RO         3340    .ARM.Collect$$libinit$$0000000C  c_p.l(libinit2.o)
    0x0000014e   0x00000000   Code   RO         3342    .ARM.Collect$$libinit$$0000000E  c_p.l(libinit2.o)
    0x0000014e   0x00000006   Code   RO         3343    .ARM.Collect$$libinit$$0000000F  c_p.l(libinit2.o)
    0x00000154   0x00000000   Code   RO         3345    .ARM.Collect$$libinit$$00000011  c_p.l(libinit2.o)
    0x00000154   0x0000000c   Code   RO         3346    .ARM.Collect$$libinit$$00000012  c_p.l(libinit2.o)
    0x00000160   0x00000000   Code   RO         3347    .ARM.Collect$$libinit$$00000013  c_p.l(libinit2.o)
    0x00000160   0x00000000   Code   RO         3349    .ARM.Collect$$libinit$$00000015  c_p.l(libinit2.o)
    0x00000160   0x00000000   Code   RO         3351    .ARM.Collect$$libinit$$00000017  c_p.l(libinit2.o)
    0x00000160   0x00000000   Code   RO         3353    .ARM.Collect$$libinit$$00000019  c_p.l(libinit2.o)
    0x00000160   0x00000000   Code   RO         3355    .ARM.Collect$$libinit$$0000001B  c_p.l(libinit2.o)
    0x00000160   0x00000000   Code   RO         3357    .ARM.Collect$$libinit$$0000001D  c_p.l(libinit2.o)
    0x00000160   0x00000000   Code   RO         3359    .ARM.Collect$$libinit$$0000001F  c_p.l(libinit2.o)
    0x00000160   0x00000000   Code   RO         3361    .ARM.Collect$$libinit$$00000021  c_p.l(libinit2.o)
    0x00000160   0x00000000   Code   RO         3363    .ARM.Collect$$libinit$$00000023  c_p.l(libinit2.o)
    0x00000160   0x00000004   Code   RO         3364    .ARM.Collect$$libinit$$00000024  c_p.l(libinit2.o)
    0x00000164   0x00000000   Code   RO         3365    .ARM.Collect$$libinit$$00000025  c_p.l(libinit2.o)
    0x00000164   0x00000000   Code   RO         3369    .ARM.Collect$$libinit$$0000002C  c_p.l(libinit2.o)
    0x00000164   0x00000000   Code   RO         3371    .ARM.Collect$$libinit$$0000002E  c_p.l(libinit2.o)
    0x00000164   0x00000000   Code   RO         3373    .ARM.Collect$$libinit$$00000030  c_p.l(libinit2.o)
    0x00000164   0x00000004   Code   RO         3374    .ARM.Collect$$libinit$$00000031  c_p.l(libinit2.o)
    0x00000168   0x00000000   Code   RO         3375    .ARM.Collect$$libinit$$00000032  c_p.l(libinit2.o)
    0x00000168   0x00000002   Code   RO         3376    .ARM.Collect$$libinit$$00000033  c_p.l(libinit2.o)
    0x0000016a   0x00000006   Code   RO         3377    .ARM.Collect$$libshutdown$$00000001  c_p.l(libshutdown2.o)
    0x00000170   0x00000000   Code   RO         3379    .ARM.Collect$$libshutdown$$00000003  c_p.l(libshutdown2.o)
    0x00000170   0x00000164   Code   RO         1130    .emb_text           hal_cm0.o
    0x000002d4   0x00000028   Code   RO         1399    .emb_text           rtx_conf_cm.o
    0x000002fc   0x00000038   Code   RO         2995    .emb_text           c_p.l(rt_memcpy.o)
    0x00000334   0x00000000   Code   RO         3448    .emb_text           c_p.l(maybetermalloc1.o)
    0x00000334   0x00000020   Code   RO          831    .text               protocol.o
    0x00000354   0x00000086   Code   RO          978    .text               telemetry-data.o
    0x000003da   0x00000002   PAD
    0x000003dc   0x0000001c   Code   RO         2127    .text               startup_MKL25Z4.o
    0x000003f8   0x00000008   Code   RO         2816    .text               c_p.l(libspace.o)
    0x00000400   0x00000010   Code   RO         2126    .ARM.__at_0x400     startup_MKL25Z4.o
    0x00000410   0x00000934   Code   RO            3    .text               main.o
    0x00000d44   0x00000404   Code   RO          616    .text               packet.o
    0x00001148   0x000005c8   Code   RO          876    .text               telemetry.o
    0x00001710   0x00000078   Code   RO         1033    .text               telemetry-mbed-hal.o
    0x00001788   0x0000049c   Code   RO         1091    .text               pid.o
    0x00001c24   0x0000006c   Code   RO         1166    .text               hal_cm.o
    0x00001c90   0x00001368   Code   RO         1194    .text               rt_cmsis.o
    0x00002ff8   0x00000184   Code   RO         1251    .text               rt_event.o
    0x0000317c   0x00000294   Code   RO         1263    .text               rt_list.o
    0x00003410   0x00000304   Code   RO         1285    .text               rt_mailbox.o
    0x00003714   0x000001e8   Code   RO         1297    .text               rt_mutex.o
    0x000038fc   0x000000ca   Code   RO         1309    .text               rt_membox.o
    0x000039c6   0x00000002   PAD
    0x000039c8   0x0000006c   Code   RO         1321    .text               rt_robin.o
    0x00003a34   0x000002f8   Code   RO         1337    .text               rt_system.o
    0x00003d2c   0x00000150   Code   RO         1361    .text               rt_semaphore.o
    0x00003e7c   0x0000035c   Code   RO         1373    .text               rt_task.o
    0x000041d8   0x000000c8   Code   RO         1400    .text               rtx_conf_cm.o
    0x000042a0   0x00000068   Code   RO         1480    .text               rt_time.o
    0x00004308   0x0000012c   Code   RO         1607    .text               thread.o
    0x00004434   0x00000098   Code   RO         1683    .text               getc.o
    0x000044cc   0x00000110   Code   RO         1716    .text               init.o
    0x000045dc   0x000000fc   Code   RO         1792    .text               isr_rx.o
    0x000046d8   0x000000b6   Code   RO         1861    .text               isr_tx.o
    0x0000478e   0x000000dc   Code   RO         1894    .text               putc.o
    0x0000486a   0x00000002   PAD
    0x0000486c   0x0000005c   Code   RO         1962    .text               modserial_kl25z.o
    0x000048c8   0x0000025c   Code   RO         2038    .text               modserial.o
    0x00004b24   0x0000009a   Code   RO         2827    .text               c_p.l(h1_alloc_mt.o)
    0x00004bbe   0x00000074   Code   RO         2829    .text               c_p.l(h1_free_mt.o)
    0x00004c32   0x00000016   Code   RO         2883    .text               c_p.l(__2fprintf.o)
    0x00004c48   0x0000002c   Code   RO         2885    .text               c_p.l(__2sprintf.o)
    0x00004c74   0x00000052   Code   RO         2893    .text               c_p.l(_printf_str.o)
    0x00004cc6   0x00000002   PAD
    0x00004cc8   0x0000006c   Code   RO         2895    .text               c_p.l(_printf_dec.o)
    0x00004d34   0x00000098   Code   RO         2915    .text               c_p.l(_printf_hex_int_ll_ptr.o)
    0x00004dcc   0x00000188   Code   RO         2935    .text               c_p.l(__printf_flags_ss_wp.o)
    0x00004f54   0x00000040   Code   RO         2944    .text               c_p.l(__0sscanf.o)
    0x00004f94   0x0000014a   Code   RO         2946    .text               c_p.l(_scanf_int.o)
    0x000050de   0x0000001a   Code   RO         2966    .text               c_p.l(setbuf.o)
    0x000050f8   0x0000004c   Code   RO         2974    .text               c_p.l(fclose.o)
    0x00005144   0x00000024   Code   RO         2978    .text               c_p.l(fputc_locked.o)
    0x00005168   0x00000034   Code   RO         2980    .text               c_p.l(fclose_locked.o)
    0x0000519c   0x0000008c   Code   RO         2982    .text               c_p.l(fflush_locked.o)
    0x00005228   0x0000006c   Code   RO         2984    .text               c_p.l(setvbuf_locked.o)
    0x00005294   0x00000140   Code   RO         2986    .text               c_p.l(fopen_locked.o)
    0x000053d4   0x00000044   Code   RO         2991    .text               c_p.l(strlen.o)
    0x00005418   0x000000a0   Code   RO         2993    .text               c_p.l(strncmp.o)
    0x000054b8   0x00000082   Code   RO         2996    .text               c_p.l(rt_memcpy.o)
    0x0000553a   0x00000040   Code   RO         2999    .text               c_p.l(rt_memclr.o)
    0x0000557a   0x00000002   PAD
    0x0000557c   0x00000088   Code   RO         3003    .text               c_p.l(strcmp.o)
    0x00005604   0x0000015a   Code   RO         3005    .text               c_p.l(aeabi_sdiv.o)
    0x0000575e   0x00000006   Code   RO         3009    .text               c_p.l(heapauxi.o)
    0x00005764   0x00000024   Code   RO         3017    .text               c_p.l(init_aeabi.o)
    0x00005788   0x0000007c   Code   RO         3149    .text               fz_ps.l(d2f.o)
    0x00005804   0x00000358   Code   RO         3151    .text               fz_ps.l(daddsub.o)
    0x00005b5c   0x00000448   Code   RO         3153    .text               fz_ps.l(ddiv.o)
    0x00005fa4   0x00000058   Code   RO         3158    .text               fz_ps.l(dflti.o)
    0x00005ffc   0x00000248   Code   RO         3162    .text               fz_ps.l(dmul.o)
    0x00006244   0x00000054   Code   RO         3166    .text               fz_ps.l(f2d.o)
    0x00006298   0x00000160   Code   RO         3174    .text               fz_ps.l(fdiv.o)
    0x000063f8   0x0000004c   Code   RO         3179    .text               fz_ps.l(ffixi.o)
    0x00006444   0x00000030   Code   RO         3181    .text               fz_ps.l(ffixui.o)
    0x00006474   0x0000005e   Code   RO         3183    .text               fz_ps.l(fflti.o)
    0x000064d2   0x00000002   PAD
    0x000064d4   0x00000044   Code   RO         3191    .text               fz_ps.l(fscalbn.o)
    0x00006518   0x0000000a   Code   RO         3206    .text               c_p.l(rt_heap_descriptor_twolibspace.o)
    0x00006522   0x0000000a   Code   RO         3213    .text               c_p.l(rt_new_handler_addr_twolibspace.o)
    0x0000652c   0x0000000a   Code   RO         3220    .text               c_p.l(rt_ddtor_pointer_addr_twolibspace.o)
    0x00006536   0x00000004   Code   RO         3222    .text               c_p.l(hguard.o)
    0x0000653a   0x00000088   Code   RO         3224    .text               c_p.l(init_alloc.o)
    0x000065c2   0x00000016   Code   RO         3230    .text               c_p.l(h1_init_mt.o)
    0x000065d8   0x000000b0   Code   RO         3246    .text               c_p.l(_printf_intcommon.o)
    0x00006688   0x00000030   Code   RO         3250    .text               c_p.l(_printf_char_common.o)
    0x000066b8   0x0000000a   Code   RO         3252    .text               c_p.l(_sputc.o)
    0x000066c2   0x0000002e   Code   RO         3254    .text               c_p.l(_printf_char.o)
    0x000066f0   0x0000001e   Code   RO         3289    .text               c_p.l(_chval.o)
    0x0000670e   0x00000002   PAD
    0x00006710   0x00000030   Code   RO         3295    .text               c_p.l(scanf_char.o)
    0x00006740   0x00000044   Code   RO         3297    .text               c_p.l(_sgetc.o)
    0x00006784   0x000001f0   Code   RO         3311    .text               c_p.l(flsbuf.o)
    0x00006974   0x000000f4   Code   RO         3313    .text               c_p.l(fseek.o)
    0x00006a68   0x000000f0   Code   RO         3315    .text               c_p.l(stdio.o)
    0x00006b58   0x000001cc   Code   RO         3322    .text               c_p.l(initio_locked.o)
    0x00006d24   0x0000000c   Code   RO         3324    .text               c_p.l(defsig_pvfn_outer.o)
    0x00006d30   0x00000028   Code   RO         3328    .text               c_p.l(rtudiv10.o)
    0x00006d58   0x00000008   Code   RO         3401    .text               cpprt_p.l(arm_newhandler_noexceptions.o)
    0x00006d60   0x00000090   Code   RO         3433    .text               fz_ps.l(dcmpin.o)
    0x00006df0   0x00000064   Code   RO         3435    .text               fz_ps.l(fcmpin.o)
    0x00006e54   0x00000036   Code   RO         3452    .text               c_p.l(h1_extend_mt.o)
    0x00006e8a   0x00000012   Code   RO         3458    .text               c_p.l(isspace.o)
    0x00006e9c   0x0000003c   Code   RO         3464    .text               c_p.l(_printf_char_file_locked.o)
    0x00006ed8   0x00000380   Code   RO         3468    .text               c_p.l(_scanf.o)
    0x00007258   0x00000042   Code   RO         3478    .text               c_p.l(ftell.o)
    0x0000729a   0x00000036   Code   RO         3490    .text               c_p.l(fputs_locked.o)
    0x000072d0   0x0000000c   Code   RO         3506    .text               c_p.l(defsig_exit.o)
    0x000072dc   0x0000000c   Code   RO         3508    .text               c_p.l(defsig_rtred_outer.o)
    0x000072e8   0x0000000c   Code   RO         3512    .text               c_p.l(defsig_rtmem_outer.o)
    0x000072f4   0x00000030   Code   RO         3516    .text               c_p.l(defsig_pvfn_inner.o)
    0x00007324   0x0000001c   Code   RO         3547    .text               cpprt_p.l(arm_exceptions_terminate.o)
    0x00007340   0x00000054   Code   RO         3550    .text               cpprt_p.l(arm_exceptions_globs.o)
    0x00007394   0x00000030   Code   RO         3553    .text               fz_ps.l(cmpret.o)
    0x000073c4   0x00000014   Code   RO         3555    .text               fz_ps.l(dnan2.o)
    0x000073d8   0x00000010   Code   RO         3557    .text               fz_ps.l(fnan2.o)
    0x000073e8   0x0000000c   Code   RO         3561    .text               c_p.l(sys_exit.o)
    0x000073f4   0x00000010   Code   RO         3563    .text               c_p.l(rt_ctype_table.o)
    0x00007404   0x0000000a   Code   RO         3570    .text               c_p.l(rt_locale_twolibspace.o)
    0x0000740e   0x0000000a   Code   RO         3577    .text               c_p.l(rt_eh_globals_addr_twolibspace.o)
    0x00007418   0x00000008   Code   RO         3584    .text               c_p.l(rt_errno_addr_twolibspace.o)
    0x00007420   0x00000010   Code   RO         3602    .text               c_p.l(abort.o)
    0x00007430   0x00000034   Code   RO         3606    .text               c_p.l(defsig_general.o)
    0x00007464   0x00000034   Code   RO         3612    .text               c_p.l(defsig_rtred_inner.o)
    0x00007498   0x00000050   Code   RO         3614    .text               c_p.l(defsig_rtmem_inner.o)
    0x000074e8   0x00000042   Code   RO         3629    .text               cpprt_p.l(arm_exceptions_mem.o)
    0x0000752a   0x0000005e   Code   RO         3637    .text               fz_ps.l(retnan.o)
    0x00007588   0x0000000c   Code   RO         3653    .text               c_p.l(sys_wrch.o)
    0x00007594   0x00000002   Code   RO         3655    .text               c_p.l(use_no_semi.o)
    0x00007596   0x00000000   Code   RO         3657    .text               c_p.l(indicate_semi.o)
    0x00007596   0x0000000c   Code   RO         3673    .text               c_p.l(defsig_abrt_outer.o)
    0x000075a2   0x00000002   PAD
    0x000075a4   0x00000030   Code   RO         3687    .text               c_p.l(defsig_abrt_inner.o)
    0x000075d4   0x0000003a   Code   RO         3728    .text               c_p.l(__dczerorl.o)
    0x0000760e   0x00000002   PAD
    0x00007610   0x00000004   Code   RO         1639    SVC_TABLE           svc_table.o
    0x00007614   0x0000000c   Code   RO         2131    i.$Sub$$main        retarget.o
    0x00007620   0x0000000a   Code   RO         2505    i.<Func1>           mbed.ar(SerialBase.o)
    0x0000762a   0x00000002   PAD
    0x0000762c   0x00000038   Code   RO         2109    i.NVIC_SetVector    cmsis_nvic.o
    0x00007664   0x00000098   Code   RO         2117    i.SystemInit        system_MKL25Z4.o
    0x000076fc   0x00000020   Code   RO         2132    i._Z11init_serialv  retarget.o
    0x0000771c   0x00000006   Code   RO         2057    i._ZN3AjK18MODSERIAL_IRQ_INFOC1Ev  modserial.o
    0x00007722   0x0000005e   Code   RO         1808    i._ZN3AjK18MODSERIAL_callback4callEPNS_18MODSERIAL_IRQ_INFOE  isr_rx.o
    0x00007780   0x00000014   Code   RO         2063    i._ZN3AjK18MODSERIAL_callbackC1Ev  modserial.o
    0x00007794   0x00000012   Code   RO         2069    i._ZN3AjK9MODSERIAL5_putcEi  modserial.o
    0x000077a6   0x0000000e   Code   RO         1744    i._ZN3AjK9MODSERIAL6isr_txEv  init.o
    0x000077b4   0x0000001a   Code   RO           25    i._ZN4mbed10DigitalOut5writeEi  main.o
    0x000077ce   0x00000014   Code   RO           61    i._ZN4mbed10DigitalOutC1E7PinName  main.o
    0x000077e2   0x00000012   Code   RO           55    i._ZN4mbed10DigitalOutaSEi  main.o
    0x000077f4   0x0000003a   Code   RO         2228    i._ZN4mbed10FileHandle4flenEv  retarget.o
    0x0000782e   0x00000002   PAD
    0x00007830   0x00000028   Code   RO         2134    i._ZN4mbed10FileHandleD2Ev  retarget.o
    0x00007858   0x0000000c   Code   RO         2507    i._ZN4mbed10SerialBase10_base_putcEi  mbed.ar(SerialBase.o)
    0x00007864   0x00000010   Code   RO         2509    i._ZN4mbed10SerialBase12_irq_handlerEj9SerialIrq  mbed.ar(SerialBase.o)
    0x00007874   0x0000000e   Code   RO         2510    i._ZN4mbed10SerialBase4baudEi  mbed.ar(SerialBase.o)
    0x00007882   0x00000002   PAD
    0x00007884   0x0000003c   Code   RO         2515    i._ZN4mbed10SerialBaseC1E7PinNameS1_  mbed.ar(SerialBase.o)
    0x000078c0   0x0000001a   Code   RO         2435    i._ZN4mbed11InterruptIn12_irq_handlerEj14gpio_irq_event  mbed.ar(InterruptIn.o)
    0x000078da   0x00000020   Code   RO         2436    i._ZN4mbed11InterruptIn4fallEPFvvE  mbed.ar(InterruptIn.o)
    0x000078fa   0x00000002   PAD
    0x000078fc   0x00000040   Code   RO         2440    i._ZN4mbed11InterruptInC1E7PinName  mbed.ar(InterruptIn.o)
    0x0000793c   0x00000018   Code   RO         2442    i._ZN4mbed11InterruptInD1Ev  mbed.ar(InterruptIn.o)
    0x00007954   0x0000001a   Code   RO         2792    i._ZN4mbed15FunctionPointer4callEv  mbed.ar(FunctionPointer.o)
    0x0000796e   0x00000008   Code   RO         2793    i._ZN4mbed15FunctionPointer6attachEPFvvE  mbed.ar(FunctionPointer.o)
    0x00007976   0x00000008   Code   RO         2794    i._ZN4mbed15FunctionPointerC1EPFvvE  mbed.ar(FunctionPointer.o)
    0x0000797e   0x00000002   PAD
    0x00007980   0x00000018   Code   RO         2606    i._ZN4mbed5Timer4readEv  mbed.ar(Timer.o)
    0x00007998   0x00000014   Code   RO         2607    i._ZN4mbed5Timer4stopEv  mbed.ar(Timer.o)
    0x000079ac   0x00000010   Code   RO         2608    i._ZN4mbed5Timer5resetEv  mbed.ar(Timer.o)
    0x000079bc   0x00000010   Code   RO         2609    i._ZN4mbed5Timer5startEv  mbed.ar(Timer.o)
    0x000079cc   0x00000010   Code   RO         2610    i._ZN4mbed5Timer7read_msEv  mbed.ar(Timer.o)
    0x000079dc   0x0000000e   Code   RO         2611    i._ZN4mbed5Timer7read_usEv  mbed.ar(Timer.o)
    0x000079ea   0x00000014   Code   RO         2612    i._ZN4mbed5Timer9slicetimeEv  mbed.ar(Timer.o)
    0x000079fe   0x0000000c   Code   RO         2613    i._ZN4mbed5TimerC1Ev  mbed.ar(Timer.o)
    0x00007a0a   0x00000010   Code   RO           49    i._ZN4mbed6PwmOut13pulsewidth_usEi  main.o
    0x00007a1a   0x00000012   Code   RO           67    i._ZN4mbed6PwmOutC1E7PinName  main.o
    0x00007a2c   0x0000000a   Code   RO         2475    i._ZN4mbed6Serial5_putcEi  mbed.ar(Serial.o)
    0x00007a36   0x00000002   PAD
    0x00007a38   0x00000020   Code   RO         2476    i._ZN4mbed6SerialC1E7PinNameS1_PKc  mbed.ar(Serial.o)
    0x00007a58   0x00000004   Code   RO         2542    i._ZN4mbed6Stream4flenEv  mbed.ar(Stream.o)
    0x00007a5c   0x00000016   Code   RO         2545    i._ZN4mbed6Stream4putcEi  mbed.ar(Stream.o)
    0x00007a72   0x00000016   Code   RO         2546    i._ZN4mbed6Stream4putsEPKc  mbed.ar(Stream.o)
    0x00007a88   0x00000004   Code   RO         2548    i._ZN4mbed6Stream5closeEv  mbed.ar(Stream.o)
    0x00007a8c   0x00000004   Code   RO         2550    i._ZN4mbed6Stream5lseekEli  mbed.ar(Stream.o)
    0x00007a90   0x00000024   Code   RO         2552    i._ZN4mbed6Stream5writeEPKvj  mbed.ar(Stream.o)
    0x00007ab4   0x00000004   Code   RO         2553    i._ZN4mbed6Stream6isattyEv  mbed.ar(Stream.o)
    0x00007ab8   0x0000003c   Code   RO         2555    i._ZN4mbed6StreamC2EPKc  mbed.ar(Stream.o)
    0x00007af4   0x00000020   Code   RO         2557    i._ZN4mbed6StreamD2Ev  mbed.ar(Stream.o)
    0x00007b14   0x00000004   Code   RO         2741    i._ZN4mbed8FileBase11getPathTypeEv  mbed.ar(FileBase.o)
    0x00007b18   0x0000003c   Code   RO         2743    i._ZN4mbed8FileBase6lookupEPKcj  mbed.ar(FileBase.o)
    0x00007b54   0x00000024   Code   RO         2745    i._ZN4mbed8FileBaseC1EPKcNS_8PathTypeE  mbed.ar(FileBase.o)
    0x00007b78   0x00000030   Code   RO         2747    i._ZN4mbed8FileBaseD1Ev  mbed.ar(FileBase.o)
    0x00007ba8   0x00000020   Code   RO         2771    i._ZN4mbed8FileLikeC2EPKc  mbed.ar(FileLike.o)
    0x00007bc8   0x00000010   Code   RO         2773    i._ZN4mbed8FileLikeD2Ev  mbed.ar(FileLike.o)
    0x00007bd8   0x00000010   Code   RO         2348    i._ZN4mbed8FilePath10fileSystemEv  mbed.ar(FilePath.o)
    0x00007be8   0x00000014   Code   RO         2349    i._ZN4mbed8FilePath12isFileSystemEv  mbed.ar(FilePath.o)
    0x00007bfc   0x00000016   Code   RO         2350    i._ZN4mbed8FilePath4fileEv  mbed.ar(FilePath.o)
    0x00007c12   0x0000000a   Code   RO         2351    i._ZN4mbed8FilePath6existsEv  mbed.ar(FilePath.o)
    0x00007c1c   0x00000018   Code   RO         2352    i._ZN4mbed8FilePath6isFileEv  mbed.ar(FilePath.o)
    0x00007c34   0x00000004   Code   RO         2353    i._ZN4mbed8FilePath8fileNameEv  mbed.ar(FilePath.o)
    0x00007c38   0x00000042   Code   RO         2354    i._ZN4mbed8FilePathC1EPKc  mbed.ar(FilePath.o)
    0x00007c7a   0x00000004   Code   RO           91    i._ZN9telemetry12NumericArrayItLj128EED1Ev  main.o
    0x00007c7e   0x00000004   Code   RO          637    i._ZN9telemetry25FixedLengthTransmitPacketD1Ev  packet.o
    0x00007c82   0x00000002   PAD
    0x00007c84   0x00000014   Code   RO           37    i._ZN9telemetry4DataC2EPKcS2_S2_  main.o
    0x00007c98   0x00000004   Code   RO           73    i._ZN9telemetry7MbedHalD1Ev  main.o
    0x00007c9c   0x00000004   Code   RO           94    i._ZN9telemetry7NumericIfED1Ev  main.o
    0x00007ca0   0x00000004   Code   RO           82    i._ZN9telemetry7NumericIjED1Ev  main.o
    0x00007ca4   0x00000012   Code   RO          907    i._ZN9telemetry9Telemetry8do_errorEPKc  telemetry.o
    0x00007cb6   0x00000076   Code   RO           76    i._ZN9telemetry9TelemetryC1ERNS_12HalInterfaceE  main.o
    0x00007d2c   0x00000008   Code   RO         3020    i._ZdaPv            cpprt_p.l(array_del.o)
    0x00007d34   0x00000008   Code   RO         3027    i._ZdlPv            cpprt_p.l(delete.o)
    0x00007d3c   0x00000008   Code   RO         3023    i._Znaj             cpprt_p.l(array_new.o)
    0x00007d44   0x00000028   Code   RO         3030    i._Znwj             cpprt_p.l(new.o)
    0x00007d6c   0x0000001a   Code   RO         2123    i.__ARM_common_switch8  system_MKL25Z4.o
    0x00007d86   0x0000002c   Code   RO         3143    i.__aeabi_atexit    cpprt_p.l(aeabi_atexit.o)
    0x00007db2   0x00000022   Code   RO         3146    i.__aeabi_vec_ctor_nocookie_nodtor  cpprt_p.l(aeabi_vec_ctor_nocookie_nodtor.o)
    0x00007dd4   0x00000042   Code   RO         3417    i.__cxa_finalize    cpprt_p.l(cxa_finalize.o)
    0x00007e16   0x0000000a   Code   RO         3034    i.__cxa_pure_virtual  cpprt_p.l(pure_virt.o)
    0x00007e20   0x00000010   Code   RO         2103    i.__user_setup_stackheap  sys.o
    0x00007e30   0x0000000e   Code   RO         2928    i._is_digit         c_p.l(__printf_wp.o)
    0x00007e3e   0x00000002   PAD
    0x00007e40   0x0000002c   Code   RO         2135    i._sys_close        retarget.o
    0x00007e6c   0x00000028   Code   RO         2138    i._sys_flen         retarget.o
    0x00007e94   0x00000028   Code   RO         2139    i._sys_istty        retarget.o
    0x00007ebc   0x00000100   Code   RO         2140    i._sys_open         retarget.o
    0x00007fbc   0x00000028   Code   RO         2142    i._sys_seek         retarget.o
    0x00007fe4   0x00000058   Code   RO         2143    i._sys_write        retarget.o
    0x0000803c   0x000000d8   Code   RO         2236    i.analogin_init     mbed.ar(analogin_api.o)
    0x00008114   0x0000001c   Code   RO         2238    i.analogin_read_u16  mbed.ar(analogin_api.o)
    0x00008130   0x00000018   Code   RO         2336    i.exit              mbed.ar(exit.o)
    0x00008148   0x000000bc   Code   RO         2667    i.extosc_frequency  mbed.ar(us_ticker.o)
    0x00008204   0x00000070   Code   RO         3194    i.floorf            m_ps.l(floorf.o)
    0x00008274   0x0000001e   Code   RO         2957    i.fputc             c_p.l(fputc.o)
    0x00008292   0x0000001e   Code   RO         2247    i.gpio_dir          mbed.ar(gpio_api.o)
    0x000082b0   0x00000050   Code   RO         2248    i.gpio_init         mbed.ar(gpio_api.o)
    0x00008300   0x00000010   Code   RO         2637    i.gpio_irqA         mbed.ar(gpio_irq_api.o)
    0x00008310   0x00000010   Code   RO         2638    i.gpio_irqD         mbed.ar(gpio_irq_api.o)
    0x00008320   0x00000010   Code   RO         2641    i.gpio_irq_free     mbed.ar(gpio_irq_api.o)
    0x00008330   0x000000a4   Code   RO         2642    i.gpio_irq_init     mbed.ar(gpio_irq_api.o)
    0x000083d4   0x00000088   Code   RO         2643    i.gpio_irq_set      mbed.ar(gpio_irq_api.o)
    0x0000845c   0x00000014   Code   RO         2250    i.gpio_set          mbed.ar(gpio_api.o)
    0x00008470   0x00000010   Code   RO         2328    i.gpio_write        mbed.ar(board.o)
    0x00008480   0x00000090   Code   RO         2644    i.handle_interrupt_in  mbed.ar(gpio_irq_api.o)
    0x00008510   0x00000080   Code   RO         2668    i.lptmr_init        mbed.ar(us_ticker.o)
    0x00008590   0x00000044   Code   RO         2669    i.lptmr_isr         mbed.ar(us_ticker.o)
    0x000085d4   0x00000020   Code   RO         2670    i.lptmr_set         mbed.ar(us_ticker.o)
    0x000085f4   0x00000030   Code   RO         2329    i.mbed_die          mbed.ar(board.o)
    0x00008624   0x00000008   Code   RO         2690    i.mbed_interface_connected  mbed.ar(mbed_interface.o)
    0x0000862c   0x00000002   Code   RO         2145    i.mbed_main         retarget.o
    0x0000862e   0x00000002   PAD
    0x00008630   0x00000040   Code   RO         2659    i.pin_function      mbed.ar(pinmap.o)
    0x00008670   0x00000018   Code   RO         2660    i.pin_mode          mbed.ar(pinmap.o)
    0x00008688   0x00000018   Code   RO         2710    i.pinmap_find_peripheral  mbed.ar(pinmap_common.o)
    0x000086a0   0x00000038   Code   RO         2711    i.pinmap_merge      mbed.ar(pinmap_common.o)
    0x000086d8   0x00000048   Code   RO         2712    i.pinmap_peripheral  mbed.ar(pinmap_common.o)
    0x00008720   0x00000050   Code   RO         2713    i.pinmap_pinout     mbed.ar(pinmap_common.o)
    0x00008770   0x000000f8   Code   RO         2260    i.pwmout_init       mbed.ar(pwmout_api.o)
    0x00008868   0x0000000e   Code   RO         2262    i.pwmout_period_ms  mbed.ar(pwmout_api.o)
    0x00008876   0x00000002   PAD
    0x00008878   0x00000030   Code   RO         2263    i.pwmout_period_us  mbed.ar(pwmout_api.o)
    0x000088a8   0x00000020   Code   RO         2266    i.pwmout_pulsewidth_us  mbed.ar(pwmout_api.o)
    0x000088c8   0x00000038   Code   RO         2267    i.pwmout_read       mbed.ar(pwmout_api.o)
    0x00008900   0x0000003c   Code   RO         2268    i.pwmout_write      mbed.ar(pwmout_api.o)
    0x0000893c   0x0000000c   Code   RO         2722    i.semihost_connected  mbed.ar(semihost_api.o)
    0x00008948   0x0000000c   Code   RO         2724    i.semihost_exit     mbed.ar(semihost_api.o)
    0x00008954   0x00000064   Code   RO         2285    i.serial_baud       mbed.ar(serial_api.o)
    0x000089b8   0x00000174   Code   RO         2289    i.serial_format     mbed.ar(serial_api.o)
    0x00008b2c   0x0000014c   Code   RO         2292    i.serial_init       mbed.ar(serial_api.o)
    0x00008c78   0x00000018   Code   RO         2293    i.serial_irq_handler  mbed.ar(serial_api.o)
    0x00008c90   0x000000b8   Code   RO         2294    i.serial_irq_set    mbed.ar(serial_api.o)
    0x00008d48   0x00000016   Code   RO         2296    i.serial_putc       mbed.ar(serial_api.o)
    0x00008d5e   0x0000001a   Code   RO         2298    i.serial_writable   mbed.ar(serial_api.o)
    0x00008d78   0x00000020   Code   RO         2299    i.uart0_irq         mbed.ar(serial_api.o)
    0x00008d98   0x00000014   Code   RO         2300    i.uart1_irq         mbed.ar(serial_api.o)
    0x00008dac   0x00000014   Code   RO         2301    i.uart2_irq         mbed.ar(serial_api.o)
    0x00008dc0   0x00000030   Code   RO         2302    i.uart_irq          mbed.ar(serial_api.o)
    0x00008df0   0x00000002   Code   RO         2671    i.us_ticker_clear_interrupt  mbed.ar(us_ticker.o)
    0x00008df2   0x00000002   PAD
    0x00008df4   0x00000010   Code   RO         2672    i.us_ticker_disable_interrupt  mbed.ar(us_ticker.o)
    0x00008e04   0x0000006c   Code   RO         2673    i.us_ticker_init    mbed.ar(us_ticker.o)
    0x00008e70   0x00000040   Code   RO         2804    i.us_ticker_irq_handler  mbed.ar(us_ticker_api.o)
    0x00008eb0   0x00000020   Code   RO         2674    i.us_ticker_read    mbed.ar(us_ticker.o)
    0x00008ed0   0x00000044   Code   RO         2675    i.us_ticker_set_interrupt  mbed.ar(us_ticker.o)
    0x00008f14   0x00000018   Code   RO         2340    i.wait              mbed.ar(wait_api.o)
    0x00008f2c   0x0000000e   Code   RO         2341    i.wait_ms           mbed.ar(wait_api.o)
    0x00008f3a   0x00000016   Code   RO         2342    i.wait_us           mbed.ar(wait_api.o)
    0x00008f50   0x0000002c   Code   RO         3669    locale$$code        c_p.l(lc_ctype_c.o)
    0x00008f7c   0x00000074   Code   RO         1732    t._ZN4mbed10SerialBase6attachIN3AjK9MODSERIALEEEvPT_MS4_FvvENS0_7IrqTypeE  init.o
    0x00008ff0   0x00000050   Code   RO         1738    t._ZN4mbed15FunctionPointer12membercallerIN3AjK9MODSERIALEEEvPvPc  init.o
    0x00009040   0x00000006   Code   RO          162    t._ZN9telemetry12NumericArrayItLj128EE13get_data_typeEv  main.o
    0x00009046   0x00000022   Code   RO          187    t._ZN9telemetry12NumericArrayItLj128EE13write_payloadERNS_14TransmitPacketE  main.o
    0x00009068   0x00000016   Code   RO          248    t._ZN9telemetry12NumericArrayItLj128EE14serialize_dataEtRNS_14TransmitPacketE  main.o
    0x0000907e   0x0000002e   Code   RO          193    t._ZN9telemetry12NumericArrayItLj128EE15set_from_packetERNS_19ReceivePacketBufferE  main.o
    0x000090ac   0x0000007a   Code   RO          174    t._ZN9telemetry12NumericArrayItLj128EE17write_header_kvrsERNS_14TransmitPacketE  main.o
    0x00009126   0x00000008   Code   RO          181    t._ZN9telemetry12NumericArrayItLj128EE18get_payload_lengthEv  main.o
    0x0000912e   0x0000000e   Code   RO          168    t._ZN9telemetry12NumericArrayItLj128EE22get_header_kvrs_lengthEv  main.o
    0x0000913c   0x00000050   Code   RO           85    t._ZN9telemetry12NumericArrayItLj128EEC1ERNS_9TelemetryEPKcS5_S5_t  main.o
    0x0000918c   0x00000082   Code   RO          895    t._ZN9telemetry5QueueIhLj256EE7enqueueERKh  telemetry.o
    0x0000920e   0x00000006   Code   RO          202    t._ZN9telemetry7NumericIfE13get_data_typeEv  main.o
    0x00009214   0x00000012   Code   RO          227    t._ZN9telemetry7NumericIfE13write_payloadERNS_14TransmitPacketE  main.o
    0x00009226   0x00000016   Code   RO          254    t._ZN9telemetry7NumericIfE14serialize_dataEfRNS_14TransmitPacketE  main.o
    0x0000923c   0x0000001e   Code   RO          233    t._ZN9telemetry7NumericIfE15set_from_packetERNS_19ReceivePacketBufferE  main.o
    0x0000925a   0x0000005e   Code   RO          214    t._ZN9telemetry7NumericIfE17write_header_kvrsERNS_14TransmitPacketE  main.o
    0x000092b8   0x00000006   Code   RO          221    t._ZN9telemetry7NumericIfE18get_payload_lengthEv  main.o
    0x000092be   0x0000000e   Code   RO          208    t._ZN9telemetry7NumericIfE22get_header_kvrs_lengthEv  main.o
    0x000092cc   0x0000003c   Code   RO           43    t._ZN9telemetry7NumericIfEC1ERNS_9TelemetryEPKcS5_S5_f  main.o
    0x00009308   0x00000014   Code   RO           31    t._ZN9telemetry7NumericIfEaSEf  main.o
    0x0000931c   0x00000006   Code   RO          122    t._ZN9telemetry7NumericIjE13get_data_typeEv  main.o
    0x00009322   0x00000012   Code   RO          147    t._ZN9telemetry7NumericIjE13write_payloadERNS_14TransmitPacketE  main.o
    0x00009334   0x00000016   Code   RO          242    t._ZN9telemetry7NumericIjE14serialize_dataEjRNS_14TransmitPacketE  main.o
    0x0000934a   0x0000001e   Code   RO          153    t._ZN9telemetry7NumericIjE15set_from_packetERNS_19ReceivePacketBufferE  main.o
    0x00009368   0x0000005e   Code   RO          134    t._ZN9telemetry7NumericIjE17write_header_kvrsERNS_14TransmitPacketE  main.o
    0x000093c6   0x00000006   Code   RO          141    t._ZN9telemetry7NumericIjE18get_payload_lengthEv  main.o
    0x000093cc   0x0000000e   Code   RO          128    t._ZN9telemetry7NumericIjE22get_header_kvrs_lengthEv  main.o
    0x000093da   0x00000018   Code   RO          901    t._ZNK9telemetry5QueueIhLj256EE5emptyEv  telemetry.o
    0x000093f2   0x00000002   PAD
    0x000093f4   0x00000064   Code   RO         3156    x$fpl$deqf          fz_ps.l(deqf.o)
    0x00009458   0x00000064   Code   RO         3160    x$fpl$dleqf         fz_ps.l(dlef.o)
    0x000094bc   0x00000068   Code   RO         3164    x$fpl$drleqf        fz_ps.l(drlef.o)
    0x00009524   0x0000008c   Code   RO         3168    x$fpl$fadd          fz_ps.l(faddsub.o)
    0x000095b0   0x00000054   Code   RO         3177    x$fpl$feqf          fz_ps.l(feqf.o)
    0x00009604   0x00000054   Code   RO         3185    x$fpl$fleqf         fz_ps.l(flef.o)
    0x00009658   0x000000b0   Code   RO         3187    x$fpl$fmul          fz_ps.l(fmul.o)
    0x00009708   0x00000058   Code   RO         3189    x$fpl$frleqf        fz_ps.l(frlef.o)
    0x00009760   0x000000d0   Code   RO         3170    x$fpl$fsub          fz_ps.l(faddsub.o)
    0x00009830   0x00000000   Code   RO         3441    x$fpl$usenofp       fz_ps.l(usenofp.o)
    0x00009830   0x00000002   Data   RO          618    .constdata          packet.o
    0x00009832   0x00000002   Data   RO          878    .constdata          telemetry.o
    0x00009834   0x0000001b   Data   RO         1402    .constdata          rtx_conf_cm.o
    0x0000984f   0x00000017   Data   RO         2182    .constdata          retarget.o
    0x00009866   0x00000002   PAD
    0x00009868   0x000000cc   Data   RO         2239    .constdata          mbed.ar(analogin_api.o)
    0x00009934   0x000001bc   Data   RO         2269    .constdata          mbed.ar(pwmout_api.o)
    0x00009af0   0x000000d8   Data   RO         2304    .constdata          mbed.ar(serial_api.o)
    0x00009bc8   0x00000028   Data   RO         2916    .constdata          c_p.l(_printf_hex_int_ll_ptr.o)
    0x00009bf0   0x00000011   Data   RO         2936    .constdata          c_p.l(__printf_flags_ss_wp.o)
    0x00009c01   0x00000080   Data   RO         3154    .constdata          fz_ps.l(ddiv.o)
    0x00009c81   0x00000040   Data   RO         3175    .constdata          fz_ps.l(fdiv.o)
    0x00009cc1   0x00000003   PAD
    0x00009cc4   0x00000044   Data   RO         2056    .constdata__ZTVN3AjK9MODSERIALE  modserial.o
    0x00009d08   0x0000002c   Data   RO         2227    .constdata__ZTVN4mbed10FileHandleE  retarget.o
    0x00009d34   0x00000010   Data   RO         2469    .constdata__ZTVN4mbed11InterruptInE  mbed.ar(InterruptIn.o)
    0x00009d44   0x00000044   Data   RO         2486    .constdata__ZTVN4mbed6SerialE  mbed.ar(Serial.o)
    0x00009d88   0x00000044   Data   RO         2601    .constdata__ZTVN4mbed6StreamE  mbed.ar(Stream.o)
    0x00009dcc   0x00000010   Data   RO         2766    .constdata__ZTVN4mbed8FileBaseE  mbed.ar(FileBase.o)
    0x00009ddc   0x0000003c   Data   RO         2789    .constdata__ZTVN4mbed8FileLikeE  mbed.ar(FileLike.o)
    0x00009e18   0x00000010   Data   RO         1623    .constdata__ZTVN4rtos6ThreadE  thread.o
    0x00009e28   0x00000024   Data   RO           98    .constdata__ZTVN9telemetry12HalInterfaceE  main.o
    0x00009e4c   0x00000028   Data   RO          102    .constdata__ZTVN9telemetry12NumericArrayItLj128EEE  main.o
    0x00009e74   0x00000024   Data   RO          644    .constdata__ZTVN9telemetry14TransmitPacketE  packet.o
    0x00009e98   0x00000024   Data   RO          636    .constdata__ZTVN9telemetry25FixedLengthTransmitPacketE  packet.o
    0x00009ebc   0x00000028   Data   RO          996    .constdata__ZTVN9telemetry4DataE  telemetry-data.o
    0x00009ee4   0x00000024   Data   RO         1050    .constdata__ZTVN9telemetry7MbedHalE  telemetry-mbed-hal.o
    0x00009f08   0x00000028   Data   RO          104    .constdata__ZTVN9telemetry7NumericIfEE  main.o
    0x00009f30   0x00000028   Data   RO          100    .constdata__ZTVN9telemetry7NumericIjEE  main.o
    0x00009f58   0x00000053   Data   RO         2040    .conststring        modserial.o
    0x00009fab   0x00000001   PAD
    0x00009fac   0x00000020   Data   RO         3726    Region$$Table       anon$$obj.o
    0x00009fcc   0x00000110   Data   RO         3668    locale$$data        c_p.l(lc_ctype_c.o)
    0x0000a0dc   0x00000004   Data   RO            7    .init_array         main.o
    0x0000a0e0   0x00000000   Data   RO         3015    .init_array         c_p.l(init_aeabi.o)


    Execution Region RW_IRAM1 (Base: 0x1ffff0c0, Size: 0x0000199c, Max: 0x00003f40, ABSOLUTE, COMPRESSED[0x00000030])

    Base Addr    Size         Type   Attr      Idx    E Section Name        Object

    0x1ffff0c0   0x0000002e   Data   RW            6    .data               main.o
    0x1ffff0ee   0x00000002   PAD
    0x1ffff0f0   0x00000008   Data   RW         1195    .data               rt_cmsis.o
    0x1ffff0f8   0x00000008   Data   RW         1322    .data               rt_robin.o
    0x1ffff100   0x00000007   Data   RW         1338    .data               rt_system.o
    0x1ffff107   0x00000001   PAD
    0x1ffff108   0x00000008   Data   RW         1375    .data               rt_task.o
    0x1ffff110   0x00000154   Data   RW         1403    .data               rtx_conf_cm.o
    0x1ffff264   0x00000004   Data   RW         1481    .data               rt_time.o
    0x1ffff268   0x00000018   Data   RW         1718    .data               init.o
    0x1ffff280   0x00000008   Data   RW         2041    .data               modserial.o
    0x1ffff288   0x00000004   Data   RW         2118    .data               system_MKL25Z4.o
    0x1ffff28c   0x00000004   Data   RW         2270    .data               mbed.ar(pwmout_api.o)
    0x1ffff290   0x00000010   Data   RW         2305    .data               mbed.ar(serial_api.o)
    0x1ffff2a0   0x00000004   Data   RW         2646    .data               mbed.ar(gpio_irq_api.o)
    0x1ffff2a4   0x0000000c   Data   RW         2676    .data               mbed.ar(us_ticker.o)
    0x1ffff2b0   0x00000004   Data   RW         2729    .data               mbed.ar(semihost_api.o)
    0x1ffff2b4   0x00000004   Data   RW         2755    .data               mbed.ar(FileBase.o)
    0x1ffff2b8   0x00000008   Data   RW         2807    .data               mbed.ar(us_ticker_api.o)
    0x1ffff2c0   0x00000004   Data   RW         2971    .data               c_p.l(stdio_streams.o)
    0x1ffff2c4   0x00000004   Data   RW         2972    .data               c_p.l(stdio_streams.o)
    0x1ffff2c8   0x00000004   Data   RW         2973    .data               c_p.l(stdio_streams.o)
    0x1ffff2cc   0x00000004   Data   RW         3317    .data               c_p.l(streamlock.o)
    0x1ffff2d0   0x000008d4   Zero   RW            5    .bss                main.o
    0x1ffffba4   0x00000030   Zero   RW         1264    .bss                rt_list.o
    0x1ffffbd4   0x00000090   Zero   RW         1374    .bss                rt_task.o
    0x1ffffc64   0x00000b50   Zero   RW         1401    .bss                rtx_conf_cm.o
    0x200007b4   0x00000040   Zero   RW         2181    .bss                retarget.o
    0x200007f4   0x0000000c   Zero   RW         2303    .bss                mbed.ar(serial_api.o)
    0x20000800   0x00000100   Zero   RW         2645    .bss                mbed.ar(gpio_irq_api.o)
    0x20000900   0x00000060   Zero   RW         2817    .bss                c_p.l(libspace.o)
    0x20000960   0x00000054   Zero   RW         2968    .bss                c_p.l(stdio_streams.o)
    0x200009b4   0x00000054   Zero   RW         2969    .bss                c_p.l(stdio_streams.o)
    0x20000a08   0x00000054   Zero   RW         2970    .bss                c_p.l(stdio_streams.o)


==============================================================================

Image component sizes


      Code (inc. data)   RO Data    RW Data    ZI Data      Debug   Object Name

        56         10          0          0          0         76   cmsis_nvic.o
       152          0          0          0          0       9084   getc.o
       108          6          0          0          0       3839   hal_cm.o
       356         40          0          0          0       2340   hal_cm0.o
       482         72          0         24          0      19000   init.o
       346          6          0          0          0      11696   isr_rx.o
       182          0          0          0          0       8940   isr_tx.o
      3400        464        160         46       2260     156775   main.o
       648         36        151          8          0      18312   modserial.o
        92         12          0          0          0       9216   modserial_kl25z.o
         0          0          0          0          0       5028   mutex.o
      1032        236         74          0          0      99856   packet.o
      1180         10          0          0          0       6916   pid.o
        32          0          0          0          0       2596   protocol.o
       220          0          0          0          0       9096   putc.o
       652         66         67          0         64        728   retarget.o
      4968        248          0          8          0      42409   rt_cmsis.o
       388         12          0          0          0       1954   rt_event.o
       660         22          0          0         48       5506   rt_list.o
       772         10          0          0          0       2611   rt_mailbox.o
       202          0          0          0          0       1545   rt_membox.o
       488         10          0          0          0       1567   rt_mutex.o
       108         18          0          8          0        780   rt_robin.o
       336         10          0          0          0       1780   rt_semaphore.o
       760         66          0          7          0       5048   rt_system.o
       860         70          0          8        144       5508   rt_task.o
       104          8          0          4          0       1167   rt_time.o
       240         68         27        340       2896       7936   rtx_conf_cm.o
        44         24        192          0          0        164   startup_MKL25Z4.o
         4          4          0          0          0        216   svc_table.o
        16          6          0          0          0         60   sys.o
       178         30          0          4          0        132   system_MKL25Z4.o
       134          0         40          0          0       4528   telemetry-data.o
       120          4         36          0          0      11664   telemetry-mbed-hal.o
      1652        214          2          0          0       8488   telemetry.o
       300         46         16          0          0       4664   thread.o

    ----------------------------------------------------------------------
     21286       1828        800        460       5412     471225   Object Totals
         0          0         32          0          0          0   (incl. Generated)
        14          0          3          3          0          0   (incl. Padding)

    ----------------------------------------------------------------------

      Code (inc. data)   RO Data    RW Data    ZI Data      Debug   Library Member Name

        64         10          0          0          0         84   __0sscanf.o
        22          0          0          0          0         84   __2fprintf.o
        44          4          0          0          0         84   __2sprintf.o
        58          0          0          0          0          0   __dczerorl.o
         8          0          0          0          0         68   __main.o
       392          6         17          0          0         76   __printf_flags_ss_wp.o
        14          0          0          0          0         60   __printf_wp.o
        60          8          0          0          0          0   __scatter.o
        28          0          0          0          0          0   __scatter_zi.o
        30          0          0          0          0         60   _chval.o
        46          0          0          0          0        100   _printf_char.o
        48          6          0          0          0         88   _printf_char_common.o
        60          6          0          0          0         76   _printf_char_file_locked.o
        10          0          0          0          0          0   _printf_d.o
       108         18          0          0          0         76   _printf_dec.o
       152          4         40          0          0        148   _printf_hex_int_ll_ptr.o
       176          0          0          0          0         84   _printf_intcommon.o
        10          0          0          0          0          0   _printf_p.o
         2          0          0          0          0          0   _printf_percent.o
         4          0          0          0          0          0   _printf_percent_end.o
        10          0          0          0          0          0   _printf_s.o
        82          0          0          0          0         72   _printf_str.o
       896         16          0          0          0         84   _scanf.o
       330          0          0          0          0         84   _scanf_int.o
        68          0          0          0          0         76   _sgetc.o
        10          0          0          0          0         60   _sputc.o
        16          0          0          0          0         64   abort.o
       346          0          0          0          0         92   aeabi_sdiv.o
        48         34          0          0          0         68   defsig_abrt_inner.o
        12          0          0          0          0         68   defsig_abrt_outer.o
        12          0          0          0          0         68   defsig_exit.o
        52          0          0          0          0         72   defsig_general.o
        48         34          0          0          0         68   defsig_pvfn_inner.o
        12          0          0          0          0         68   defsig_pvfn_outer.o
        80         58          0          0          0         68   defsig_rtmem_inner.o
        12          0          0          0          0         68   defsig_rtmem_outer.o
        52         38          0          0          0         68   defsig_rtred_inner.o
        12          0          0          0          0         68   defsig_rtred_outer.o
        76          4          0          0          0         76   fclose.o
        52          6          0          0          0         72   fclose_locked.o
       140         10          0          0          0        108   fflush_locked.o
       496         10          0          0          0         76   flsbuf.o
       320         12          0          0          0        148   fopen_locked.o
        30          0          0          0          0         68   fputc.o
        36          0          0          0          0         72   fputc_locked.o
        54          0          0          0          0         72   fputs_locked.o
       244          4          0          0          0         76   fseek.o
        66          0          0          0          0         68   ftell.o
       154          0          0          0          0        116   h1_alloc_mt.o
        54          0          0          0          0         72   h1_extend_mt.o
       116          0          0          0          0        100   h1_free_mt.o
        22          0          0          0          0         84   h1_init_mt.o
         6          0          0          0          0        136   heapauxi.o
         4          0          0          0          0        120   hguard.o
         0          0          0          0          0          0   indicate_semi.o
        36         10          0          0          0         72   init_aeabi.o
       136          0          0          0          0        160   init_alloc.o
       460         50          0          0          0        100   initio_locked.o
        18          0          0          0          0         68   isspace.o
        44         10        272          0          0         76   lc_ctype_c.o
         2          0          0          0          0          0   libinit.o
        36          0          0          0          0          0   libinit2.o
         6          0          0          0          0          0   libshutdown2.o
         8          4          0          0         96         68   libspace.o
         0          0          0          0          0          0   maybetermalloc1.o
        16          4          0          0          0         76   rt_ctype_table.o
        10          0          0          0          0         76   rt_ddtor_pointer_addr_twolibspace.o
        10          0          0          0          0         76   rt_eh_globals_addr_twolibspace.o
         8          0          0          0          0         76   rt_errno_addr_twolibspace.o
        10          0          0          0          0         76   rt_heap_descriptor_twolibspace.o
        10          0          0          0          0         76   rt_locale_twolibspace.o
        64          0          0          0          0        108   rt_memclr.o
       186          0          0          0          0        144   rt_memcpy.o
        10          0          0          0          0         76   rt_new_handler_addr_twolibspace.o
        40          0          0          0          0         60   rtudiv10.o
        48          8          0          0          0         84   scanf_char.o
        26          0          0          0          0         68   setbuf.o
       108          4          0          0          0         80   setvbuf_locked.o
       240          8          0          0          0        144   stdio.o
         0          0          0         12        252          0   stdio_streams.o
       136          4          0          0          0         72   strcmp.o
         0          0          0          4          0          0   streamlock.o
        68          6          0          0          0         72   strlen.o
       160          6          0          0          0         76   strncmp.o
        12          4          0          0          0         60   sys_exit.o
        12          0          0          0          0         68   sys_wrch.o
         2          0          0          0          0         68   use_no_semi.o
        44          0          0          0          0         76   aeabi_atexit.o
        34          0          0          0          0         80   aeabi_vec_ctor_nocookie_nodtor.o
        84         12          0          0          0         96   arm_exceptions_globs.o
        66          0          0          0          0        100   arm_exceptions_mem.o
        28          0          0          0          0         68   arm_exceptions_terminate.o
         8          0          0          0          0         68   arm_newhandler_noexceptions.o
         8          0          0          0          0         68   array_del.o
         8          0          0          0          0         68   array_new.o
        66          0          0          0          0         76   cxa_finalize.o
         8          0          0          0          0         68   delete.o
        40          4          0          0          0         68   new.o
        10          0          0          0          0         68   pure_virt.o
        48          4          0          0          0         60   cmpret.o
       124          4          0          0          0         72   d2f.o
       856         20          0          0          0        208   daddsub.o
       144          4          0          0          0         76   dcmpin.o
      1096         26        128          0          0        112   ddiv.o
       100          4          0          0          0         92   deqf.o
        88          0          0          0          0         92   dflti.o
       100          4          0          0          0         92   dlef.o
       584         26          0          0          0         84   dmul.o
        20          6          0          0          0         68   dnan2.o
       104          4          0          0          0        104   drlef.o
        84          4          0          0          0         60   f2d.o
       348          8          0          0          0        160   faddsub.o
       100          4          0          0          0         68   fcmpin.o
       352         10         64          0          0         92   fdiv.o
        84          4          0          0          0         76   feqf.o
        76          0          0          0          0         68   ffixi.o
        48          0          0          0          0         60   ffixui.o
        94          0          0          0          0         92   fflti.o
        84          4          0          0          0         76   flef.o
       176          4          0          0          0         80   fmul.o
        16          6          0          0          0         68   fnan2.o
        88          4          0          0          0         76   frlef.o
        68          4          0          0          0         68   fscalbn.o
        94          0          0          0          0         68   retnan.o
         0          0          0          0          0          0   usenofp.o
       112         14          0          0          0         76   floorf.o
       148         24         16          4          0        252   FileBase.o
        48          8         60          0          0        136   FileLike.o
       162          0          0          0          0        460   FilePath.o
        42          0          0          0          0        180   FunctionPointer.o
       146         14         16          0          0        276   InterruptIn.o
        42          4         68          0          0        136   Serial.o
       112          8          0          0          0        348   SerialBase.o
       188         20         68          0          0        600   Stream.o
       138          6          0          0          0        544   Timer.o
       244         56        204          0          0        132   analogin_api.o
        64          6          0          0          0        128   board.o
        24          0          0          0          0         64   exit.o
       130          4          0          0          0        200   gpio_api.o
       492        104          0          4        256        424   gpio_irq_api.o
         8          0          0          0          0         68   mbed_interface.o
        88         14          0          0          0        132   pinmap.o
       232         84          0          0          0        264   pinmap_common.o
       458         76        444          4          0        428   pwmout_api.o
        24          6          0          4          0        132   semihost_api.o
      1180        320        216         16         12        776   serial_api.o
       642        120          0         12          0        596   us_ticker.o
        64          6          0          8          0         68   us_ticker_api.o
        60          6          0          0          0        208   wait_api.o

    ----------------------------------------------------------------------
     17482       1476       1616         68        616      15652   Library Totals
        28          0          3          0          0          0   (incl. Padding)

    ----------------------------------------------------------------------

      Code (inc. data)   RO Data    RW Data    ZI Data      Debug   Library Name

      7226        406        329         16        348       5948   c_p.l
       404         16          0          0          0        904   cpprt_p.l
      4976        154        192          0          0       2172   fz_ps.l
       112         14          0          0          0         76   m_ps.l
      4736        886       1092         52        268       6552   mbed.ar

    ----------------------------------------------------------------------
     17482       1476       1616         68        616      15652   Library Totals

    ----------------------------------------------------------------------

==============================================================================


      Code (inc. data)   RO Data    RW Data    ZI Data      Debug   

     38768       3304       2416        528       6028     472989   Grand Totals
     38768       3304       2416         48       6028     472989   ELF Image Totals (compressed)
     38768       3304       2416         48          0          0   ROM Totals

==============================================================================

    Total RO  Size (Code + RO Data)                41184 (  40.22kB)
    Total RW  Size (RW Data + ZI Data)              6556 (   6.40kB)
    Total ROM Size (Code + RO Data + RW Data)      41232 (  40.27kB)

==============================================================================

