<!doctype html public "-//w3c//dtd html 4.0 transitional//en">
<html><head>
<title>Static Call Graph - [.\build\ee192-sp14.axf]</title></head>
<body><HR>
<H1>Static Call Graph for image .\build\ee192-sp14.axf</H1><HR>
<BR><P>#&#060CALLGRAPH&#062# ARM Linker, 5050041: Last Updated: Fri Apr 08 17:04:36 2016
<BR><P>
<H3>Maximum Stack Usage =        464 bytes + Unknown(Cycles, Untraceable Function Pointers)</H3><H3>
Call chain for Maximum Stack Depth:</H3>
__sti___8_main_cpp_50cc0329 &rArr; AjK::MODSERIAL::MODSERIAL(PinName, PinName, const char*) &rArr; mbed::Serial::Serial(PinName, PinName, const char*) &rArr; mbed::Stream::Stream__sub_object(const char*) &rArr; fopen &rArr; _freopen_locked &rArr; _fclose_internal &rArr; _fflush &rArr; _writebuf &rArr; _sys_write &rArr; init_serial() &rArr; serial_init &rArr; serial_format &rArr; __2fprintf &rArr; _printf_char_file &rArr; _printf_char_common &rArr; __printf
<P>
<H3>
Mutually Recursive functions
</H3> <LI><a href="#[14]">NMI_Handler</a>&nbsp;&nbsp;&nbsp;&rArr;&nbsp;&nbsp;&nbsp;<a href="#[14]">NMI_Handler</a><BR>
 <LI><a href="#[15]">HardFault_Handler</a>&nbsp;&nbsp;&nbsp;&rArr;&nbsp;&nbsp;&nbsp;<a href="#[15]">HardFault_Handler</a><BR>
 <LI><a href="#[28]">ADC0_IRQHandler</a>&nbsp;&nbsp;&nbsp;&rArr;&nbsp;&nbsp;&nbsp;<a href="#[28]">ADC0_IRQHandler</a><BR>
 <LI><a href="#[270]">us_ticker_set_interrupt</a>&nbsp;&nbsp;&nbsp;&rArr;&nbsp;&nbsp;&nbsp;<a href="#[261]">us_ticker_irq_handler</a><BR>
</UL>
<P>
<H3>
Function Pointers
</H3><UL>
 <LI><a href="#[77]">&lang;Func1&rang;</a> from SerialBase.o(i.<Func1>) referenced from SerialBase.o(i._ZN4mbed10SerialBaseC1E7PinNameS1_)
 <LI><a href="#[28]">ADC0_IRQHandler</a> from startup_MKL25Z4.o(.text) referenced from startup_MKL25Z4.o(RESET)
 <LI><a href="#[29]">CMP0_IRQHandler</a> from startup_MKL25Z4.o(.text) referenced from startup_MKL25Z4.o(RESET)
 <LI><a href="#[32]">DAC0_IRQHandler</a> from startup_MKL25Z4.o(.text) referenced from startup_MKL25Z4.o(RESET)
 <LI><a href="#[19]">DMA0_IRQHandler</a> from startup_MKL25Z4.o(.text) referenced from startup_MKL25Z4.o(RESET)
 <LI><a href="#[1a]">DMA1_IRQHandler</a> from startup_MKL25Z4.o(.text) referenced from startup_MKL25Z4.o(RESET)
 <LI><a href="#[1b]">DMA2_IRQHandler</a> from startup_MKL25Z4.o(.text) referenced from startup_MKL25Z4.o(RESET)
 <LI><a href="#[1c]">DMA3_IRQHandler</a> from startup_MKL25Z4.o(.text) referenced from startup_MKL25Z4.o(RESET)
 <LI><a href="#[1e]">FTFA_IRQHandler</a> from startup_MKL25Z4.o(.text) referenced from startup_MKL25Z4.o(RESET)
 <LI><a href="#[15]">HardFault_Handler</a> from startup_MKL25Z4.o(.text) referenced from startup_MKL25Z4.o(RESET)
 <LI><a href="#[21]">I2C0_IRQHandler</a> from startup_MKL25Z4.o(.text) referenced from startup_MKL25Z4.o(RESET)
 <LI><a href="#[22]">I2C1_IRQHandler</a> from startup_MKL25Z4.o(.text) referenced from startup_MKL25Z4.o(RESET)
 <LI><a href="#[20]">LLW_IRQHandler</a> from startup_MKL25Z4.o(.text) referenced from startup_MKL25Z4.o(RESET)
 <LI><a href="#[35]">LPTimer_IRQHandler</a> from startup_MKL25Z4.o(.text) referenced from startup_MKL25Z4.o(RESET)
 <LI><a href="#[1f]">LVD_LVW_IRQHandler</a> from startup_MKL25Z4.o(.text) referenced from startup_MKL25Z4.o(RESET)
 <LI><a href="#[34]">MCG_IRQHandler</a> from startup_MKL25Z4.o(.text) referenced from startup_MKL25Z4.o(RESET)
 <LI><a href="#[14]">NMI_Handler</a> from startup_MKL25Z4.o(.text) referenced from startup_MKL25Z4.o(RESET)
 <LI><a href="#[2f]">PIT_IRQHandler</a> from startup_MKL25Z4.o(.text) referenced from startup_MKL25Z4.o(RESET)
 <LI><a href="#[37]">PORTA_IRQHandler</a> from startup_MKL25Z4.o(.text) referenced from startup_MKL25Z4.o(RESET)
 <LI><a href="#[38]">PORTD_IRQHandler</a> from startup_MKL25Z4.o(.text) referenced from startup_MKL25Z4.o(RESET)
 <LI><a href="#[17]">PendSV_Handler</a> from hal_cm0.o(.emb_text) referenced from startup_MKL25Z4.o(RESET)
 <LI><a href="#[2d]">RTC_IRQHandler</a> from startup_MKL25Z4.o(.text) referenced from startup_MKL25Z4.o(RESET)
 <LI><a href="#[2e]">RTC_Seconds_IRQHandler</a> from startup_MKL25Z4.o(.text) referenced from startup_MKL25Z4.o(RESET)
 <LI><a href="#[1d]">Reserved20_IRQHandler</a> from startup_MKL25Z4.o(.text) referenced from startup_MKL25Z4.o(RESET)
 <LI><a href="#[30]">Reserved39_IRQHandler</a> from startup_MKL25Z4.o(.text) referenced from startup_MKL25Z4.o(RESET)
 <LI><a href="#[36]">Reserved45_IRQHandler</a> from startup_MKL25Z4.o(.text) referenced from startup_MKL25Z4.o(RESET)
 <LI><a href="#[13]">Reset_Handler</a> from startup_MKL25Z4.o(.text) referenced from startup_MKL25Z4.o(RESET)
 <LI><a href="#[23]">SPI0_IRQHandler</a> from startup_MKL25Z4.o(.text) referenced from startup_MKL25Z4.o(RESET)
 <LI><a href="#[24]">SPI1_IRQHandler</a> from startup_MKL25Z4.o(.text) referenced from startup_MKL25Z4.o(RESET)
 <LI><a href="#[16]">SVC_Handler</a> from hal_cm0.o(.emb_text) referenced from startup_MKL25Z4.o(RESET)
 <LI><a href="#[18]">SysTick_Handler</a> from hal_cm0.o(.emb_text) referenced from startup_MKL25Z4.o(RESET)
 <LI><a href="#[3b]">SystemInit</a> from system_MKL25Z4.o(i.SystemInit) referenced from startup_MKL25Z4.o(.text)
 <LI><a href="#[2a]">TPM0_IRQHandler</a> from startup_MKL25Z4.o(.text) referenced from startup_MKL25Z4.o(RESET)
 <LI><a href="#[2b]">TPM1_IRQHandler</a> from startup_MKL25Z4.o(.text) referenced from startup_MKL25Z4.o(RESET)
 <LI><a href="#[2c]">TPM2_IRQHandler</a> from startup_MKL25Z4.o(.text) referenced from startup_MKL25Z4.o(RESET)
 <LI><a href="#[33]">TSI0_IRQHandler</a> from startup_MKL25Z4.o(.text) referenced from startup_MKL25Z4.o(RESET)
 <LI><a href="#[25]">UART0_IRQHandler</a> from startup_MKL25Z4.o(.text) referenced from startup_MKL25Z4.o(RESET)
 <LI><a href="#[26]">UART1_IRQHandler</a> from startup_MKL25Z4.o(.text) referenced from startup_MKL25Z4.o(RESET)
 <LI><a href="#[27]">UART2_IRQHandler</a> from startup_MKL25Z4.o(.text) referenced from startup_MKL25Z4.o(RESET)
 <LI><a href="#[31]">USB0_IRQHandler</a> from startup_MKL25Z4.o(.text) referenced from startup_MKL25Z4.o(RESET)
 <LI><a href="#[3e]">cam_data_thread(const void*)</a> from main.o(.text) referenced from main.o(.text)
 <LI><a href="#[7a]">__default_new_handler()</a> from arm_newhandler_noexceptions.o(.text) referenced from new.o(i._Znwj)
 <LI><a href="#[3d]">speed_isr()</a> from main.o(.text) referenced from main.o(.text)
 <LI><a href="#[75]">[local to arm_exceptions_c]::__default_terminate_handler()</a> from arm_exceptions_globs.o(.text) referenced from arm_exceptions_globs.o(.text)
 <LI><a href="#[6d]">AjK::MODSERIAL_callback::MODSERIAL_callback()</a> from modserial.o(i._ZN3AjK18MODSERIAL_callbackC1Ev) referenced from modserial.o(.text)
 <LI><a href="#[88]">AjK::MODSERIAL::_putc(int)</a> from modserial.o(i._ZN3AjK9MODSERIAL5_putcEi) referenced from modserial.o(.constdata__ZTVN3AjK9MODSERIALE)
 <LI><a href="#[11]">AjK::MODSERIAL::isr_rx()</a> from isr_rx.o(.text) referenced 2 times from init.o(.data)
 <LI><a href="#[12]">AjK::MODSERIAL::isr_tx()</a> from init.o(i._ZN3AjK9MODSERIAL6isr_txEv) referenced 2 times from init.o(.data)
 <LI><a href="#[87]">AjK::MODSERIAL::~MODSERIAL__deallocating()</a> from modserial.o(.text) referenced from modserial.o(.constdata__ZTVN3AjK9MODSERIALE)
 <LI><a href="#[40]">AjK::MODSERIAL::~MODSERIAL()</a> from modserial.o(.text) referenced from modserial.o(.constdata__ZTVN3AjK9MODSERIALE)
 <LI><a href="#[40]">AjK::MODSERIAL::~MODSERIAL()</a> from modserial.o(.text) referenced from main.o(.text)
 <LI><a href="#[8c]">mbed::FileHandle::flen()</a> from retarget.o(i._ZN4mbed10FileHandle4flenEv) referenced from retarget.o(.constdata__ZTVN4mbed10FileHandleE)
 <LI><a href="#[8c]">mbed::FileHandle::flen()</a> from retarget.o(i._ZN4mbed10FileHandle4flenEv) referenced from FileLike.o(.constdata__ZTVN4mbed8FileLikeE)
 <LI><a href="#[8d]">mbed::FileHandle::~FileHandle__sub_object()</a> from retarget.o(i._ZN4mbed10FileHandleD2Ev) referenced from retarget.o(.constdata__ZTVN4mbed10FileHandleE)
 <LI><a href="#[78]">mbed::SerialBase::_irq_handler(unsigned, SerialIrq)</a> from SerialBase.o(i._ZN4mbed10SerialBase12_irq_handlerEj9SerialIrq) referenced from SerialBase.o(i._ZN4mbed10SerialBaseC1E7PinNameS1_)
 <LI><a href="#[79]">mbed::InterruptIn::_irq_handler(unsigned, gpio_irq_event)</a> from InterruptIn.o(i._ZN4mbed11InterruptIn12_irq_handlerEj14gpio_irq_event) referenced from InterruptIn.o(i._ZN4mbed11InterruptInC1E7PinName)
 <LI><a href="#[3f]">mbed::InterruptIn::~InterruptIn()</a> from InterruptIn.o(i._ZN4mbed11InterruptInD1Ev) referenced from InterruptIn.o(.constdata__ZTVN4mbed11InterruptInE)
 <LI><a href="#[3f]">mbed::InterruptIn::~InterruptIn()</a> from InterruptIn.o(i._ZN4mbed11InterruptInD1Ev) referenced from main.o(.text)
 <LI><a href="#[81]">void mbed::FunctionPointer::membercaller&lang;AjK::MODSERIAL&rang;(void*, char*)</a> from init.o(t._ZN4mbed15FunctionPointer12membercallerIN3AjK9MODSERIALEEEvPvPc) referenced from init.o(t._ZN4mbed10SerialBase6attachIN3AjK9MODSERIALEEEvPT_MS4_FvvENS0_7IrqTypeE)
 <LI><a href="#[8e]">mbed::Serial::_putc(int)</a> from Serial.o(i._ZN4mbed6Serial5_putcEi) referenced from Serial.o(.constdata__ZTVN4mbed6SerialE)
 <LI><a href="#[86]">mbed::Stream::flen()</a> from Stream.o(i._ZN4mbed6Stream4flenEv) referenced from modserial.o(.constdata__ZTVN3AjK9MODSERIALE)
 <LI><a href="#[86]">mbed::Stream::flen()</a> from Stream.o(i._ZN4mbed6Stream4flenEv) referenced from Serial.o(.constdata__ZTVN4mbed6SerialE)
 <LI><a href="#[86]">mbed::Stream::flen()</a> from Stream.o(i._ZN4mbed6Stream4flenEv) referenced from Stream.o(.constdata__ZTVN4mbed6StreamE)
 <LI><a href="#[83]">mbed::Stream::close()</a> from Stream.o(i._ZN4mbed6Stream5closeEv) referenced from modserial.o(.constdata__ZTVN3AjK9MODSERIALE)
 <LI><a href="#[83]">mbed::Stream::close()</a> from Stream.o(i._ZN4mbed6Stream5closeEv) referenced from Serial.o(.constdata__ZTVN4mbed6SerialE)
 <LI><a href="#[83]">mbed::Stream::close()</a> from Stream.o(i._ZN4mbed6Stream5closeEv) referenced from Stream.o(.constdata__ZTVN4mbed6StreamE)
 <LI><a href="#[85]">mbed::Stream::lseek(long, int)</a> from Stream.o(i._ZN4mbed6Stream5lseekEli) referenced from modserial.o(.constdata__ZTVN3AjK9MODSERIALE)
 <LI><a href="#[85]">mbed::Stream::lseek(long, int)</a> from Stream.o(i._ZN4mbed6Stream5lseekEli) referenced from Serial.o(.constdata__ZTVN4mbed6SerialE)
 <LI><a href="#[85]">mbed::Stream::lseek(long, int)</a> from Stream.o(i._ZN4mbed6Stream5lseekEli) referenced from Stream.o(.constdata__ZTVN4mbed6StreamE)
 <LI><a href="#[82]">mbed::Stream::write(const void*, unsigned)</a> from Stream.o(i._ZN4mbed6Stream5writeEPKvj) referenced from modserial.o(.constdata__ZTVN3AjK9MODSERIALE)
 <LI><a href="#[82]">mbed::Stream::write(const void*, unsigned)</a> from Stream.o(i._ZN4mbed6Stream5writeEPKvj) referenced from Serial.o(.constdata__ZTVN4mbed6SerialE)
 <LI><a href="#[82]">mbed::Stream::write(const void*, unsigned)</a> from Stream.o(i._ZN4mbed6Stream5writeEPKvj) referenced from Stream.o(.constdata__ZTVN4mbed6StreamE)
 <LI><a href="#[84]">mbed::Stream::isatty()</a> from Stream.o(i._ZN4mbed6Stream6isattyEv) referenced from modserial.o(.constdata__ZTVN3AjK9MODSERIALE)
 <LI><a href="#[84]">mbed::Stream::isatty()</a> from Stream.o(i._ZN4mbed6Stream6isattyEv) referenced from Serial.o(.constdata__ZTVN4mbed6SerialE)
 <LI><a href="#[84]">mbed::Stream::isatty()</a> from Stream.o(i._ZN4mbed6Stream6isattyEv) referenced from Stream.o(.constdata__ZTVN4mbed6StreamE)
 <LI><a href="#[8f]">mbed::Stream::~Stream__sub_object()</a> from Stream.o(i._ZN4mbed6StreamD2Ev) referenced from Stream.o(.constdata__ZTVN4mbed6StreamE)
 <LI><a href="#[90]">mbed::FileBase::~FileBase()</a> from FileBase.o(i._ZN4mbed8FileBaseD1Ev) referenced from FileBase.o(.constdata__ZTVN4mbed8FileBaseE)
 <LI><a href="#[91]">mbed::FileLike::~FileLike__sub_object()</a> from FileLike.o(i._ZN4mbed8FileLikeD2Ev) referenced from FileLike.o(.constdata__ZTVN4mbed8FileLikeE)
 <LI><a href="#[93]">rtos::Thread::~Thread__deallocating()</a> from thread.o(.text) referenced from thread.o(.constdata__ZTVN4rtos6ThreadE)
 <LI><a href="#[92]">rtos::Thread::~Thread()</a> from thread.o(.text) referenced from thread.o(.constdata__ZTVN4rtos6ThreadE)
 <LI><a href="#[94]">telemetry::NumericArray&lang;unsigned short, (unsigned)128&rang;::get_data_type()</a> from main.o(t._ZN9telemetry12NumericArrayItLj128EE13get_data_typeEv) referenced from main.o(.constdata__ZTVN9telemetry12NumericArrayItLj128EEE)
 <LI><a href="#[98]">telemetry::NumericArray&lang;unsigned short, (unsigned)128&rang;::write_payload(telemetry::TransmitPacket&)</a> from main.o(t._ZN9telemetry12NumericArrayItLj128EE13write_payloadERNS_14TransmitPacketE) referenced from main.o(.constdata__ZTVN9telemetry12NumericArrayItLj128EEE)
 <LI><a href="#[99]">telemetry::NumericArray&lang;unsigned short, (unsigned)128&rang;::set_from_packet(telemetry::ReceivePacketBuffer&)</a> from main.o(t._ZN9telemetry12NumericArrayItLj128EE15set_from_packetERNS_19ReceivePacketBufferE) referenced from main.o(.constdata__ZTVN9telemetry12NumericArrayItLj128EEE)
 <LI><a href="#[96]">telemetry::NumericArray&lang;unsigned short, (unsigned)128&rang;::write_header_kvrs(telemetry::TransmitPacket&)</a> from main.o(t._ZN9telemetry12NumericArrayItLj128EE17write_header_kvrsERNS_14TransmitPacketE) referenced from main.o(.constdata__ZTVN9telemetry12NumericArrayItLj128EEE)
 <LI><a href="#[97]">telemetry::NumericArray&lang;unsigned short, (unsigned)128&rang;::get_payload_length()</a> from main.o(t._ZN9telemetry12NumericArrayItLj128EE18get_payload_lengthEv) referenced from main.o(.constdata__ZTVN9telemetry12NumericArrayItLj128EEE)
 <LI><a href="#[95]">telemetry::NumericArray&lang;unsigned short, (unsigned)128&rang;::get_header_kvrs_length()</a> from main.o(t._ZN9telemetry12NumericArrayItLj128EE22get_header_kvrs_lengthEv) referenced from main.o(.constdata__ZTVN9telemetry12NumericArrayItLj128EEE)
 <LI><a href="#[43]">telemetry::NumericArray&lang;unsigned short, (unsigned)128&rang;::~NumericArray()</a> from main.o(i._ZN9telemetry12NumericArrayItLj128EED1Ev) referenced from main.o(.constdata__ZTVN9telemetry12NumericArrayItLj128EEE)
 <LI><a href="#[43]">telemetry::NumericArray&lang;unsigned short, (unsigned)128&rang;::~NumericArray()</a> from main.o(i._ZN9telemetry12NumericArrayItLj128EED1Ev) referenced from main.o(.text)
 <LI><a href="#[9e]">telemetry::FixedLengthTransmitPacket::write_float(float)</a> from packet.o(.text) referenced from packet.o(.constdata__ZTVN9telemetry25FixedLengthTransmitPacketE)
 <LI><a href="#[9b]">telemetry::FixedLengthTransmitPacket::write_uint8(unsigned char)</a> from packet.o(.text) referenced from packet.o(.constdata__ZTVN9telemetry25FixedLengthTransmitPacketE)
 <LI><a href="#[9c]">telemetry::FixedLengthTransmitPacket::write_uint16(unsigned short)</a> from packet.o(.text) referenced from packet.o(.constdata__ZTVN9telemetry25FixedLengthTransmitPacketE)
 <LI><a href="#[9d]">telemetry::FixedLengthTransmitPacket::write_uint32(unsigned)</a> from packet.o(.text) referenced from packet.o(.constdata__ZTVN9telemetry25FixedLengthTransmitPacketE)
 <LI><a href="#[9f]">telemetry::FixedLengthTransmitPacket::finish()</a> from packet.o(.text) referenced from packet.o(.constdata__ZTVN9telemetry25FixedLengthTransmitPacketE)
 <LI><a href="#[9a]">telemetry::FixedLengthTransmitPacket::~FixedLengthTransmitPacket()</a> from packet.o(i._ZN9telemetry25FixedLengthTransmitPacketD1Ev) referenced from packet.o(.constdata__ZTVN9telemetry25FixedLengthTransmitPacketE)
 <LI><a href="#[a1]">telemetry::Data::write_header_kvrs(telemetry::TransmitPacket&)</a> from telemetry-data.o(.text) referenced from telemetry-data.o(.constdata__ZTVN9telemetry4DataE)
 <LI><a href="#[a0]">telemetry::Data::get_header_kvrs_length()</a> from telemetry-data.o(.text) referenced from telemetry-data.o(.constdata__ZTVN9telemetry4DataE)
 <LI><a href="#[a6]">telemetry::MbedHal::get_time_ms()</a> from telemetry-mbed-hal.o(.text) referenced from telemetry-mbed-hal.o(.constdata__ZTVN9telemetry7MbedHalE)
 <LI><a href="#[a4]">telemetry::MbedHal::receive_byte()</a> from telemetry-mbed-hal.o(.text) referenced from telemetry-mbed-hal.o(.constdata__ZTVN9telemetry7MbedHalE)
 <LI><a href="#[a3]">telemetry::MbedHal::rx_available()</a> from telemetry-mbed-hal.o(.text) referenced from telemetry-mbed-hal.o(.constdata__ZTVN9telemetry7MbedHalE)
 <LI><a href="#[a2]">telemetry::MbedHal::transmit_byte(unsigned char)</a> from telemetry-mbed-hal.o(.text) referenced from telemetry-mbed-hal.o(.constdata__ZTVN9telemetry7MbedHalE)
 <LI><a href="#[a5]">telemetry::MbedHal::do_error(const char*)</a> from telemetry-mbed-hal.o(.text) referenced from telemetry-mbed-hal.o(.constdata__ZTVN9telemetry7MbedHalE)
 <LI><a href="#[41]">telemetry::MbedHal::~MbedHal()</a> from main.o(i._ZN9telemetry7MbedHalD1Ev) referenced from telemetry-mbed-hal.o(.constdata__ZTVN9telemetry7MbedHalE)
 <LI><a href="#[41]">telemetry::MbedHal::~MbedHal()</a> from main.o(i._ZN9telemetry7MbedHalD1Ev) referenced from main.o(.text)
 <LI><a href="#[a7]">telemetry::Numeric&lang;float&rang;::get_data_type()</a> from main.o(t._ZN9telemetry7NumericIfE13get_data_typeEv) referenced from main.o(.constdata__ZTVN9telemetry7NumericIfEE)
 <LI><a href="#[ab]">telemetry::Numeric&lang;float&rang;::write_payload(telemetry::TransmitPacket&)</a> from main.o(t._ZN9telemetry7NumericIfE13write_payloadERNS_14TransmitPacketE) referenced from main.o(.constdata__ZTVN9telemetry7NumericIfEE)
 <LI><a href="#[ac]">telemetry::Numeric&lang;float&rang;::set_from_packet(telemetry::ReceivePacketBuffer&)</a> from main.o(t._ZN9telemetry7NumericIfE15set_from_packetERNS_19ReceivePacketBufferE) referenced from main.o(.constdata__ZTVN9telemetry7NumericIfEE)
 <LI><a href="#[a9]">telemetry::Numeric&lang;float&rang;::write_header_kvrs(telemetry::TransmitPacket&)</a> from main.o(t._ZN9telemetry7NumericIfE17write_header_kvrsERNS_14TransmitPacketE) referenced from main.o(.constdata__ZTVN9telemetry7NumericIfEE)
 <LI><a href="#[aa]">telemetry::Numeric&lang;float&rang;::get_payload_length()</a> from main.o(t._ZN9telemetry7NumericIfE18get_payload_lengthEv) referenced from main.o(.constdata__ZTVN9telemetry7NumericIfEE)
 <LI><a href="#[a8]">telemetry::Numeric&lang;float&rang;::get_header_kvrs_length()</a> from main.o(t._ZN9telemetry7NumericIfE22get_header_kvrs_lengthEv) referenced from main.o(.constdata__ZTVN9telemetry7NumericIfEE)
 <LI><a href="#[44]">telemetry::Numeric&lang;float&rang;::~Numeric()</a> from main.o(i._ZN9telemetry7NumericIfED1Ev) referenced from main.o(.constdata__ZTVN9telemetry7NumericIfEE)
 <LI><a href="#[44]">telemetry::Numeric&lang;float&rang;::~Numeric()</a> from main.o(i._ZN9telemetry7NumericIfED1Ev) referenced from main.o(.text)
 <LI><a href="#[ad]">telemetry::Numeric&lang;unsigned&rang;::get_data_type()</a> from main.o(t._ZN9telemetry7NumericIjE13get_data_typeEv) referenced from main.o(.constdata__ZTVN9telemetry7NumericIjEE)
 <LI><a href="#[b1]">telemetry::Numeric&lang;unsigned&rang;::write_payload(telemetry::TransmitPacket&)</a> from main.o(t._ZN9telemetry7NumericIjE13write_payloadERNS_14TransmitPacketE) referenced from main.o(.constdata__ZTVN9telemetry7NumericIjEE)
 <LI><a href="#[b2]">telemetry::Numeric&lang;unsigned&rang;::set_from_packet(telemetry::ReceivePacketBuffer&)</a> from main.o(t._ZN9telemetry7NumericIjE15set_from_packetERNS_19ReceivePacketBufferE) referenced from main.o(.constdata__ZTVN9telemetry7NumericIjEE)
 <LI><a href="#[af]">telemetry::Numeric&lang;unsigned&rang;::write_header_kvrs(telemetry::TransmitPacket&)</a> from main.o(t._ZN9telemetry7NumericIjE17write_header_kvrsERNS_14TransmitPacketE) referenced from main.o(.constdata__ZTVN9telemetry7NumericIjEE)
 <LI><a href="#[b0]">telemetry::Numeric&lang;unsigned&rang;::get_payload_length()</a> from main.o(t._ZN9telemetry7NumericIjE18get_payload_lengthEv) referenced from main.o(.constdata__ZTVN9telemetry7NumericIjEE)
 <LI><a href="#[ae]">telemetry::Numeric&lang;unsigned&rang;::get_header_kvrs_length()</a> from main.o(t._ZN9telemetry7NumericIjE22get_header_kvrs_lengthEv) referenced from main.o(.constdata__ZTVN9telemetry7NumericIjEE)
 <LI><a href="#[42]">telemetry::Numeric&lang;unsigned&rang;::~Numeric()</a> from main.o(i._ZN9telemetry7NumericIjED1Ev) referenced from main.o(.constdata__ZTVN9telemetry7NumericIjEE)
 <LI><a href="#[42]">telemetry::Numeric&lang;unsigned&rang;::~Numeric()</a> from main.o(i._ZN9telemetry7NumericIjED1Ev) referenced from main.o(.text)
 <LI><a href="#[8a]">thunk{-4} to AjK::MODSERIAL::~MODSERIAL__deallocating()</a> from modserial.o(.text) referenced from modserial.o(.constdata__ZTVN3AjK9MODSERIALE)
 <LI><a href="#[89]">thunk{-4} to AjK::MODSERIAL::~MODSERIAL()</a> from modserial.o(.text) referenced from modserial.o(.constdata__ZTVN3AjK9MODSERIALE)
 <LI><a href="#[8b]">__cxa_pure_virtual</a> from pure_virt.o(i.__cxa_pure_virtual) referenced 6 times from retarget.o(.constdata__ZTVN4mbed10FileHandleE)
 <LI><a href="#[8b]">__cxa_pure_virtual</a> from pure_virt.o(i.__cxa_pure_virtual) referenced 2 times from Stream.o(.constdata__ZTVN4mbed6StreamE)
 <LI><a href="#[8b]">__cxa_pure_virtual</a> from pure_virt.o(i.__cxa_pure_virtual) referenced 6 times from FileLike.o(.constdata__ZTVN4mbed8FileLikeE)
 <LI><a href="#[8b]">__cxa_pure_virtual</a> from pure_virt.o(i.__cxa_pure_virtual) referenced 5 times from main.o(.constdata__ZTVN9telemetry12HalInterfaceE)
 <LI><a href="#[8b]">__cxa_pure_virtual</a> from pure_virt.o(i.__cxa_pure_virtual) referenced 5 times from packet.o(.constdata__ZTVN9telemetry14TransmitPacketE)
 <LI><a href="#[8b]">__cxa_pure_virtual</a> from pure_virt.o(i.__cxa_pure_virtual) referenced 4 times from telemetry-data.o(.constdata__ZTVN9telemetry4DataE)
 <LI><a href="#[b4]">__main</a> from __main.o(!!!main) referenced from startup_MKL25Z4.o(.text)
 <LI><a href="#[b3]">__sti___8_main_cpp_50cc0329</a> from main.o(.text) referenced from main.o(.init_array)
 <LI><a href="#[74]">_fputc$unlocked</a> from fputc.o(i.fputc) referenced from _printf_char_file_locked.o(.text)
 <LI><a href="#[76]">_get_lc_ctype</a> from lc_ctype_c.o(locale$$code) referenced from rt_ctype_table.o(.text)
 <LI><a href="#[71]">_printf_input_char</a> from _printf_char_common.o(.text) referenced from _printf_char_common.o(.text)
 <LI><a href="#[70]">_sbackspace</a> from _sgetc.o(.text) referenced from __0sscanf.o(.text)
 <LI><a href="#[72]">_scanf_char_input</a> from scanf_char.o(.text) referenced from scanf_char.o(.text)
 <LI><a href="#[6f]">_sgetc</a> from _sgetc.o(.text) referenced from __0sscanf.o(.text)
 <LI><a href="#[6e]">_sputc</a> from _sputc.o(.text) referenced from __2sprintf.o(.text)
 <LI><a href="#[7b]">gpio_irqA</a> from gpio_irq_api.o(i.gpio_irqA) referenced from gpio_irq_api.o(i.gpio_irq_init)
 <LI><a href="#[7c]">gpio_irqD</a> from gpio_irq_api.o(i.gpio_irqD) referenced from gpio_irq_api.o(i.gpio_irq_init)
 <LI><a href="#[73]">isspace</a> from isspace.o(.text) referenced from scanf_char.o(.text)
 <LI><a href="#[7d]">lptmr_isr</a> from us_ticker.o(i.lptmr_isr) referenced from us_ticker.o(i.lptmr_init)
 <LI><a href="#[10]">main</a> from retarget.o(i.$Sub$$main) referenced 2 times from rtx_conf_cm.o(.data)
 <LI><a href="#[47]">osThreadExit</a> from rt_cmsis.o(.text) referenced from rt_cmsis.o(.text)
 <LI><a href="#[f]">osTimerThread</a> from rt_cmsis.o(.text) referenced 2 times from rtx_conf_cm.o(.data)
 <LI><a href="#[6a]">os_idle_demon</a> from rtx_conf_cm.o(.text) referenced from rt_task.o(.text)
 <LI><a href="#[39]">rt_alloc_box</a> from rt_membox.o(.text) referenced from hal_cm0.o(.emb_text)
 <LI><a href="#[3a]">rt_free_box</a> from rt_membox.o(.text) referenced from hal_cm0.o(.emb_text)
 <LI><a href="#[6c]">rt_mut_release</a> from rt_mutex.o(.text) referenced from rtx_conf_cm.o(.text)
 <LI><a href="#[6b]">rt_mut_wait</a> from rt_mutex.o(.text) referenced from rtx_conf_cm.o(.text)
 <LI><a href="#[4f]">svcDelay</a> from rt_cmsis.o(.text) referenced from rt_cmsis.o(.text)
 <LI><a href="#[48]">svcKernelInitialize</a> from rt_cmsis.o(.text) referenced from rt_cmsis.o(.text)
 <LI><a href="#[4a]">svcKernelRunning</a> from rt_cmsis.o(.text) referenced from rt_cmsis.o(.text)
 <LI><a href="#[49]">svcKernelStart</a> from rt_cmsis.o(.text) referenced from rt_cmsis.o(.text)
 <LI><a href="#[67]">svcMailCreate</a> from rt_cmsis.o(.text) referenced from rt_cmsis.o(.text)
 <LI><a href="#[65]">svcMessageCreate</a> from rt_cmsis.o(.text) referenced from rt_cmsis.o(.text)
 <LI><a href="#[55]">svcMessageGet</a> from rt_cmsis.o(.text) referenced from rt_cmsis.o(.text)
 <LI><a href="#[66]">svcMessagePut</a> from rt_cmsis.o(.text) referenced from rt_cmsis.o(.text)
 <LI><a href="#[5a]">svcMutexCreate</a> from rt_cmsis.o(.text) referenced from rt_cmsis.o(.text)
 <LI><a href="#[5d]">svcMutexDelete</a> from rt_cmsis.o(.text) referenced from rt_cmsis.o(.text)
 <LI><a href="#[5c]">svcMutexRelease</a> from rt_cmsis.o(.text) referenced from rt_cmsis.o(.text)
 <LI><a href="#[5b]">svcMutexWait</a> from rt_cmsis.o(.text) referenced from rt_cmsis.o(.text)
 <LI><a href="#[62]">svcPoolCreate</a> from rt_cmsis.o(.text) referenced from rt_cmsis.o(.text)
 <LI><a href="#[5e]">svcSemaphoreCreate</a> from rt_cmsis.o(.text) referenced from rt_cmsis.o(.text)
 <LI><a href="#[61]">svcSemaphoreDelete</a> from rt_cmsis.o(.text) referenced from rt_cmsis.o(.text)
 <LI><a href="#[60]">svcSemaphoreRelease</a> from rt_cmsis.o(.text) referenced from rt_cmsis.o(.text)
 <LI><a href="#[5f]">svcSemaphoreWait</a> from rt_cmsis.o(.text) referenced from rt_cmsis.o(.text)
 <LI><a href="#[57]">svcSignalClear</a> from rt_cmsis.o(.text) referenced from rt_cmsis.o(.text)
 <LI><a href="#[58]">svcSignalGet</a> from rt_cmsis.o(.text) referenced from rt_cmsis.o(.text)
 <LI><a href="#[56]">svcSignalSet</a> from rt_cmsis.o(.text) referenced from rt_cmsis.o(.text)
 <LI><a href="#[59]">svcSignalWait</a> from rt_cmsis.o(.text) referenced from rt_cmsis.o(.text)
 <LI><a href="#[4b]">svcThreadCreate</a> from rt_cmsis.o(.text) referenced from rt_cmsis.o(.text)
 <LI><a href="#[45]">svcThreadGetId</a> from rt_cmsis.o(.text) referenced from rt_cmsis.o(.text)
 <LI><a href="#[4e]">svcThreadGetPriority</a> from rt_cmsis.o(.text) referenced from rt_cmsis.o(.text)
 <LI><a href="#[4d]">svcThreadSetPriority</a> from rt_cmsis.o(.text) referenced from rt_cmsis.o(.text)
 <LI><a href="#[46]">svcThreadTerminate</a> from rt_cmsis.o(.text) referenced from rt_cmsis.o(.text)
 <LI><a href="#[4c]">svcThreadYield</a> from rt_cmsis.o(.text) referenced from rt_cmsis.o(.text)
 <LI><a href="#[54]">svcTimerCall</a> from rt_cmsis.o(.text) referenced from rt_cmsis.o(.text)
 <LI><a href="#[50]">svcTimerCreate</a> from rt_cmsis.o(.text) referenced from rt_cmsis.o(.text)
 <LI><a href="#[53]">svcTimerDelete</a> from rt_cmsis.o(.text) referenced from rt_cmsis.o(.text)
 <LI><a href="#[51]">svcTimerStart</a> from rt_cmsis.o(.text) referenced from rt_cmsis.o(.text)
 <LI><a href="#[52]">svcTimerStop</a> from rt_cmsis.o(.text) referenced from rt_cmsis.o(.text)
 <LI><a href="#[68]">sysMailAlloc</a> from rt_cmsis.o(.text) referenced from rt_cmsis.o(.text)
 <LI><a href="#[69]">sysMailFree</a> from rt_cmsis.o(.text) referenced from rt_cmsis.o(.text)
 <LI><a href="#[63]">sysPoolAlloc</a> from rt_cmsis.o(.text) referenced from rt_cmsis.o(.text)
 <LI><a href="#[64]">sysPoolFree</a> from rt_cmsis.o(.text) referenced from rt_cmsis.o(.text)
 <LI><a href="#[7e]">uart0_irq</a> from serial_api.o(i.uart0_irq) referenced from serial_api.o(i.serial_irq_set)
 <LI><a href="#[7f]">uart1_irq</a> from serial_api.o(i.uart1_irq) referenced from serial_api.o(i.serial_irq_set)
 <LI><a href="#[80]">uart2_irq</a> from serial_api.o(i.uart2_irq) referenced from serial_api.o(i.serial_irq_set)
</UL>
<P>
<H3>
Global Symbols
</H3>
<P><STRONG><a name="[b4]"></a>__main</STRONG> (Thumb, 8 bytes, Stack size 0 bytes, __main.o(!!!main))
<BR><BR>[Stack]<UL><LI>Max Depth = 164 + Unknown Stack Size
<LI>Call Chain = __main &rArr; __rt_entry &rArr; osThreadCreate &rArr; svcThreadCreate &rArr; sysThreadError &rArr; mbed_die &rArr; wait_ms &rArr; wait_us &rArr; us_ticker_read &rArr; us_ticker_init &rArr; lptmr_init &rArr; NVIC_SetVector
</UL>
<BR>[Calls]<UL><LI><a href="#[bd]">&gt;&gt;</a>&nbsp;&nbsp;&nbsp;__rt_entry
<LI><a href="#[bc]">&gt;&gt;</a>&nbsp;&nbsp;&nbsp;__scatterload
</UL>

<P><STRONG><a name="[bc]"></a>__scatterload</STRONG> (Thumb, 0 bytes, Stack size unknown bytes, __scatter.o(!!!scatter))
<BR><BR>[Called By]<UL><LI><a href="#[b4]">&gt;&gt;</a>&nbsp;&nbsp;&nbsp;__main
</UL>

<P><STRONG><a name="[be]"></a>__scatterload_rt2</STRONG> (Thumb, 52 bytes, Stack size unknown bytes, __scatter.o(!!!scatter), UNUSED)
<BR><BR>[Calls]<UL><LI><a href="#[bd]">&gt;&gt;</a>&nbsp;&nbsp;&nbsp;__rt_entry
</UL>

<P><STRONG><a name="[284]"></a>__scatterload_rt2_thumb_only</STRONG> (Thumb, 0 bytes, Stack size unknown bytes, __scatter.o(!!!scatter), UNUSED)

<P><STRONG><a name="[285]"></a>__scatterload_null</STRONG> (Thumb, 0 bytes, Stack size unknown bytes, __scatter.o(!!!scatter), UNUSED)

<P><STRONG><a name="[286]"></a>__scatterload_zeroinit</STRONG> (Thumb, 28 bytes, Stack size unknown bytes, __scatter_zi.o(!!handler_zi), UNUSED)

<P><STRONG><a name="[1d9]"></a>_printf_percent</STRONG> (Thumb, 0 bytes, Stack size unknown bytes, _printf_percent.o(.ARM.Collect$$_printf_percent$$00000000))
<BR><BR>[Called By]<UL><LI><a href="#[1d7]">&gt;&gt;</a>&nbsp;&nbsp;&nbsp;__printf
</UL>

<P><STRONG><a name="[bf]"></a>_printf_p</STRONG> (Thumb, 0 bytes, Stack size unknown bytes, _printf_p.o(.ARM.Collect$$_printf_percent$$00000002))
<BR><BR>[Stack]<UL><LI>Max Depth = 72 + Unknown Stack Size
<LI>Call Chain = _printf_p &rArr; _printf_d &rArr; _printf_int_dec &rArr; _printf_int_common
</UL>
<BR>[Calls]<UL><LI><a href="#[c0]">&gt;&gt;</a>&nbsp;&nbsp;&nbsp;_printf_d
<LI><a href="#[c1]">&gt;&gt;</a>&nbsp;&nbsp;&nbsp;_printf_hex_ptr
</UL>

<P><STRONG><a name="[c0]"></a>_printf_d</STRONG> (Thumb, 0 bytes, Stack size unknown bytes, _printf_d.o(.ARM.Collect$$_printf_percent$$00000009))
<BR><BR>[Stack]<UL><LI>Max Depth = 72 + Unknown Stack Size
<LI>Call Chain = _printf_d &rArr; _printf_int_dec &rArr; _printf_int_common
</UL>
<BR>[Calls]<UL><LI><a href="#[c2]">&gt;&gt;</a>&nbsp;&nbsp;&nbsp;_printf_s
<LI><a href="#[c3]">&gt;&gt;</a>&nbsp;&nbsp;&nbsp;_printf_int_dec
</UL>
<BR>[Called By]<UL><LI><a href="#[bf]">&gt;&gt;</a>&nbsp;&nbsp;&nbsp;_printf_p
</UL>

<P><STRONG><a name="[c2]"></a>_printf_s</STRONG> (Thumb, 0 bytes, Stack size unknown bytes, _printf_s.o(.ARM.Collect$$_printf_percent$$00000014))
<BR><BR>[Stack]<UL><LI>Max Depth = 24 + Unknown Stack Size
<LI>Call Chain = _printf_s &rArr; _printf_string &rArr; _printf_cs_common &rArr; _printf_str
</UL>
<BR>[Calls]<UL><LI><a href="#[c4]">&gt;&gt;</a>&nbsp;&nbsp;&nbsp;_printf_percent_end
<LI><a href="#[c5]">&gt;&gt;</a>&nbsp;&nbsp;&nbsp;_printf_string
</UL>
<BR>[Called By]<UL><LI><a href="#[c0]">&gt;&gt;</a>&nbsp;&nbsp;&nbsp;_printf_d
</UL>

<P><STRONG><a name="[c4]"></a>_printf_percent_end</STRONG> (Thumb, 0 bytes, Stack size unknown bytes, _printf_percent_end.o(.ARM.Collect$$_printf_percent$$00000017))
<BR><BR>[Called By]<UL><LI><a href="#[c2]">&gt;&gt;</a>&nbsp;&nbsp;&nbsp;_printf_s
</UL>

<P><STRONG><a name="[d6]"></a>__rt_lib_init</STRONG> (Thumb, 0 bytes, Stack size unknown bytes, libinit.o(.ARM.Collect$$libinit$$00000000))
<BR><BR>[Called By]<UL><LI><a href="#[bd]">&gt;&gt;</a>&nbsp;&nbsp;&nbsp;__rt_entry
</UL>

<P><STRONG><a name="[287]"></a>__rt_lib_init_fp_1</STRONG> (Thumb, 0 bytes, Stack size unknown bytes, libinit2.o(.ARM.Collect$$libinit$$00000002))

<P><STRONG><a name="[c6]"></a>__rt_lib_init_heap_2</STRONG> (Thumb, 0 bytes, Stack size unknown bytes, libinit2.o(.ARM.Collect$$libinit$$00000005))
<BR><BR>[Stack]<UL><LI>Max Depth = 184 + Unknown Stack Size
<LI>Call Chain = __rt_lib_init_heap_2 &rArr; _init_alloc &rArr; __Heap_Initialize &rArr; _mutex_initialize &rArr; __2fprintf &rArr; _printf_char_file &rArr; _printf_char_common &rArr; __printf
</UL>
<BR>[Calls]<UL><LI><a href="#[c7]">&gt;&gt;</a>&nbsp;&nbsp;&nbsp;_init_alloc
</UL>

<P><STRONG><a name="[288]"></a>__rt_lib_init_preinit_1</STRONG> (Thumb, 0 bytes, Stack size unknown bytes, libinit2.o(.ARM.Collect$$libinit$$00000004))

<P><STRONG><a name="[289]"></a>__rt_lib_init_heap_1</STRONG> (Thumb, 0 bytes, Stack size unknown bytes, libinit2.o(.ARM.Collect$$libinit$$0000000A))

<P><STRONG><a name="[c8]"></a>__rt_lib_init_lc_common</STRONG> (Thumb, 0 bytes, Stack size unknown bytes, libinit2.o(.ARM.Collect$$libinit$$0000000F))
<BR><BR>[Stack]<UL><LI>Max Depth = 8 + Unknown Stack Size
<LI>Call Chain = __rt_lib_init_lc_common &rArr; __rt_locale
</UL>
<BR>[Calls]<UL><LI><a href="#[c9]">&gt;&gt;</a>&nbsp;&nbsp;&nbsp;__rt_locale
</UL>

<P><STRONG><a name="[28a]"></a>__rt_lib_init_rand_1</STRONG> (Thumb, 0 bytes, Stack size unknown bytes, libinit2.o(.ARM.Collect$$libinit$$0000000E))

<P><STRONG><a name="[28b]"></a>__rt_lib_init_user_alloc_1</STRONG> (Thumb, 0 bytes, Stack size unknown bytes, libinit2.o(.ARM.Collect$$libinit$$0000000C))

<P><STRONG><a name="[28c]"></a>__rt_lib_init_lc_collate_1</STRONG> (Thumb, 0 bytes, Stack size unknown bytes, libinit2.o(.ARM.Collect$$libinit$$00000011))

<P><STRONG><a name="[ca]"></a>__rt_lib_init_lc_ctype_2</STRONG> (Thumb, 0 bytes, Stack size unknown bytes, libinit2.o(.ARM.Collect$$libinit$$00000012))
<BR><BR>[Stack]<UL><LI>Max Depth = 24 + Unknown Stack Size
<LI>Call Chain = __rt_lib_init_lc_ctype_2 &rArr; _get_lc_ctype &rArr; strcmp
</UL>
<BR>[Calls]<UL><LI><a href="#[76]">&gt;&gt;</a>&nbsp;&nbsp;&nbsp;_get_lc_ctype
</UL>

<P><STRONG><a name="[28d]"></a>__rt_lib_init_atexit_1</STRONG> (Thumb, 0 bytes, Stack size unknown bytes, libinit2.o(.ARM.Collect$$libinit$$0000001B))

<P><STRONG><a name="[28e]"></a>__rt_lib_init_clock_1</STRONG> (Thumb, 0 bytes, Stack size unknown bytes, libinit2.o(.ARM.Collect$$libinit$$00000021))

<P><STRONG><a name="[28f]"></a>__rt_lib_init_fp_trap_1</STRONG> (Thumb, 0 bytes, Stack size unknown bytes, libinit2.o(.ARM.Collect$$libinit$$0000001F))

<P><STRONG><a name="[290]"></a>__rt_lib_init_getenv_1</STRONG> (Thumb, 0 bytes, Stack size unknown bytes, libinit2.o(.ARM.Collect$$libinit$$00000023))

<P><STRONG><a name="[291]"></a>__rt_lib_init_lc_ctype_1</STRONG> (Thumb, 0 bytes, Stack size unknown bytes, libinit2.o(.ARM.Collect$$libinit$$00000013))

<P><STRONG><a name="[292]"></a>__rt_lib_init_lc_monetary_1</STRONG> (Thumb, 0 bytes, Stack size unknown bytes, libinit2.o(.ARM.Collect$$libinit$$00000015))

<P><STRONG><a name="[293]"></a>__rt_lib_init_lc_numeric_1</STRONG> (Thumb, 0 bytes, Stack size unknown bytes, libinit2.o(.ARM.Collect$$libinit$$00000017))

<P><STRONG><a name="[294]"></a>__rt_lib_init_lc_time_1</STRONG> (Thumb, 0 bytes, Stack size unknown bytes, libinit2.o(.ARM.Collect$$libinit$$00000019))

<P><STRONG><a name="[295]"></a>__rt_lib_init_signal_1</STRONG> (Thumb, 0 bytes, Stack size unknown bytes, libinit2.o(.ARM.Collect$$libinit$$0000001D))

<P><STRONG><a name="[cb]"></a>__rt_lib_init_stdio_2</STRONG> (Thumb, 0 bytes, Stack size unknown bytes, libinit2.o(.ARM.Collect$$libinit$$00000024))
<BR><BR>[Stack]<UL><LI>Max Depth = 376 + Unknown Stack Size
<LI>Call Chain = __rt_lib_init_stdio_2 &rArr; _initio &rArr; freopen &rArr; _freopen_locked &rArr; _fclose_internal &rArr; _fflush &rArr; _writebuf &rArr; _sys_write &rArr; init_serial() &rArr; serial_init &rArr; serial_format &rArr; __2fprintf &rArr; _printf_char_file &rArr; _printf_char_common &rArr; __printf
</UL>
<BR>[Calls]<UL><LI><a href="#[cc]">&gt;&gt;</a>&nbsp;&nbsp;&nbsp;_initio
</UL>

<P><STRONG><a name="[296]"></a>__rt_lib_init_alloca_1</STRONG> (Thumb, 0 bytes, Stack size unknown bytes, libinit2.o(.ARM.Collect$$libinit$$0000002E))

<P><STRONG><a name="[297]"></a>__rt_lib_init_argv_1</STRONG> (Thumb, 0 bytes, Stack size unknown bytes, libinit2.o(.ARM.Collect$$libinit$$0000002C))

<P><STRONG><a name="[cd]"></a>__rt_lib_init_cpp_2</STRONG> (Thumb, 0 bytes, Stack size unknown bytes, libinit2.o(.ARM.Collect$$libinit$$00000031))
<BR><BR>[Stack]<UL><LI>Max Depth = 16 + Unknown Stack Size
<LI>Call Chain = __rt_lib_init_cpp_2 &rArr; __cpp_initialize__aeabi_
</UL>
<BR>[Calls]<UL><LI><a href="#[bb]">&gt;&gt;</a>&nbsp;&nbsp;&nbsp;__cpp_initialize__aeabi_
</UL>

<P><STRONG><a name="[298]"></a>__rt_lib_init_exceptions_1</STRONG> (Thumb, 0 bytes, Stack size unknown bytes, libinit2.o(.ARM.Collect$$libinit$$00000030))

<P><STRONG><a name="[299]"></a>__rt_lib_init_stdio_1</STRONG> (Thumb, 0 bytes, Stack size unknown bytes, libinit2.o(.ARM.Collect$$libinit$$00000025))

<P><STRONG><a name="[29a]"></a>__rt_lib_init_cpp_1</STRONG> (Thumb, 0 bytes, Stack size unknown bytes, libinit2.o(.ARM.Collect$$libinit$$00000032))

<P><STRONG><a name="[29b]"></a>__rt_lib_init_return</STRONG> (Thumb, 0 bytes, Stack size unknown bytes, libinit2.o(.ARM.Collect$$libinit$$00000033))

<P><STRONG><a name="[ce]"></a>__rt_lib_shutdown_cpp_1</STRONG> (Thumb, 0 bytes, Stack size unknown bytes, libshutdown2.o(.ARM.Collect$$libshutdown$$00000001))
<BR><BR>[Stack]<UL><LI>Max Depth = 72 + Unknown Stack Size
<LI>Call Chain = __rt_lib_shutdown_cpp_1 &rArr; __cxa_finalize &rArr; free &rArr; _free_internal &rArr; _mutex_release
</UL>
<BR>[Calls]<UL><LI><a href="#[cf]">&gt;&gt;</a>&nbsp;&nbsp;&nbsp;__cxa_finalize
</UL>

<P><STRONG><a name="[29c]"></a>__rt_lib_shutdown_stdio_2</STRONG> (Thumb, 0 bytes, Stack size 0 bytes, libshutdown2.o(.ARM.Collect$$libshutdown$$00000003))

<P><STRONG><a name="[29d]"></a>rt_set_PSP</STRONG> (Thumb, 6 bytes, Stack size 0 bytes, hal_cm0.o(.emb_text), UNUSED)

<P><STRONG><a name="[1a9]"></a>rt_get_PSP</STRONG> (Thumb, 6 bytes, Stack size 0 bytes, hal_cm0.o(.emb_text))
<BR><BR>[Called By]<UL><LI><a href="#[148]">&gt;&gt;</a>&nbsp;&nbsp;&nbsp;rt_tsk_delete
</UL>

<P><STRONG><a name="[29e]"></a>os_set_env</STRONG> (Thumb, 32 bytes, Stack size 0 bytes, hal_cm0.o(.emb_text), UNUSED)

<P><STRONG><a name="[19d]"></a>_alloc_box</STRONG> (Thumb, 28 bytes, Stack size 0 bytes, hal_cm0.o(.emb_text), UNUSED)
<BR><BR>[Called By]<UL><LI><a href="#[19c]">&gt;&gt;</a>&nbsp;&nbsp;&nbsp;_calloc_box
</UL>

<P><STRONG><a name="[29f]"></a>_free_box</STRONG> (Thumb, 28 bytes, Stack size 0 bytes, hal_cm0.o(.emb_text), UNUSED)

<P><STRONG><a name="[16]"></a>SVC_Handler</STRONG> (Thumb, 136 bytes, Stack size 0 bytes, hal_cm0.o(.emb_text))
<BR><BR>[Stack]<UL><LI>Max Depth = 124<LI>Call Chain = SVC_Handler &rArr; rt_stk_check &rArr; os_error &rArr; mbed_die &rArr; wait_ms &rArr; wait_us &rArr; us_ticker_read &rArr; us_ticker_init &rArr; lptmr_init &rArr; NVIC_SetVector
</UL>
<BR>[Calls]<UL><LI><a href="#[d0]">&gt;&gt;</a>&nbsp;&nbsp;&nbsp;rt_stk_check
</UL>
<BR>[Address Reference Count : 1]<UL><LI> startup_MKL25Z4.o(RESET)
</UL>
<P><STRONG><a name="[17]"></a>PendSV_Handler</STRONG> (Thumb, 72 bytes, Stack size 0 bytes, hal_cm0.o(.emb_text))
<BR><BR>[Stack]<UL><LI>Max Depth = 156<LI>Call Chain = PendSV_Handler &rArr; rt_pop_req &rArr; rt_mbx_psh &rArr; os_error &rArr; mbed_die &rArr; wait_ms &rArr; wait_us &rArr; us_ticker_read &rArr; us_ticker_init &rArr; lptmr_init &rArr; NVIC_SetVector
</UL>
<BR>[Calls]<UL><LI><a href="#[d0]">&gt;&gt;</a>&nbsp;&nbsp;&nbsp;rt_stk_check
<LI><a href="#[d1]">&gt;&gt;</a>&nbsp;&nbsp;&nbsp;rt_pop_req
</UL>
<BR>[Address Reference Count : 1]<UL><LI> startup_MKL25Z4.o(RESET)
</UL>
<P><STRONG><a name="[18]"></a>SysTick_Handler</STRONG> (Thumb, 8 bytes, Stack size 0 bytes, hal_cm0.o(.emb_text))
<BR><BR>[Stack]<UL><LI>Max Depth = 204<LI>Call Chain = SysTick_Handler &rArr; rt_systick &rArr; sysTimerTick &rArr; isrMessagePut &rArr; isr_mbx_send &rArr; rt_psq_enq &rArr; os_error &rArr; mbed_die &rArr; wait_ms &rArr; wait_us &rArr; us_ticker_read &rArr; us_ticker_init &rArr; lptmr_init &rArr; NVIC_SetVector
</UL>
<BR>[Calls]<UL><LI><a href="#[d2]">&gt;&gt;</a>&nbsp;&nbsp;&nbsp;rt_systick
</UL>
<BR>[Address Reference Count : 1]<UL><LI> startup_MKL25Z4.o(RESET)
</UL>
<P><STRONG><a name="[d3]"></a>OS_Tick_Handler</STRONG> (Thumb, 12 bytes, Stack size 0 bytes, hal_cm0.o(.emb_text), UNUSED)
<BR><BR>[Calls]<UL><LI><a href="#[d2]">&gt;&gt;</a>&nbsp;&nbsp;&nbsp;rt_systick
<LI><a href="#[d4]">&gt;&gt;</a>&nbsp;&nbsp;&nbsp;os_tick_irqack
</UL>

<P><STRONG><a name="[bd]"></a>__rt_entry</STRONG> (Thumb, 36 bytes, Stack size 0 bytes, rtx_conf_cm.o(.emb_text))
<BR><BR>[Stack]<UL><LI>Max Depth = 164 + Unknown Stack Size
<LI>Call Chain = __rt_entry &rArr; osThreadCreate &rArr; svcThreadCreate &rArr; sysThreadError &rArr; mbed_die &rArr; wait_ms &rArr; wait_us &rArr; us_ticker_read &rArr; us_ticker_init &rArr; lptmr_init &rArr; NVIC_SetVector
</UL>
<BR>[Calls]<UL><LI><a href="#[d8]">&gt;&gt;</a>&nbsp;&nbsp;&nbsp;osThreadCreate
<LI><a href="#[d9]">&gt;&gt;</a>&nbsp;&nbsp;&nbsp;osKernelStart
<LI><a href="#[d7]">&gt;&gt;</a>&nbsp;&nbsp;&nbsp;osKernelInitialize
<LI><a href="#[b5]">&gt;&gt;</a>&nbsp;&nbsp;&nbsp;set_main_stack
<LI><a href="#[da]">&gt;&gt;</a>&nbsp;&nbsp;&nbsp;exit
<LI><a href="#[d5]">&gt;&gt;</a>&nbsp;&nbsp;&nbsp;__user_setup_stackheap
<LI><a href="#[d6]">&gt;&gt;</a>&nbsp;&nbsp;&nbsp;__rt_lib_init
</UL>
<BR>[Called By]<UL><LI><a href="#[b4]">&gt;&gt;</a>&nbsp;&nbsp;&nbsp;__main
<LI><a href="#[be]">&gt;&gt;</a>&nbsp;&nbsp;&nbsp;__scatterload_rt2
</UL>

<P><STRONG><a name="[1ec]"></a>__aeabi_memcpy4</STRONG> (Thumb, 56 bytes, Stack size 0 bytes, rt_memcpy.o(.emb_text))
<BR><BR>[Called By]<UL><LI><a href="#[1eb]">&gt;&gt;</a>&nbsp;&nbsp;&nbsp;__aeabi_memcpy
</UL>

<P><STRONG><a name="[2a0]"></a>__aeabi_memcpy8</STRONG> (Thumb, 0 bytes, Stack size 0 bytes, rt_memcpy.o(.emb_text), UNUSED)

<P><STRONG><a name="[2a1]"></a>unsigned char telemetry::protocol::numeric_subtype&lang;unsigned char&rang;()</STRONG> (Thumb, 4 bytes, Stack size 0 bytes, protocol.o(.text), UNUSED)

<P><STRONG><a name="[2a2]"></a>_maybe_terminate_alloc</STRONG> (Thumb, 0 bytes, Stack size 0 bytes, maybetermalloc1.o(.emb_text), UNUSED)

<P><STRONG><a name="[273]"></a>unsigned char telemetry::protocol::numeric_subtype&lang;unsigned short&rang;()</STRONG> (Thumb, 4 bytes, Stack size 0 bytes, protocol.o(.text))
<BR><BR>[Called By]<UL><LI><a href="#[96]">&gt;&gt;</a>&nbsp;&nbsp;&nbsp;telemetry::NumericArray&lang;unsigned short, (unsigned)128&rang;::write_header_kvrs(telemetry::TransmitPacket&)
</UL>

<P><STRONG><a name="[279]"></a>unsigned char telemetry::protocol::numeric_subtype&lang;unsigned&rang;()</STRONG> (Thumb, 4 bytes, Stack size 0 bytes, protocol.o(.text))
<BR><BR>[Called By]<UL><LI><a href="#[af]">&gt;&gt;</a>&nbsp;&nbsp;&nbsp;telemetry::Numeric&lang;unsigned&rang;::write_header_kvrs(telemetry::TransmitPacket&)
</UL>

<P><STRONG><a name="[2a3]"></a>unsigned char telemetry::protocol::numeric_subtype&lang;signed char&rang;()</STRONG> (Thumb, 4 bytes, Stack size 0 bytes, protocol.o(.text), UNUSED)

<P><STRONG><a name="[2a4]"></a>unsigned char telemetry::protocol::numeric_subtype&lang;short&rang;()</STRONG> (Thumb, 4 bytes, Stack size 0 bytes, protocol.o(.text), UNUSED)

<P><STRONG><a name="[2a5]"></a>unsigned char telemetry::protocol::numeric_subtype&lang;int&rang;()</STRONG> (Thumb, 4 bytes, Stack size 0 bytes, protocol.o(.text), UNUSED)

<P><STRONG><a name="[276]"></a>unsigned char telemetry::protocol::numeric_subtype&lang;float&rang;()</STRONG> (Thumb, 4 bytes, Stack size 0 bytes, protocol.o(.text))
<BR><BR>[Called By]<UL><LI><a href="#[a9]">&gt;&gt;</a>&nbsp;&nbsp;&nbsp;telemetry::Numeric&lang;float&rang;::write_header_kvrs(telemetry::TransmitPacket&)
</UL>

<P><STRONG><a name="[2a6]"></a>unsigned char telemetry::protocol::numeric_subtype&lang;double&rang;()</STRONG> (Thumb, 4 bytes, Stack size 0 bytes, protocol.o(.text), UNUSED)

<P><STRONG><a name="[a0]"></a>telemetry::Data::get_header_kvrs_length()</STRONG> (Thumb, 34 bytes, Stack size 16 bytes, telemetry-data.o(.text))
<BR><BR>[Stack]<UL><LI>Max Depth = 28<LI>Call Chain = telemetry::Data::get_header_kvrs_length() &rArr; strlen
</UL>
<BR>[Calls]<UL><LI><a href="#[db]">&gt;&gt;</a>&nbsp;&nbsp;&nbsp;strlen
</UL>
<BR>[Called By]<UL><LI><a href="#[ae]">&gt;&gt;</a>&nbsp;&nbsp;&nbsp;telemetry::Numeric&lang;unsigned&rang;::get_header_kvrs_length()
<LI><a href="#[a8]">&gt;&gt;</a>&nbsp;&nbsp;&nbsp;telemetry::Numeric&lang;float&rang;::get_header_kvrs_length()
<LI><a href="#[95]">&gt;&gt;</a>&nbsp;&nbsp;&nbsp;telemetry::NumericArray&lang;unsigned short, (unsigned)128&rang;::get_header_kvrs_length()
</UL>
<BR>[Address Reference Count : 1]<UL><LI> telemetry-data.o(.constdata__ZTVN9telemetry4DataE)
</UL>
<P><STRONG><a name="[dc]"></a>telemetry::packet_write_string(telemetry::TransmitPacket&, const char*)</STRONG> (Thumb, 38 bytes, Stack size 16 bytes, telemetry-data.o(.text))
<BR><BR>[Stack]<UL><LI>Max Depth = 16<LI>Call Chain = telemetry::packet_write_string(telemetry::TransmitPacket&, const char*)
</UL>
<BR>[Called By]<UL><LI><a href="#[a1]">&gt;&gt;</a>&nbsp;&nbsp;&nbsp;telemetry::Data::write_header_kvrs(telemetry::TransmitPacket&)
</UL>

<P><STRONG><a name="[a1]"></a>telemetry::Data::write_header_kvrs(telemetry::TransmitPacket&)</STRONG> (Thumb, 62 bytes, Stack size 16 bytes, telemetry-data.o(.text))
<BR><BR>[Stack]<UL><LI>Max Depth = 32<LI>Call Chain = telemetry::Data::write_header_kvrs(telemetry::TransmitPacket&) &rArr; telemetry::packet_write_string(telemetry::TransmitPacket&, const char*)
</UL>
<BR>[Calls]<UL><LI><a href="#[dc]">&gt;&gt;</a>&nbsp;&nbsp;&nbsp;telemetry::packet_write_string(telemetry::TransmitPacket&, const char*)
</UL>
<BR>[Called By]<UL><LI><a href="#[af]">&gt;&gt;</a>&nbsp;&nbsp;&nbsp;telemetry::Numeric&lang;unsigned&rang;::write_header_kvrs(telemetry::TransmitPacket&)
<LI><a href="#[a9]">&gt;&gt;</a>&nbsp;&nbsp;&nbsp;telemetry::Numeric&lang;float&rang;::write_header_kvrs(telemetry::TransmitPacket&)
<LI><a href="#[96]">&gt;&gt;</a>&nbsp;&nbsp;&nbsp;telemetry::NumericArray&lang;unsigned short, (unsigned)128&rang;::write_header_kvrs(telemetry::TransmitPacket&)
</UL>
<BR>[Address Reference Count : 1]<UL><LI> telemetry-data.o(.constdata__ZTVN9telemetry4DataE)
</UL>
<P><STRONG><a name="[13]"></a>Reset_Handler</STRONG> (Thumb, 8 bytes, Stack size 0 bytes, startup_MKL25Z4.o(.text))
<BR>[Address Reference Count : 1]<UL><LI> startup_MKL25Z4.o(RESET)
</UL>
<P><STRONG><a name="[14]"></a>NMI_Handler</STRONG> (Thumb, 2 bytes, Stack size 0 bytes, startup_MKL25Z4.o(.text))
<BR><BR>[Calls]<UL><LI><a href="#[14]">&gt;&gt;</a>&nbsp;&nbsp;&nbsp;NMI_Handler
</UL>
<BR>[Called By]<UL><LI><a href="#[14]">&gt;&gt;</a>&nbsp;&nbsp;&nbsp;NMI_Handler
</UL>
<BR>[Address Reference Count : 1]<UL><LI> startup_MKL25Z4.o(RESET)
</UL>
<P><STRONG><a name="[15]"></a>HardFault_Handler</STRONG> (Thumb, 2 bytes, Stack size 0 bytes, startup_MKL25Z4.o(.text))
<BR><BR>[Calls]<UL><LI><a href="#[15]">&gt;&gt;</a>&nbsp;&nbsp;&nbsp;HardFault_Handler
</UL>
<BR>[Called By]<UL><LI><a href="#[15]">&gt;&gt;</a>&nbsp;&nbsp;&nbsp;HardFault_Handler
</UL>
<BR>[Address Reference Count : 1]<UL><LI> startup_MKL25Z4.o(RESET)
</UL>
<P><STRONG><a name="[28]"></a>ADC0_IRQHandler</STRONG> (Thumb, 0 bytes, Stack size 0 bytes, startup_MKL25Z4.o(.text))
<BR><BR>[Calls]<UL><LI><a href="#[28]">&gt;&gt;</a>&nbsp;&nbsp;&nbsp;ADC0_IRQHandler
</UL>
<BR>[Called By]<UL><LI><a href="#[28]">&gt;&gt;</a>&nbsp;&nbsp;&nbsp;ADC0_IRQHandler
</UL>
<BR>[Address Reference Count : 1]<UL><LI> startup_MKL25Z4.o(RESET)
</UL>
<P><STRONG><a name="[29]"></a>CMP0_IRQHandler</STRONG> (Thumb, 0 bytes, Stack size 0 bytes, startup_MKL25Z4.o(.text))
<BR>[Address Reference Count : 1]<UL><LI> startup_MKL25Z4.o(RESET)
</UL>
<P><STRONG><a name="[32]"></a>DAC0_IRQHandler</STRONG> (Thumb, 0 bytes, Stack size 0 bytes, startup_MKL25Z4.o(.text))
<BR>[Address Reference Count : 1]<UL><LI> startup_MKL25Z4.o(RESET)
</UL>
<P><STRONG><a name="[19]"></a>DMA0_IRQHandler</STRONG> (Thumb, 0 bytes, Stack size 0 bytes, startup_MKL25Z4.o(.text))
<BR>[Address Reference Count : 1]<UL><LI> startup_MKL25Z4.o(RESET)
</UL>
<P><STRONG><a name="[1a]"></a>DMA1_IRQHandler</STRONG> (Thumb, 0 bytes, Stack size 0 bytes, startup_MKL25Z4.o(.text))
<BR>[Address Reference Count : 1]<UL><LI> startup_MKL25Z4.o(RESET)
</UL>
<P><STRONG><a name="[1b]"></a>DMA2_IRQHandler</STRONG> (Thumb, 0 bytes, Stack size 0 bytes, startup_MKL25Z4.o(.text))
<BR>[Address Reference Count : 1]<UL><LI> startup_MKL25Z4.o(RESET)
</UL>
<P><STRONG><a name="[1c]"></a>DMA3_IRQHandler</STRONG> (Thumb, 0 bytes, Stack size 0 bytes, startup_MKL25Z4.o(.text))
<BR>[Address Reference Count : 1]<UL><LI> startup_MKL25Z4.o(RESET)
</UL>
<P><STRONG><a name="[2a7]"></a>DefaultISR</STRONG> (Thumb, 0 bytes, Stack size 0 bytes, startup_MKL25Z4.o(.text), UNUSED)

<P><STRONG><a name="[1e]"></a>FTFA_IRQHandler</STRONG> (Thumb, 0 bytes, Stack size 0 bytes, startup_MKL25Z4.o(.text))
<BR>[Address Reference Count : 1]<UL><LI> startup_MKL25Z4.o(RESET)
</UL>
<P><STRONG><a name="[21]"></a>I2C0_IRQHandler</STRONG> (Thumb, 0 bytes, Stack size 0 bytes, startup_MKL25Z4.o(.text))
<BR>[Address Reference Count : 1]<UL><LI> startup_MKL25Z4.o(RESET)
</UL>
<P><STRONG><a name="[22]"></a>I2C1_IRQHandler</STRONG> (Thumb, 0 bytes, Stack size 0 bytes, startup_MKL25Z4.o(.text))
<BR>[Address Reference Count : 1]<UL><LI> startup_MKL25Z4.o(RESET)
</UL>
<P><STRONG><a name="[20]"></a>LLW_IRQHandler</STRONG> (Thumb, 0 bytes, Stack size 0 bytes, startup_MKL25Z4.o(.text))
<BR>[Address Reference Count : 1]<UL><LI> startup_MKL25Z4.o(RESET)
</UL>
<P><STRONG><a name="[35]"></a>LPTimer_IRQHandler</STRONG> (Thumb, 0 bytes, Stack size 0 bytes, startup_MKL25Z4.o(.text))
<BR>[Address Reference Count : 1]<UL><LI> startup_MKL25Z4.o(RESET)
</UL>
<P><STRONG><a name="[1f]"></a>LVD_LVW_IRQHandler</STRONG> (Thumb, 0 bytes, Stack size 0 bytes, startup_MKL25Z4.o(.text))
<BR>[Address Reference Count : 1]<UL><LI> startup_MKL25Z4.o(RESET)
</UL>
<P><STRONG><a name="[34]"></a>MCG_IRQHandler</STRONG> (Thumb, 0 bytes, Stack size 0 bytes, startup_MKL25Z4.o(.text))
<BR>[Address Reference Count : 1]<UL><LI> startup_MKL25Z4.o(RESET)
</UL>
<P><STRONG><a name="[2f]"></a>PIT_IRQHandler</STRONG> (Thumb, 0 bytes, Stack size 0 bytes, startup_MKL25Z4.o(.text))
<BR>[Address Reference Count : 1]<UL><LI> startup_MKL25Z4.o(RESET)
</UL>
<P><STRONG><a name="[37]"></a>PORTA_IRQHandler</STRONG> (Thumb, 0 bytes, Stack size 0 bytes, startup_MKL25Z4.o(.text))
<BR>[Address Reference Count : 1]<UL><LI> startup_MKL25Z4.o(RESET)
</UL>
<P><STRONG><a name="[38]"></a>PORTD_IRQHandler</STRONG> (Thumb, 0 bytes, Stack size 0 bytes, startup_MKL25Z4.o(.text))
<BR>[Address Reference Count : 1]<UL><LI> startup_MKL25Z4.o(RESET)
</UL>
<P><STRONG><a name="[2d]"></a>RTC_IRQHandler</STRONG> (Thumb, 0 bytes, Stack size 0 bytes, startup_MKL25Z4.o(.text))
<BR>[Address Reference Count : 1]<UL><LI> startup_MKL25Z4.o(RESET)
</UL>
<P><STRONG><a name="[2e]"></a>RTC_Seconds_IRQHandler</STRONG> (Thumb, 0 bytes, Stack size 0 bytes, startup_MKL25Z4.o(.text))
<BR>[Address Reference Count : 1]<UL><LI> startup_MKL25Z4.o(RESET)
</UL>
<P><STRONG><a name="[1d]"></a>Reserved20_IRQHandler</STRONG> (Thumb, 0 bytes, Stack size 0 bytes, startup_MKL25Z4.o(.text))
<BR>[Address Reference Count : 1]<UL><LI> startup_MKL25Z4.o(RESET)
</UL>
<P><STRONG><a name="[30]"></a>Reserved39_IRQHandler</STRONG> (Thumb, 0 bytes, Stack size 0 bytes, startup_MKL25Z4.o(.text))
<BR>[Address Reference Count : 1]<UL><LI> startup_MKL25Z4.o(RESET)
</UL>
<P><STRONG><a name="[36]"></a>Reserved45_IRQHandler</STRONG> (Thumb, 0 bytes, Stack size 0 bytes, startup_MKL25Z4.o(.text))
<BR>[Address Reference Count : 1]<UL><LI> startup_MKL25Z4.o(RESET)
</UL>
<P><STRONG><a name="[23]"></a>SPI0_IRQHandler</STRONG> (Thumb, 0 bytes, Stack size 0 bytes, startup_MKL25Z4.o(.text))
<BR>[Address Reference Count : 1]<UL><LI> startup_MKL25Z4.o(RESET)
</UL>
<P><STRONG><a name="[24]"></a>SPI1_IRQHandler</STRONG> (Thumb, 0 bytes, Stack size 0 bytes, startup_MKL25Z4.o(.text))
<BR>[Address Reference Count : 1]<UL><LI> startup_MKL25Z4.o(RESET)
</UL>
<P><STRONG><a name="[2a]"></a>TPM0_IRQHandler</STRONG> (Thumb, 0 bytes, Stack size 0 bytes, startup_MKL25Z4.o(.text))
<BR>[Address Reference Count : 1]<UL><LI> startup_MKL25Z4.o(RESET)
</UL>
<P><STRONG><a name="[2b]"></a>TPM1_IRQHandler</STRONG> (Thumb, 0 bytes, Stack size 0 bytes, startup_MKL25Z4.o(.text))
<BR>[Address Reference Count : 1]<UL><LI> startup_MKL25Z4.o(RESET)
</UL>
<P><STRONG><a name="[2c]"></a>TPM2_IRQHandler</STRONG> (Thumb, 0 bytes, Stack size 0 bytes, startup_MKL25Z4.o(.text))
<BR>[Address Reference Count : 1]<UL><LI> startup_MKL25Z4.o(RESET)
</UL>
<P><STRONG><a name="[33]"></a>TSI0_IRQHandler</STRONG> (Thumb, 0 bytes, Stack size 0 bytes, startup_MKL25Z4.o(.text))
<BR>[Address Reference Count : 1]<UL><LI> startup_MKL25Z4.o(RESET)
</UL>
<P><STRONG><a name="[25]"></a>UART0_IRQHandler</STRONG> (Thumb, 0 bytes, Stack size 0 bytes, startup_MKL25Z4.o(.text))
<BR>[Address Reference Count : 1]<UL><LI> startup_MKL25Z4.o(RESET)
</UL>
<P><STRONG><a name="[26]"></a>UART1_IRQHandler</STRONG> (Thumb, 0 bytes, Stack size 0 bytes, startup_MKL25Z4.o(.text))
<BR>[Address Reference Count : 1]<UL><LI> startup_MKL25Z4.o(RESET)
</UL>
<P><STRONG><a name="[27]"></a>UART2_IRQHandler</STRONG> (Thumb, 0 bytes, Stack size 0 bytes, startup_MKL25Z4.o(.text))
<BR>[Address Reference Count : 1]<UL><LI> startup_MKL25Z4.o(RESET)
</UL>
<P><STRONG><a name="[31]"></a>USB0_IRQHandler</STRONG> (Thumb, 0 bytes, Stack size 0 bytes, startup_MKL25Z4.o(.text))
<BR>[Address Reference Count : 1]<UL><LI> startup_MKL25Z4.o(RESET)
</UL>
<P><STRONG><a name="[2a8]"></a>__user_libspace</STRONG> (Thumb, 8 bytes, Stack size 0 bytes, libspace.o(.text), UNUSED)

<P><STRONG><a name="[1fd]"></a>__user_perproc_libspace</STRONG> (Thumb, 0 bytes, Stack size 0 bytes, libspace.o(.text))
<BR><BR>[Called By]<UL><LI><a href="#[227]">&gt;&gt;</a>&nbsp;&nbsp;&nbsp;__rt_eh_globals_addr
<LI><a href="#[c9]">&gt;&gt;</a>&nbsp;&nbsp;&nbsp;__rt_locale
<LI><a href="#[1ff]">&gt;&gt;</a>&nbsp;&nbsp;&nbsp;__rt_ddtor_pointer_addr
<LI><a href="#[1fe]">&gt;&gt;</a>&nbsp;&nbsp;&nbsp;__rt_new_handler_addr
<LI><a href="#[1ce]">&gt;&gt;</a>&nbsp;&nbsp;&nbsp;__rt_heap_descriptor
</UL>

<P><STRONG><a name="[ef]"></a>find_line(unsigned short*)</STRONG> (Thumb, 76 bytes, Stack size 12 bytes, main.o(.text))
<BR><BR>[Stack]<UL><LI>Max Depth = 12<LI>Call Chain = find_line(unsigned short*)
</UL>
<BR>[Called By]<UL><LI><a href="#[3e]">&gt;&gt;</a>&nbsp;&nbsp;&nbsp;cam_data_thread(const void*)
</UL>

<P><STRONG><a name="[dd]"></a>dummy_read()</STRONG> (Thumb, 70 bytes, Stack size 8 bytes, main.o(.text))
<BR><BR>[Stack]<UL><LI>Max Depth = 84<LI>Call Chain = dummy_read() &rArr; wait_us &rArr; us_ticker_read &rArr; us_ticker_init &rArr; lptmr_init &rArr; NVIC_SetVector
</UL>
<BR>[Calls]<UL><LI><a href="#[de]">&gt;&gt;</a>&nbsp;&nbsp;&nbsp;mbed::DigitalOut::write(int)
<LI><a href="#[df]">&gt;&gt;</a>&nbsp;&nbsp;&nbsp;wait_us
</UL>
<BR>[Called By]<UL><LI><a href="#[3e]">&gt;&gt;</a>&nbsp;&nbsp;&nbsp;cam_data_thread(const void*)
</UL>

<P><STRONG><a name="[e0]"></a>set_steer(int)</STRONG> (Thumb, 120 bytes, Stack size 24 bytes, main.o(.text))
<BR><BR>[Stack]<UL><LI>Max Depth = 108<LI>Call Chain = set_steer(int) &rArr; mbed::Timer::read() &rArr; mbed::Timer::read_us() &rArr; mbed::Timer::slicetime() &rArr; us_ticker_read &rArr; us_ticker_init &rArr; lptmr_init &rArr; NVIC_SetVector
</UL>
<BR>[Calls]<UL><LI><a href="#[ec]">&gt;&gt;</a>&nbsp;&nbsp;&nbsp;mbed::PwmOut::pulsewidth_us(int)
<LI><a href="#[e4]">&gt;&gt;</a>&nbsp;&nbsp;&nbsp;mbed::Timer::start()
<LI><a href="#[e3]">&gt;&gt;</a>&nbsp;&nbsp;&nbsp;mbed::Timer::reset()
<LI><a href="#[e1]">&gt;&gt;</a>&nbsp;&nbsp;&nbsp;mbed::Timer::stop()
<LI><a href="#[e2]">&gt;&gt;</a>&nbsp;&nbsp;&nbsp;mbed::Timer::read()
<LI><a href="#[e9]">&gt;&gt;</a>&nbsp;&nbsp;&nbsp;PID::compute()
<LI><a href="#[e8]">&gt;&gt;</a>&nbsp;&nbsp;&nbsp;PID::setProcessValue(float)
<LI><a href="#[e6]">&gt;&gt;</a>&nbsp;&nbsp;&nbsp;PID::setInterval(float)
<LI><a href="#[ea]">&gt;&gt;</a>&nbsp;&nbsp;&nbsp;floorf
<LI><a href="#[e7]">&gt;&gt;</a>&nbsp;&nbsp;&nbsp;__aeabi_i2f
<LI><a href="#[eb]">&gt;&gt;</a>&nbsp;&nbsp;&nbsp;__aeabi_f2iz
<LI><a href="#[e5]">&gt;&gt;</a>&nbsp;&nbsp;&nbsp;__aeabi_cfcmpeq
</UL>
<BR>[Called By]<UL><LI><a href="#[3e]">&gt;&gt;</a>&nbsp;&nbsp;&nbsp;cam_data_thread(const void*)
</UL>

<P><STRONG><a name="[3e]"></a>cam_data_thread(const void*)</STRONG> (Thumb, 260 bytes, Stack size 0 bytes, main.o(.text))
<BR><BR>[Stack]<UL><LI>Max Depth = 108<LI>Call Chain = cam_data_thread(const void*) &rArr; set_steer(int) &rArr; mbed::Timer::read() &rArr; mbed::Timer::read_us() &rArr; mbed::Timer::slicetime() &rArr; us_ticker_read &rArr; us_ticker_init &rArr; lptmr_init &rArr; NVIC_SetVector
</UL>
<BR>[Calls]<UL><LI><a href="#[f0]">&gt;&gt;</a>&nbsp;&nbsp;&nbsp;mbed::DigitalOut::operator =(int)
<LI><a href="#[de]">&gt;&gt;</a>&nbsp;&nbsp;&nbsp;mbed::DigitalOut::write(int)
<LI><a href="#[df]">&gt;&gt;</a>&nbsp;&nbsp;&nbsp;wait_us
<LI><a href="#[ee]">&gt;&gt;</a>&nbsp;&nbsp;&nbsp;analogin_read_u16
<LI><a href="#[ed]">&gt;&gt;</a>&nbsp;&nbsp;&nbsp;rtos::Thread::wait(unsigned)
<LI><a href="#[e0]">&gt;&gt;</a>&nbsp;&nbsp;&nbsp;set_steer(int)
<LI><a href="#[dd]">&gt;&gt;</a>&nbsp;&nbsp;&nbsp;dummy_read()
<LI><a href="#[ef]">&gt;&gt;</a>&nbsp;&nbsp;&nbsp;find_line(unsigned short*)
</UL>
<BR>[Address Reference Count : 1]<UL><LI> main.o(.text)
</UL>
<P><STRONG><a name="[f1]"></a>camera_setup()</STRONG> (Thumb, 46 bytes, Stack size 8 bytes, main.o(.text))
<BR><BR>[Stack]<UL><LI>Max Depth = 16<LI>Call Chain = camera_setup() &rArr; mbed::DigitalOut::write(int)
</UL>
<BR>[Calls]<UL><LI><a href="#[de]">&gt;&gt;</a>&nbsp;&nbsp;&nbsp;mbed::DigitalOut::write(int)
<LI><a href="#[f2]">&gt;&gt;</a>&nbsp;&nbsp;&nbsp;__aeabi_memclr
</UL>
<BR>[Called By]<UL><LI><a href="#[10f]">&gt;&gt;</a>&nbsp;&nbsp;&nbsp;$Super$$main
</UL>

<P><STRONG><a name="[3d]"></a>speed_isr()</STRONG> (Thumb, 12 bytes, Stack size 0 bytes, main.o(.text))
<BR>[Address Reference Count : 1]<UL><LI> main.o(.text)
</UL>
<P><STRONG><a name="[f3]"></a>set_speed(float)</STRONG> (Thumb, 106 bytes, Stack size 32 bytes, main.o(.text))
<BR><BR>[Stack]<UL><LI>Max Depth = 64<LI>Call Chain = set_speed(float) &rArr; pwmout_write &rArr; __aeabi_fmul
</UL>
<BR>[Calls]<UL><LI><a href="#[f9]">&gt;&gt;</a>&nbsp;&nbsp;&nbsp;pwmout_write
<LI><a href="#[f4]">&gt;&gt;</a>&nbsp;&nbsp;&nbsp;__aeabi_f2d
<LI><a href="#[f5]">&gt;&gt;</a>&nbsp;&nbsp;&nbsp;__aeabi_cdrcmple
<LI><a href="#[f6]">&gt;&gt;</a>&nbsp;&nbsp;&nbsp;__aeabi_cdcmple
<LI><a href="#[f8]">&gt;&gt;</a>&nbsp;&nbsp;&nbsp;__aeabi_drsub
<LI><a href="#[f7]">&gt;&gt;</a>&nbsp;&nbsp;&nbsp;__aeabi_d2f
</UL>
<BR>[Called By]<UL><LI><a href="#[104]">&gt;&gt;</a>&nbsp;&nbsp;&nbsp;estimate_speed()
<LI><a href="#[fa]">&gt;&gt;</a>&nbsp;&nbsp;&nbsp;drive_setup()
</UL>

<P><STRONG><a name="[fa]"></a>drive_setup()</STRONG> (Thumb, 54 bytes, Stack size 16 bytes, main.o(.text))
<BR><BR>[Stack]<UL><LI>Max Depth = 80<LI>Call Chain = drive_setup() &rArr; set_speed(float) &rArr; pwmout_write &rArr; __aeabi_fmul
</UL>
<BR>[Calls]<UL><LI><a href="#[de]">&gt;&gt;</a>&nbsp;&nbsp;&nbsp;mbed::DigitalOut::write(int)
<LI><a href="#[fb]">&gt;&gt;</a>&nbsp;&nbsp;&nbsp;pwmout_period_us
<LI><a href="#[fc]">&gt;&gt;</a>&nbsp;&nbsp;&nbsp;mbed::InterruptIn::fall(void(*)())
<LI><a href="#[f3]">&gt;&gt;</a>&nbsp;&nbsp;&nbsp;set_speed(float)
</UL>
<BR>[Called By]<UL><LI><a href="#[10f]">&gt;&gt;</a>&nbsp;&nbsp;&nbsp;$Super$$main
</UL>

<P><STRONG><a name="[fd]"></a>steer_setup()</STRONG> (Thumb, 72 bytes, Stack size 16 bytes, main.o(.text))
<BR><BR>[Stack]<UL><LI>Max Depth = 76<LI>Call Chain = steer_setup() &rArr; pwmout_period_ms &rArr; pwmout_period_us &rArr; pwmout_read &rArr; __aeabi_fdiv
</UL>
<BR>[Calls]<UL><LI><a href="#[ec]">&gt;&gt;</a>&nbsp;&nbsp;&nbsp;mbed::PwmOut::pulsewidth_us(int)
<LI><a href="#[103]">&gt;&gt;</a>&nbsp;&nbsp;&nbsp;pwmout_period_ms
<LI><a href="#[101]">&gt;&gt;</a>&nbsp;&nbsp;&nbsp;PID::setMode(int)
<LI><a href="#[100]">&gt;&gt;</a>&nbsp;&nbsp;&nbsp;PID::setBias(float)
<LI><a href="#[ff]">&gt;&gt;</a>&nbsp;&nbsp;&nbsp;PID::setOutputLimits(float, float)
<LI><a href="#[fe]">&gt;&gt;</a>&nbsp;&nbsp;&nbsp;PID::setInputLimits(float, float)
<LI><a href="#[102]">&gt;&gt;</a>&nbsp;&nbsp;&nbsp;PID::setSetPoint(float)
</UL>
<BR>[Called By]<UL><LI><a href="#[10f]">&gt;&gt;</a>&nbsp;&nbsp;&nbsp;$Super$$main
</UL>

<P><STRONG><a name="[104]"></a>estimate_speed()</STRONG> (Thumb, 568 bytes, Stack size 72 bytes, main.o(.text))
<BR><BR>[Stack]<UL><LI>Max Depth = 156<LI>Call Chain = estimate_speed() &rArr; mbed::Timer::read() &rArr; mbed::Timer::read_us() &rArr; mbed::Timer::slicetime() &rArr; us_ticker_read &rArr; us_ticker_init &rArr; lptmr_init &rArr; NVIC_SetVector
</UL>
<BR>[Calls]<UL><LI><a href="#[10c]">&gt;&gt;</a>&nbsp;&nbsp;&nbsp;telemetry::Numeric&lang;float&rang;::operator =(float)
<LI><a href="#[e4]">&gt;&gt;</a>&nbsp;&nbsp;&nbsp;mbed::Timer::start()
<LI><a href="#[e3]">&gt;&gt;</a>&nbsp;&nbsp;&nbsp;mbed::Timer::reset()
<LI><a href="#[e1]">&gt;&gt;</a>&nbsp;&nbsp;&nbsp;mbed::Timer::stop()
<LI><a href="#[e2]">&gt;&gt;</a>&nbsp;&nbsp;&nbsp;mbed::Timer::read()
<LI><a href="#[f3]">&gt;&gt;</a>&nbsp;&nbsp;&nbsp;set_speed(float)
<LI><a href="#[10a]">&gt;&gt;</a>&nbsp;&nbsp;&nbsp;__aeabi_fsub
<LI><a href="#[109]">&gt;&gt;</a>&nbsp;&nbsp;&nbsp;__aeabi_fadd
<LI><a href="#[f4]">&gt;&gt;</a>&nbsp;&nbsp;&nbsp;__aeabi_f2d
<LI><a href="#[f5]">&gt;&gt;</a>&nbsp;&nbsp;&nbsp;__aeabi_cdrcmple
<LI><a href="#[107]">&gt;&gt;</a>&nbsp;&nbsp;&nbsp;__aeabi_dmul
<LI><a href="#[f6]">&gt;&gt;</a>&nbsp;&nbsp;&nbsp;__aeabi_cdcmple
<LI><a href="#[106]">&gt;&gt;</a>&nbsp;&nbsp;&nbsp;__aeabi_i2d
<LI><a href="#[105]">&gt;&gt;</a>&nbsp;&nbsp;&nbsp;__aeabi_cdcmpeq
<LI><a href="#[108]">&gt;&gt;</a>&nbsp;&nbsp;&nbsp;__aeabi_ddiv
<LI><a href="#[10b]">&gt;&gt;</a>&nbsp;&nbsp;&nbsp;__aeabi_dadd
<LI><a href="#[f7]">&gt;&gt;</a>&nbsp;&nbsp;&nbsp;__aeabi_d2f
</UL>
<BR>[Called By]<UL><LI><a href="#[10f]">&gt;&gt;</a>&nbsp;&nbsp;&nbsp;$Super$$main
</UL>

<P><STRONG><a name="[10d]"></a>flash_led()</STRONG> (Thumb, 36 bytes, Stack size 8 bytes, main.o(.text))
<BR><BR>[Stack]<UL><LI>Max Depth = 92<LI>Call Chain = flash_led() &rArr; wait &rArr; wait_us &rArr; us_ticker_read &rArr; us_ticker_init &rArr; lptmr_init &rArr; NVIC_SetVector
</UL>
<BR>[Calls]<UL><LI><a href="#[de]">&gt;&gt;</a>&nbsp;&nbsp;&nbsp;mbed::DigitalOut::write(int)
<LI><a href="#[10e]">&gt;&gt;</a>&nbsp;&nbsp;&nbsp;wait
</UL>
<BR>[Called By]<UL><LI><a href="#[10f]">&gt;&gt;</a>&nbsp;&nbsp;&nbsp;$Super$$main
</UL>

<P><STRONG><a name="[10f]"></a>$Super$$main</STRONG> (Thumb, 232 bytes, Stack size 192 bytes, main.o(.text))
<BR><BR>[Stack]<UL><LI>Max Depth = 396 + Unknown Stack Size
<LI>Call Chain = $Super$$main &rArr; rtos::Thread::Thread(void(*)(const void*), void*, osPriority, unsigned, unsigned char*) &rArr; osThreadCreate &rArr; svcThreadCreate &rArr; sysThreadError &rArr; mbed_die &rArr; wait_ms &rArr; wait_us &rArr; us_ticker_read &rArr; us_ticker_init &rArr; lptmr_init &rArr; NVIC_SetVector
</UL>
<BR>[Calls]<UL><LI><a href="#[10c]">&gt;&gt;</a>&nbsp;&nbsp;&nbsp;telemetry::Numeric&lang;float&rang;::operator =(float)
<LI><a href="#[f0]">&gt;&gt;</a>&nbsp;&nbsp;&nbsp;mbed::DigitalOut::operator =(int)
<LI><a href="#[10e]">&gt;&gt;</a>&nbsp;&nbsp;&nbsp;wait
<LI><a href="#[116]">&gt;&gt;</a>&nbsp;&nbsp;&nbsp;telemetry::Telemetry::do_io()
<LI><a href="#[114]">&gt;&gt;</a>&nbsp;&nbsp;&nbsp;telemetry::Telemetry::mark_data_updated(unsigned)
<LI><a href="#[111]">&gt;&gt;</a>&nbsp;&nbsp;&nbsp;telemetry::Telemetry::transmit_header()
<LI><a href="#[112]">&gt;&gt;</a>&nbsp;&nbsp;&nbsp;rtos::Thread::Thread(void(*)(const void*), void*, osPriority, unsigned, unsigned char*)
<LI><a href="#[ed]">&gt;&gt;</a>&nbsp;&nbsp;&nbsp;rtos::Thread::wait(unsigned)
<LI><a href="#[113]">&gt;&gt;</a>&nbsp;&nbsp;&nbsp;rtos::Thread::set_priority(osPriority)
<LI><a href="#[115]">&gt;&gt;</a>&nbsp;&nbsp;&nbsp;mbed::Timer::read_ms()
<LI><a href="#[e4]">&gt;&gt;</a>&nbsp;&nbsp;&nbsp;mbed::Timer::start()
<LI><a href="#[110]">&gt;&gt;</a>&nbsp;&nbsp;&nbsp;mbed::SerialBase::baud(int)
<LI><a href="#[10d]">&gt;&gt;</a>&nbsp;&nbsp;&nbsp;flash_led()
<LI><a href="#[104]">&gt;&gt;</a>&nbsp;&nbsp;&nbsp;estimate_speed()
<LI><a href="#[fd]">&gt;&gt;</a>&nbsp;&nbsp;&nbsp;steer_setup()
<LI><a href="#[fa]">&gt;&gt;</a>&nbsp;&nbsp;&nbsp;drive_setup()
<LI><a href="#[f1]">&gt;&gt;</a>&nbsp;&nbsp;&nbsp;camera_setup()
</UL>
<BR>[Called By]<UL><LI><a href="#[10]">&gt;&gt;</a>&nbsp;&nbsp;&nbsp;main
</UL>

<P><STRONG><a name="[125]"></a>telemetry::ReceivePacketBuffer::new_packet()</STRONG> (Thumb, 8 bytes, Stack size 0 bytes, packet.o(.text))
<BR><BR>[Called By]<UL><LI><a href="#[124]">&gt;&gt;</a>&nbsp;&nbsp;&nbsp;telemetry::ReceivePacketBuffer::ReceivePacketBuffer(telemetry::HalInterface&)
</UL>

<P><STRONG><a name="[124]"></a>telemetry::ReceivePacketBuffer::ReceivePacketBuffer(telemetry::HalInterface&)</STRONG> (Thumb, 18 bytes, Stack size 4 bytes, packet.o(.text))
<BR><BR>[Stack]<UL><LI>Max Depth = 4<LI>Call Chain = telemetry::ReceivePacketBuffer::ReceivePacketBuffer(telemetry::HalInterface&)
</UL>
<BR>[Calls]<UL><LI><a href="#[125]">&gt;&gt;</a>&nbsp;&nbsp;&nbsp;telemetry::ReceivePacketBuffer::new_packet()
</UL>
<BR>[Called By]<UL><LI><a href="#[11f]">&gt;&gt;</a>&nbsp;&nbsp;&nbsp;telemetry::Telemetry::Telemetry(telemetry::HalInterface&)
</UL>

<P><STRONG><a name="[2a9]"></a>telemetry::ReceivePacketBuffer::ReceivePacketBuffer__sub_object(telemetry::HalInterface&)</STRONG> (Thumb, 0 bytes, Stack size 4 bytes, packet.o(.text), UNUSED)

<P><STRONG><a name="[135]"></a>telemetry::ReceivePacketBuffer::add_byte(unsigned char)</STRONG> (Thumb, 42 bytes, Stack size 16 bytes, packet.o(.text))
<BR><BR>[Stack]<UL><LI>Max Depth = 16<LI>Call Chain = telemetry::ReceivePacketBuffer::add_byte(unsigned char)
</UL>
<BR>[Called By]<UL><LI><a href="#[133]">&gt;&gt;</a>&nbsp;&nbsp;&nbsp;telemetry::Telemetry::process_received_data()
</UL>

<P><STRONG><a name="[132]"></a>telemetry::ReceivePacketBuffer::read_uint8()</STRONG> (Thumb, 46 bytes, Stack size 8 bytes, packet.o(.text))
<BR><BR>[Stack]<UL><LI>Max Depth = 8<LI>Call Chain = telemetry::ReceivePacketBuffer::read_uint8()
</UL>
<BR>[Called By]<UL><LI><a href="#[131]">&gt;&gt;</a>&nbsp;&nbsp;&nbsp;telemetry::Telemetry::process_received_packet()
</UL>

<P><STRONG><a name="[12b]"></a>telemetry::ReceivePacketBuffer::read_uint16()</STRONG> (Thumb, 60 bytes, Stack size 8 bytes, packet.o(.text))
<BR><BR>[Stack]<UL><LI>Max Depth = 8<LI>Call Chain = telemetry::ReceivePacketBuffer::read_uint16()
</UL>
<BR>[Called By]<UL><LI><a href="#[12a]">&gt;&gt;</a>&nbsp;&nbsp;&nbsp;T1 telemetry::internal::buf_read&lang;unsigned short&rang;(telemetry::ReceivePacketBuffer&)
</UL>

<P><STRONG><a name="[12d]"></a>telemetry::ReceivePacketBuffer::read_uint32()</STRONG> (Thumb, 80 bytes, Stack size 8 bytes, packet.o(.text))
<BR><BR>[Stack]<UL><LI>Max Depth = 8<LI>Call Chain = telemetry::ReceivePacketBuffer::read_uint32()
</UL>
<BR>[Called By]<UL><LI><a href="#[12c]">&gt;&gt;</a>&nbsp;&nbsp;&nbsp;T1 telemetry::internal::buf_read&lang;unsigned&rang;(telemetry::ReceivePacketBuffer&)
</UL>

<P><STRONG><a name="[128]"></a>telemetry::ReceivePacketBuffer::read_float()</STRONG> (Thumb, 80 bytes, Stack size 16 bytes, packet.o(.text))
<BR><BR>[Stack]<UL><LI>Max Depth = 16<LI>Call Chain = telemetry::ReceivePacketBuffer::read_float()
</UL>
<BR>[Called By]<UL><LI><a href="#[127]">&gt;&gt;</a>&nbsp;&nbsp;&nbsp;T1 telemetry::internal::buf_read&lang;unsigned char&rang;(telemetry::ReceivePacketBuffer&)
<LI><a href="#[12e]">&gt;&gt;</a>&nbsp;&nbsp;&nbsp;T1 telemetry::internal::buf_read&lang;float&rang;(telemetry::ReceivePacketBuffer&)
</UL>

<P><STRONG><a name="[130]"></a>telemetry::FixedLengthTransmitPacket::FixedLengthTransmitPacket(telemetry::HalInterface&, unsigned)</STRONG> (Thumb, 74 bytes, Stack size 24 bytes, packet.o(.text))
<BR><BR>[Stack]<UL><LI>Max Depth = 24<LI>Call Chain = telemetry::FixedLengthTransmitPacket::FixedLengthTransmitPacket(telemetry::HalInterface&, unsigned)
</UL>
<BR>[Called By]<UL><LI><a href="#[136]">&gt;&gt;</a>&nbsp;&nbsp;&nbsp;telemetry::Telemetry::transmit_data()
<LI><a href="#[111]">&gt;&gt;</a>&nbsp;&nbsp;&nbsp;telemetry::Telemetry::transmit_header()
</UL>

<P><STRONG><a name="[2aa]"></a>telemetry::FixedLengthTransmitPacket::FixedLengthTransmitPacket__sub_object(telemetry::HalInterface&, unsigned)</STRONG> (Thumb, 0 bytes, Stack size 24 bytes, packet.o(.text), UNUSED)

<P><STRONG><a name="[126]"></a>telemetry::FixedLengthTransmitPacket::write_byte(unsigned char)</STRONG> (Thumb, 84 bytes, Stack size 16 bytes, packet.o(.text))
<BR><BR>[Stack]<UL><LI>Max Depth = 16<LI>Call Chain = telemetry::FixedLengthTransmitPacket::write_byte(unsigned char)
</UL>
<BR>[Called By]<UL><LI><a href="#[9e]">&gt;&gt;</a>&nbsp;&nbsp;&nbsp;telemetry::FixedLengthTransmitPacket::write_float(float)
<LI><a href="#[9d]">&gt;&gt;</a>&nbsp;&nbsp;&nbsp;telemetry::FixedLengthTransmitPacket::write_uint32(unsigned)
<LI><a href="#[9c]">&gt;&gt;</a>&nbsp;&nbsp;&nbsp;telemetry::FixedLengthTransmitPacket::write_uint16(unsigned short)
<LI><a href="#[9b]">&gt;&gt;</a>&nbsp;&nbsp;&nbsp;telemetry::FixedLengthTransmitPacket::write_uint8(unsigned char)
</UL>

<P><STRONG><a name="[9b]"></a>telemetry::FixedLengthTransmitPacket::write_uint8(unsigned char)</STRONG> (Thumb, 16 bytes, Stack size 16 bytes, packet.o(.text))
<BR><BR>[Stack]<UL><LI>Max Depth = 32<LI>Call Chain = telemetry::FixedLengthTransmitPacket::write_uint8(unsigned char) &rArr; telemetry::FixedLengthTransmitPacket::write_byte(unsigned char)
</UL>
<BR>[Calls]<UL><LI><a href="#[126]">&gt;&gt;</a>&nbsp;&nbsp;&nbsp;telemetry::FixedLengthTransmitPacket::write_byte(unsigned char)
</UL>
<BR>[Called By]<UL><LI><a href="#[136]">&gt;&gt;</a>&nbsp;&nbsp;&nbsp;telemetry::Telemetry::transmit_data()
<LI><a href="#[111]">&gt;&gt;</a>&nbsp;&nbsp;&nbsp;telemetry::Telemetry::transmit_header()
</UL>
<BR>[Address Reference Count : 1]<UL><LI> packet.o(.constdata__ZTVN9telemetry25FixedLengthTransmitPacketE)
</UL>
<P><STRONG><a name="[9c]"></a>telemetry::FixedLengthTransmitPacket::write_uint16(unsigned short)</STRONG> (Thumb, 26 bytes, Stack size 16 bytes, packet.o(.text))
<BR><BR>[Stack]<UL><LI>Max Depth = 32<LI>Call Chain = telemetry::FixedLengthTransmitPacket::write_uint16(unsigned short) &rArr; telemetry::FixedLengthTransmitPacket::write_byte(unsigned char)
</UL>
<BR>[Calls]<UL><LI><a href="#[126]">&gt;&gt;</a>&nbsp;&nbsp;&nbsp;telemetry::FixedLengthTransmitPacket::write_byte(unsigned char)
</UL>
<BR>[Address Reference Count : 1]<UL><LI> packet.o(.constdata__ZTVN9telemetry25FixedLengthTransmitPacketE)
</UL>
<P><STRONG><a name="[9d]"></a>telemetry::FixedLengthTransmitPacket::write_uint32(unsigned)</STRONG> (Thumb, 44 bytes, Stack size 16 bytes, packet.o(.text))
<BR><BR>[Stack]<UL><LI>Max Depth = 32<LI>Call Chain = telemetry::FixedLengthTransmitPacket::write_uint32(unsigned) &rArr; telemetry::FixedLengthTransmitPacket::write_byte(unsigned char)
</UL>
<BR>[Calls]<UL><LI><a href="#[126]">&gt;&gt;</a>&nbsp;&nbsp;&nbsp;telemetry::FixedLengthTransmitPacket::write_byte(unsigned char)
</UL>
<BR>[Address Reference Count : 1]<UL><LI> packet.o(.constdata__ZTVN9telemetry25FixedLengthTransmitPacketE)
</UL>
<P><STRONG><a name="[9e]"></a>telemetry::FixedLengthTransmitPacket::write_float(float)</STRONG> (Thumb, 40 bytes, Stack size 24 bytes, packet.o(.text))
<BR><BR>[Stack]<UL><LI>Max Depth = 40<LI>Call Chain = telemetry::FixedLengthTransmitPacket::write_float(float) &rArr; telemetry::FixedLengthTransmitPacket::write_byte(unsigned char)
</UL>
<BR>[Calls]<UL><LI><a href="#[126]">&gt;&gt;</a>&nbsp;&nbsp;&nbsp;telemetry::FixedLengthTransmitPacket::write_byte(unsigned char)
</UL>
<BR>[Address Reference Count : 1]<UL><LI> packet.o(.constdata__ZTVN9telemetry25FixedLengthTransmitPacketE)
</UL>
<P><STRONG><a name="[9f]"></a>telemetry::FixedLengthTransmitPacket::finish()</STRONG> (Thumb, 46 bytes, Stack size 8 bytes, packet.o(.text))
<BR><BR>[Stack]<UL><LI>Max Depth = 8<LI>Call Chain = telemetry::FixedLengthTransmitPacket::finish()
</UL>
<BR>[Called By]<UL><LI><a href="#[136]">&gt;&gt;</a>&nbsp;&nbsp;&nbsp;telemetry::Telemetry::transmit_data()
<LI><a href="#[111]">&gt;&gt;</a>&nbsp;&nbsp;&nbsp;telemetry::Telemetry::transmit_header()
</UL>
<BR>[Address Reference Count : 1]<UL><LI> packet.o(.constdata__ZTVN9telemetry25FixedLengthTransmitPacketE)
</UL>
<P><STRONG><a name="[2ab]"></a>void telemetry::internal::pkt_write&lang;unsigned char&rang;(telemetry::TransmitPacket&, T1)</STRONG> (Thumb, 18 bytes, Stack size 16 bytes, packet.o(.text), UNUSED)

<P><STRONG><a name="[272]"></a>void telemetry::internal::pkt_write&lang;unsigned short&rang;(telemetry::TransmitPacket&, T1)</STRONG> (Thumb, 18 bytes, Stack size 16 bytes, packet.o(.text))
<BR><BR>[Stack]<UL><LI>Max Depth = 16<LI>Call Chain = void telemetry::internal::pkt_write&lang;unsigned short&rang;(telemetry::TransmitPacket&, T1)
</UL>
<BR>[Called By]<UL><LI><a href="#[271]">&gt;&gt;</a>&nbsp;&nbsp;&nbsp;telemetry::NumericArray&lang;unsigned short, (unsigned)128&rang;::serialize_data(unsigned short, telemetry::TransmitPacket&)
</UL>

<P><STRONG><a name="[278]"></a>void telemetry::internal::pkt_write&lang;unsigned&rang;(telemetry::TransmitPacket&, T1)</STRONG> (Thumb, 18 bytes, Stack size 16 bytes, packet.o(.text))
<BR><BR>[Stack]<UL><LI>Max Depth = 16<LI>Call Chain = void telemetry::internal::pkt_write&lang;unsigned&rang;(telemetry::TransmitPacket&, T1)
</UL>
<BR>[Called By]<UL><LI><a href="#[277]">&gt;&gt;</a>&nbsp;&nbsp;&nbsp;telemetry::Numeric&lang;unsigned&rang;::serialize_data(unsigned, telemetry::TransmitPacket&)
</UL>

<P><STRONG><a name="[275]"></a>void telemetry::internal::pkt_write&lang;float&rang;(telemetry::TransmitPacket&, T1)</STRONG> (Thumb, 18 bytes, Stack size 16 bytes, packet.o(.text))
<BR><BR>[Stack]<UL><LI>Max Depth = 16<LI>Call Chain = void telemetry::internal::pkt_write&lang;float&rang;(telemetry::TransmitPacket&, T1)
</UL>
<BR>[Called By]<UL><LI><a href="#[274]">&gt;&gt;</a>&nbsp;&nbsp;&nbsp;telemetry::Numeric&lang;float&rang;::serialize_data(float, telemetry::TransmitPacket&)
</UL>

<P><STRONG><a name="[127]"></a>T1 telemetry::internal::buf_read&lang;unsigned char&rang;(telemetry::ReceivePacketBuffer&)</STRONG> (Thumb, 20 bytes, Stack size 16 bytes, packet.o(.text), UNUSED)
<BR><BR>[Calls]<UL><LI><a href="#[128]">&gt;&gt;</a>&nbsp;&nbsp;&nbsp;telemetry::ReceivePacketBuffer::read_float()
<LI><a href="#[129]">&gt;&gt;</a>&nbsp;&nbsp;&nbsp;__aeabi_f2uiz
</UL>

<P><STRONG><a name="[12a]"></a>T1 telemetry::internal::buf_read&lang;unsigned short&rang;(telemetry::ReceivePacketBuffer&)</STRONG> (Thumb, 12 bytes, Stack size 8 bytes, packet.o(.text))
<BR><BR>[Stack]<UL><LI>Max Depth = 16<LI>Call Chain = T1 telemetry::internal::buf_read&lang;unsigned short&rang;(telemetry::ReceivePacketBuffer&) &rArr; telemetry::ReceivePacketBuffer::read_uint16()
</UL>
<BR>[Calls]<UL><LI><a href="#[12b]">&gt;&gt;</a>&nbsp;&nbsp;&nbsp;telemetry::ReceivePacketBuffer::read_uint16()
</UL>
<BR>[Called By]<UL><LI><a href="#[99]">&gt;&gt;</a>&nbsp;&nbsp;&nbsp;telemetry::NumericArray&lang;unsigned short, (unsigned)128&rang;::set_from_packet(telemetry::ReceivePacketBuffer&)
</UL>

<P><STRONG><a name="[12c]"></a>T1 telemetry::internal::buf_read&lang;unsigned&rang;(telemetry::ReceivePacketBuffer&)</STRONG> (Thumb, 12 bytes, Stack size 8 bytes, packet.o(.text))
<BR><BR>[Stack]<UL><LI>Max Depth = 16<LI>Call Chain = T1 telemetry::internal::buf_read&lang;unsigned&rang;(telemetry::ReceivePacketBuffer&) &rArr; telemetry::ReceivePacketBuffer::read_uint32()
</UL>
<BR>[Calls]<UL><LI><a href="#[12d]">&gt;&gt;</a>&nbsp;&nbsp;&nbsp;telemetry::ReceivePacketBuffer::read_uint32()
</UL>
<BR>[Called By]<UL><LI><a href="#[b2]">&gt;&gt;</a>&nbsp;&nbsp;&nbsp;telemetry::Numeric&lang;unsigned&rang;::set_from_packet(telemetry::ReceivePacketBuffer&)
</UL>

<P><STRONG><a name="[12e]"></a>T1 telemetry::internal::buf_read&lang;float&rang;(telemetry::ReceivePacketBuffer&)</STRONG> (Thumb, 12 bytes, Stack size 8 bytes, packet.o(.text))
<BR><BR>[Stack]<UL><LI>Max Depth = 24<LI>Call Chain = T1 telemetry::internal::buf_read&lang;float&rang;(telemetry::ReceivePacketBuffer&) &rArr; telemetry::ReceivePacketBuffer::read_float()
</UL>
<BR>[Calls]<UL><LI><a href="#[128]">&gt;&gt;</a>&nbsp;&nbsp;&nbsp;telemetry::ReceivePacketBuffer::read_float()
</UL>
<BR>[Called By]<UL><LI><a href="#[ac]">&gt;&gt;</a>&nbsp;&nbsp;&nbsp;telemetry::Numeric&lang;float&rang;::set_from_packet(telemetry::ReceivePacketBuffer&)
</UL>

<P><STRONG><a name="[121]"></a>telemetry::Telemetry::add_data(telemetry::Data&)</STRONG> (Thumb, 76 bytes, Stack size 16 bytes, telemetry.o(.text))
<BR><BR>[Stack]<UL><LI>Max Depth = 32<LI>Call Chain = telemetry::Telemetry::add_data(telemetry::Data&) &rArr; telemetry::Telemetry::do_error(const char*)
</UL>
<BR>[Calls]<UL><LI><a href="#[12f]">&gt;&gt;</a>&nbsp;&nbsp;&nbsp;telemetry::Telemetry::do_error(const char*)
</UL>
<BR>[Called By]<UL><LI><a href="#[123]">&gt;&gt;</a>&nbsp;&nbsp;&nbsp;telemetry::Numeric&lang;float&rang;::Numeric(telemetry::Telemetry&, const char*, const char*, const char*, float)
<LI><a href="#[122]">&gt;&gt;</a>&nbsp;&nbsp;&nbsp;telemetry::NumericArray&lang;unsigned short, (unsigned)128&rang;::NumericArray(telemetry::Telemetry&, const char*, const char*, const char*, unsigned short)
<LI><a href="#[b3]">&gt;&gt;</a>&nbsp;&nbsp;&nbsp;__sti___8_main_cpp_50cc0329
</UL>

<P><STRONG><a name="[114]"></a>telemetry::Telemetry::mark_data_updated(unsigned)</STRONG> (Thumb, 10 bytes, Stack size 0 bytes, telemetry.o(.text))
<BR><BR>[Called By]<UL><LI><a href="#[b2]">&gt;&gt;</a>&nbsp;&nbsp;&nbsp;telemetry::Numeric&lang;unsigned&rang;::set_from_packet(telemetry::ReceivePacketBuffer&)
<LI><a href="#[10c]">&gt;&gt;</a>&nbsp;&nbsp;&nbsp;telemetry::Numeric&lang;float&rang;::operator =(float)
<LI><a href="#[ac]">&gt;&gt;</a>&nbsp;&nbsp;&nbsp;telemetry::Numeric&lang;float&rang;::set_from_packet(telemetry::ReceivePacketBuffer&)
<LI><a href="#[99]">&gt;&gt;</a>&nbsp;&nbsp;&nbsp;telemetry::NumericArray&lang;unsigned short, (unsigned)128&rang;::set_from_packet(telemetry::ReceivePacketBuffer&)
<LI><a href="#[10f]">&gt;&gt;</a>&nbsp;&nbsp;&nbsp;$Super$$main
</UL>

<P><STRONG><a name="[111]"></a>telemetry::Telemetry::transmit_header()</STRONG> (Thumb, 226 bytes, Stack size 40 bytes, telemetry.o(.text))
<BR><BR>[Stack]<UL><LI>Max Depth = 72<LI>Call Chain = telemetry::Telemetry::transmit_header() &rArr; telemetry::FixedLengthTransmitPacket::write_uint8(unsigned char) &rArr; telemetry::FixedLengthTransmitPacket::write_byte(unsigned char)
</UL>
<BR>[Calls]<UL><LI><a href="#[12f]">&gt;&gt;</a>&nbsp;&nbsp;&nbsp;telemetry::Telemetry::do_error(const char*)
<LI><a href="#[9a]">&gt;&gt;</a>&nbsp;&nbsp;&nbsp;telemetry::FixedLengthTransmitPacket::~FixedLengthTransmitPacket()
<LI><a href="#[9f]">&gt;&gt;</a>&nbsp;&nbsp;&nbsp;telemetry::FixedLengthTransmitPacket::finish()
<LI><a href="#[9b]">&gt;&gt;</a>&nbsp;&nbsp;&nbsp;telemetry::FixedLengthTransmitPacket::write_uint8(unsigned char)
<LI><a href="#[130]">&gt;&gt;</a>&nbsp;&nbsp;&nbsp;telemetry::FixedLengthTransmitPacket::FixedLengthTransmitPacket(telemetry::HalInterface&, unsigned)
</UL>
<BR>[Called By]<UL><LI><a href="#[10f]">&gt;&gt;</a>&nbsp;&nbsp;&nbsp;$Super$$main
</UL>

<P><STRONG><a name="[131]"></a>telemetry::Telemetry::process_received_packet()</STRONG> (Thumb, 104 bytes, Stack size 16 bytes, telemetry.o(.text))
<BR><BR>[Stack]<UL><LI>Max Depth = 24<LI>Call Chain = telemetry::Telemetry::process_received_packet() &rArr; telemetry::ReceivePacketBuffer::read_uint8()
</UL>
<BR>[Calls]<UL><LI><a href="#[132]">&gt;&gt;</a>&nbsp;&nbsp;&nbsp;telemetry::ReceivePacketBuffer::read_uint8()
</UL>
<BR>[Called By]<UL><LI><a href="#[133]">&gt;&gt;</a>&nbsp;&nbsp;&nbsp;telemetry::Telemetry::process_received_data()
</UL>

<P><STRONG><a name="[133]"></a>telemetry::Telemetry::process_received_data()</STRONG> (Thumb, 498 bytes, Stack size 24 bytes, telemetry.o(.text))
<BR><BR>[Stack]<UL><LI>Max Depth = 48<LI>Call Chain = telemetry::Telemetry::process_received_data() &rArr; telemetry::Telemetry::process_received_packet() &rArr; telemetry::ReceivePacketBuffer::read_uint8()
</UL>
[...]
<BR><BR>[Calls]<UL><LI><a href="#[21c]">&gt;&gt;</a>&nbsp;&nbsp;&nbsp;__fpl_fcmp_InfNaN
</UL>

<P><STRONG><a name="[13e]"></a>__aeabi_fmul</STRONG> (Thumb, 0 bytes, Stack size 16 bytes, fmul.o(x$fpl$fmul))
<BR><BR>[Stack]<UL><LI>Max Depth = 16<LI>Call Chain = __aeabi_fmul
</UL>
<BR>[Called By]<UL><LI><a href="#[13d]">&gt;&gt;</a>&nbsp;&nbsp;&nbsp;PID::setTunings(float, float, float)
<LI><a href="#[10e]">&gt;&gt;</a>&nbsp;&nbsp;&nbsp;wait
<LI><a href="#[f9]">&gt;&gt;</a>&nbsp;&nbsp;&nbsp;pwmout_write
<LI><a href="#[241]">&gt;&gt;</a>&nbsp;&nbsp;&nbsp;pwmout_pulsewidth_us
<LI><a href="#[fb]">&gt;&gt;</a>&nbsp;&nbsp;&nbsp;pwmout_period_us
<LI><a href="#[e9]">&gt;&gt;</a>&nbsp;&nbsp;&nbsp;PID::compute()
<LI><a href="#[ff]">&gt;&gt;</a>&nbsp;&nbsp;&nbsp;PID::setOutputLimits(float, float)
<LI><a href="#[fe]">&gt;&gt;</a>&nbsp;&nbsp;&nbsp;PID::setInputLimits(float, float)
<LI><a href="#[e6]">&gt;&gt;</a>&nbsp;&nbsp;&nbsp;PID::setInterval(float)
</UL>

<P><STRONG><a name="[2fd]"></a>_fmul</STRONG> (Thumb, 172 bytes, Stack size 16 bytes, fmul.o(x$fpl$fmul), UNUSED)

<P><STRONG><a name="[140]"></a>__aeabi_cfrcmple</STRONG> (Thumb, 0 bytes, Stack size 8 bytes, frlef.o(x$fpl$frleqf))
<BR><BR>[Stack]<UL><LI>Max Depth = 8<LI>Call Chain = __aeabi_cfrcmple
</UL>
<BR>[Called By]<UL><LI><a href="#[e9]">&gt;&gt;</a>&nbsp;&nbsp;&nbsp;PID::compute()
<LI><a href="#[ff]">&gt;&gt;</a>&nbsp;&nbsp;&nbsp;PID::setOutputLimits(float, float)
<LI><a href="#[fe]">&gt;&gt;</a>&nbsp;&nbsp;&nbsp;PID::setInputLimits(float, float)
<LI><a href="#[e6]">&gt;&gt;</a>&nbsp;&nbsp;&nbsp;PID::setInterval(float)
</UL>

<P><STRONG><a name="[281]"></a>_frcmple</STRONG> (Thumb, 84 bytes, Stack size 8 bytes, frlef.o(x$fpl$frleqf), UNUSED)
<BR><BR>[Calls]<UL><LI><a href="#[21c]">&gt;&gt;</a>&nbsp;&nbsp;&nbsp;__fpl_fcmp_InfNaN
</UL>

<P><STRONG><a name="[10a]"></a>__aeabi_fsub</STRONG> (Thumb, 0 bytes, Stack size 16 bytes, faddsub.o(x$fpl$fsub))
<BR><BR>[Stack]<UL><LI>Max Depth = 16<LI>Call Chain = __aeabi_fsub
</UL>
<BR>[Called By]<UL><LI><a href="#[142]">&gt;&gt;</a>&nbsp;&nbsp;&nbsp;PID::reset()
<LI><a href="#[e9]">&gt;&gt;</a>&nbsp;&nbsp;&nbsp;PID::compute()
<LI><a href="#[ff]">&gt;&gt;</a>&nbsp;&nbsp;&nbsp;PID::setOutputLimits(float, float)
<LI><a href="#[fe]">&gt;&gt;</a>&nbsp;&nbsp;&nbsp;PID::setInputLimits(float, float)
<LI><a href="#[104]">&gt;&gt;</a>&nbsp;&nbsp;&nbsp;estimate_speed()
</UL>

<P><STRONG><a name="[282]"></a>_fsub</STRONG> (Thumb, 204 bytes, Stack size 16 bytes, faddsub.o(x$fpl$fsub), UNUSED)
<BR><BR>[Calls]<UL><LI><a href="#[283]">&gt;&gt;</a>&nbsp;&nbsp;&nbsp;_fadd1
</UL>
<P>
<H3>
Local Symbols
</H3>
<P><STRONG><a name="[b3]"></a>__sti___8_main_cpp_50cc0329</STRONG> (Thumb, 408 bytes, Stack size 32 bytes, main.o(.text))
<BR><BR>[Stack]<UL><LI>Max Depth = 464 + Unknown Stack Size
<LI>Call Chain = __sti___8_main_cpp_50cc0329 &rArr; AjK::MODSERIAL::MODSERIAL(PinName, PinName, const char*) &rArr; mbed::Serial::Serial(PinName, PinName, const char*) &rArr; mbed::Stream::Stream__sub_object(const char*) &rArr; fopen &rArr; _freopen_locked &rArr; _fclose_internal &rArr; _fflush &rArr; _writebuf &rArr; _sys_write &rArr; init_serial() &rArr; serial_init &rArr; serial_format &rArr; __2fprintf &rArr; _printf_char_file &rArr; _printf_char_common &rArr; __printf
</UL>
<BR>[Calls]<UL><LI><a href="#[123]">&gt;&gt;</a>&nbsp;&nbsp;&nbsp;telemetry::Numeric&lang;float&rang;::Numeric(telemetry::Telemetry&, const char*, const char*, const char*, float)
<LI><a href="#[122]">&gt;&gt;</a>&nbsp;&nbsp;&nbsp;telemetry::NumericArray&lang;unsigned short, (unsigned)128&rang;::NumericArray(telemetry::Telemetry&, const char*, const char*, const char*, unsigned short)
<LI><a href="#[11f]">&gt;&gt;</a>&nbsp;&nbsp;&nbsp;telemetry::Telemetry::Telemetry(telemetry::HalInterface&)
<LI><a href="#[120]">&gt;&gt;</a>&nbsp;&nbsp;&nbsp;telemetry::Data::Data__sub_object(const char*, const char*, const char*)
<LI><a href="#[118]">&gt;&gt;</a>&nbsp;&nbsp;&nbsp;mbed::PwmOut::PwmOut(PinName)
<LI><a href="#[117]">&gt;&gt;</a>&nbsp;&nbsp;&nbsp;mbed::DigitalOut::DigitalOut(PinName)
<LI><a href="#[11d]">&gt;&gt;</a>&nbsp;&nbsp;&nbsp;analogin_init
<LI><a href="#[121]">&gt;&gt;</a>&nbsp;&nbsp;&nbsp;telemetry::Telemetry::add_data(telemetry::Data&)
<LI><a href="#[11b]">&gt;&gt;</a>&nbsp;&nbsp;&nbsp;mbed::Timer::Timer()
<LI><a href="#[e4]">&gt;&gt;</a>&nbsp;&nbsp;&nbsp;mbed::Timer::start()
<LI><a href="#[119]">&gt;&gt;</a>&nbsp;&nbsp;&nbsp;mbed::InterruptIn::InterruptIn(PinName)
<LI><a href="#[11c]">&gt;&gt;</a>&nbsp;&nbsp;&nbsp;PID::PID(float, float, float, float)
<LI><a href="#[11e]">&gt;&gt;</a>&nbsp;&nbsp;&nbsp;AjK::MODSERIAL::MODSERIAL(PinName, PinName, const char*)
<LI><a href="#[11a]">&gt;&gt;</a>&nbsp;&nbsp;&nbsp;__aeabi_atexit
</UL>
<BR>[Address Reference Count : 1]<UL><LI> main.o(.init_array)
</UL>
<P><STRONG><a name="[143]"></a>rt_ms2tick</STRONG> (Thumb, 64 bytes, Stack size 16 bytes, rt_cmsis.o(.text))
<BR><BR>[Stack]<UL><LI>Max Depth = 16<LI>Call Chain = rt_ms2tick
</UL>
<BR>[Calls]<UL><LI><a href="#[144]">&gt;&gt;</a>&nbsp;&nbsp;&nbsp;__aeabi_uidivmod
</UL>
<BR>[Called By]<UL><LI><a href="#[68]">&gt;&gt;</a>&nbsp;&nbsp;&nbsp;sysMailAlloc
<LI><a href="#[66]">&gt;&gt;</a>&nbsp;&nbsp;&nbsp;svcMessagePut
<LI><a href="#[5f]">&gt;&gt;</a>&nbsp;&nbsp;&nbsp;svcSemaphoreWait
<LI><a href="#[5b]">&gt;&gt;</a>&nbsp;&nbsp;&nbsp;svcMutexWait
<LI><a href="#[59]">&gt;&gt;</a>&nbsp;&nbsp;&nbsp;svcSignalWait
<LI><a href="#[55]">&gt;&gt;</a>&nbsp;&nbsp;&nbsp;svcMessageGet
<LI><a href="#[51]">&gt;&gt;</a>&nbsp;&nbsp;&nbsp;svcTimerStart
<LI><a href="#[4f]">&gt;&gt;</a>&nbsp;&nbsp;&nbsp;svcDelay
</UL>

<P><STRONG><a name="[147]"></a>rt_tid2ptcb</STRONG> (Thumb, 36 bytes, Stack size 0 bytes, rt_cmsis.o(.text))
<BR><BR>[Called By]<UL><LI><a href="#[16c]">&gt;&gt;</a>&nbsp;&nbsp;&nbsp;osSignalSet
<LI><a href="#[58]">&gt;&gt;</a>&nbsp;&nbsp;&nbsp;svcSignalGet
<LI><a href="#[57]">&gt;&gt;</a>&nbsp;&nbsp;&nbsp;svcSignalClear
<LI><a href="#[56]">&gt;&gt;</a>&nbsp;&nbsp;&nbsp;svcSignalSet
<LI><a href="#[4e]">&gt;&gt;</a>&nbsp;&nbsp;&nbsp;svcThreadGetPriority
<LI><a href="#[4d]">&gt;&gt;</a>&nbsp;&nbsp;&nbsp;svcThreadSetPriority
<LI><a href="#[46]">&gt;&gt;</a>&nbsp;&nbsp;&nbsp;svcThreadTerminate
</UL>

<P><STRONG><a name="[15a]"></a>rt_id2obj</STRONG> (Thumb, 18 bytes, Stack size 0 bytes, rt_cmsis.o(.text))
<BR><BR>[Called By]<UL><LI><a href="#[17d]">&gt;&gt;</a>&nbsp;&nbsp;&nbsp;osSemaphoreRelease
<LI><a href="#[61]">&gt;&gt;</a>&nbsp;&nbsp;&nbsp;svcSemaphoreDelete
<LI><a href="#[60]">&gt;&gt;</a>&nbsp;&nbsp;&nbsp;svcSemaphoreRelease
<LI><a href="#[5f]">&gt;&gt;</a>&nbsp;&nbsp;&nbsp;svcSemaphoreWait
<LI><a href="#[5d]">&gt;&gt;</a>&nbsp;&nbsp;&nbsp;svcMutexDelete
<LI><a href="#[5c]">&gt;&gt;</a>&nbsp;&nbsp;&nbsp;svcMutexRelease
<LI><a href="#[5b]">&gt;&gt;</a>&nbsp;&nbsp;&nbsp;svcMutexWait
<LI><a href="#[54]">&gt;&gt;</a>&nbsp;&nbsp;&nbsp;svcTimerCall
<LI><a href="#[53]">&gt;&gt;</a>&nbsp;&nbsp;&nbsp;svcTimerDelete
<LI><a href="#[52]">&gt;&gt;</a>&nbsp;&nbsp;&nbsp;svcTimerStop
<LI><a href="#[51]">&gt;&gt;</a>&nbsp;&nbsp;&nbsp;svcTimerStart
</UL>

<P><STRONG><a name="[15c]"></a>rt_timer_insert</STRONG> (Thumb, 64 bytes, Stack size 12 bytes, rt_cmsis.o(.text))
<BR><BR>[Stack]<UL><LI>Max Depth = 12<LI>Call Chain = rt_timer_insert
</UL>
<BR>[Called By]<UL><LI><a href="#[160]">&gt;&gt;</a>&nbsp;&nbsp;&nbsp;sysTimerTick
<LI><a href="#[51]">&gt;&gt;</a>&nbsp;&nbsp;&nbsp;svcTimerStart
</UL>

<P><STRONG><a name="[15b]"></a>rt_timer_remove</STRONG> (Thumb, 74 bytes, Stack size 8 bytes, rt_cmsis.o(.text))
<BR><BR>[Stack]<UL><LI>Max Depth = 8<LI>Call Chain = rt_timer_remove
</UL>
<BR>[Called By]<UL><LI><a href="#[53]">&gt;&gt;</a>&nbsp;&nbsp;&nbsp;svcTimerDelete
<LI><a href="#[52]">&gt;&gt;</a>&nbsp;&nbsp;&nbsp;svcTimerStop
<LI><a href="#[51]">&gt;&gt;</a>&nbsp;&nbsp;&nbsp;svcTimerStart
</UL>

<P><STRONG><a name="[15d]"></a>isrMessagePut</STRONG> (Thumb, 56 bytes, Stack size 16 bytes, rt_cmsis.o(.text))
<BR><BR>[Stack]<UL><LI>Max Depth = 180<LI>Call Chain = isrMessagePut &rArr; isr_mbx_send &rArr; rt_psq_enq &rArr; os_error &rArr; mbed_die &rArr; wait_ms &rArr; wait_us &rArr; us_ticker_read &rArr; us_ticker_init &rArr; lptmr_init &rArr; NVIC_SetVector
</UL>
<BR>[Calls]<UL><LI><a href="#[15e]">&gt;&gt;</a>&nbsp;&nbsp;&nbsp;rt_mbx_check
<LI><a href="#[15f]">&gt;&gt;</a>&nbsp;&nbsp;&nbsp;isr_mbx_send
</UL>
<BR>[Called By]<UL><LI><a href="#[188]">&gt;&gt;</a>&nbsp;&nbsp;&nbsp;osMessagePut
<LI><a href="#[160]">&gt;&gt;</a>&nbsp;&nbsp;&nbsp;sysTimerTick
</UL>

<P><STRONG><a name="[181]"></a>rt_clr_box</STRONG> (Thumb, 26 bytes, Stack size 8 bytes, rt_cmsis.o(.text))
<BR><BR>[Stack]<UL><LI>Max Depth = 8<LI>Call Chain = rt_clr_box
</UL>
<BR>[Called By]<UL><LI><a href="#[68]">&gt;&gt;</a>&nbsp;&nbsp;&nbsp;sysMailAlloc
<LI><a href="#[63]">&gt;&gt;</a>&nbsp;&nbsp;&nbsp;sysPoolAlloc
</UL>

<P><STRONG><a name="[150]"></a>__get_CONTROL</STRONG> (Thumb, 6 bytes, Stack size 0 bytes, rt_cmsis.o(.text))
<BR><BR>[Called By]<UL><LI><a href="#[190]">&gt;&gt;</a>&nbsp;&nbsp;&nbsp;osMailCreate
<LI><a href="#[187]">&gt;&gt;</a>&nbsp;&nbsp;&nbsp;osMessageCreate
<LI><a href="#[185]">&gt;&gt;</a>&nbsp;&nbsp;&nbsp;osPoolFree
<LI><a href="#[184]">&gt;&gt;</a>&nbsp;&nbsp;&nbsp;osPoolCAlloc
<LI><a href="#[183]">&gt;&gt;</a>&nbsp;&nbsp;&nbsp;osPoolAlloc
<LI><a href="#[182]">&gt;&gt;</a>&nbsp;&nbsp;&nbsp;osPoolCreate
<LI><a href="#[17b]">&gt;&gt;</a>&nbsp;&nbsp;&nbsp;osSemaphoreCreate
<LI><a href="#[173]">&gt;&gt;</a>&nbsp;&nbsp;&nbsp;osMutexCreate
<LI><a href="#[161]">&gt;&gt;</a>&nbsp;&nbsp;&nbsp;osTimerCreate
<LI><a href="#[d8]">&gt;&gt;</a>&nbsp;&nbsp;&nbsp;osThreadCreate
<LI><a href="#[151]">&gt;&gt;</a>&nbsp;&nbsp;&nbsp;osKernelRunning
<LI><a href="#[d9]">&gt;&gt;</a>&nbsp;&nbsp;&nbsp;osKernelStart
<LI><a href="#[d7]">&gt;&gt;</a>&nbsp;&nbsp;&nbsp;osKernelInitialize
</UL>

<P><STRONG><a name="[14f]"></a>__get_IPSR</STRONG> (Thumb, 6 bytes, Stack size 0 bytes, rt_cmsis.o(.text))
<BR><BR>[Called By]<UL><LI><a href="#[193]">&gt;&gt;</a>&nbsp;&nbsp;&nbsp;osMailFree
<LI><a href="#[192]">&gt;&gt;</a>&nbsp;&nbsp;&nbsp;osMailCAlloc
<LI><a href="#[191]">&gt;&gt;</a>&nbsp;&nbsp;&nbsp;osMailAlloc
<LI><a href="#[190]">&gt;&gt;</a>&nbsp;&nbsp;&nbsp;osMailCreate
<LI><a href="#[188]">&gt;&gt;</a>&nbsp;&nbsp;&nbsp;osMessagePut
<LI><a href="#[187]">&gt;&gt;</a>&nbsp;&nbsp;&nbsp;osMessageCreate
<LI><a href="#[185]">&gt;&gt;</a>&nbsp;&nbsp;&nbsp;osPoolFree
<LI><a href="#[184]">&gt;&gt;</a>&nbsp;&nbsp;&nbsp;osPoolCAlloc
<LI><a href="#[183]">&gt;&gt;</a>&nbsp;&nbsp;&nbsp;osPoolAlloc
<LI><a href="#[182]">&gt;&gt;</a>&nbsp;&nbsp;&nbsp;osPoolCreate
<LI><a href="#[17f]">&gt;&gt;</a>&nbsp;&nbsp;&nbsp;osSemaphoreDelete
<LI><a href="#[17d]">&gt;&gt;</a>&nbsp;&nbsp;&nbsp;osSemaphoreRelease
<LI><a href="#[17c]">&gt;&gt;</a>&nbsp;&nbsp;&nbsp;osSemaphoreWait
<LI><a href="#[17b]">&gt;&gt;</a>&nbsp;&nbsp;&nbsp;osSemaphoreCreate
<LI><a href="#[176]">&gt;&gt;</a>&nbsp;&nbsp;&nbsp;osMutexDelete
<LI><a href="#[175]">&gt;&gt;</a>&nbsp;&nbsp;&nbsp;osMutexRelease
<LI><a href="#[174]">&gt;&gt;</a>&nbsp;&nbsp;&nbsp;osMutexWait
<LI><a href="#[173]">&gt;&gt;</a>&nbsp;&nbsp;&nbsp;osMutexCreate
<LI><a href="#[170]">&gt;&gt;</a>&nbsp;&nbsp;&nbsp;osSignalWait
<LI><a href="#[16f]">&gt;&gt;</a>&nbsp;&nbsp;&nbsp;osSignalGet
<LI><a href="#[16e]">&gt;&gt;</a>&nbsp;&nbsp;&nbsp;osSignalClear
<LI><a href="#[16c]">&gt;&gt;</a>&nbsp;&nbsp;&nbsp;osSignalSet
<LI><a href="#[166]">&gt;&gt;</a>&nbsp;&nbsp;&nbsp;osMessageGet
<LI><a href="#[164]">&gt;&gt;</a>&nbsp;&nbsp;&nbsp;osTimerDelete
<LI><a href="#[163]">&gt;&gt;</a>&nbsp;&nbsp;&nbsp;osTimerStop
<LI><a href="#[162]">&gt;&gt;</a>&nbsp;&nbsp;&nbsp;osTimerStart
<LI><a href="#[161]">&gt;&gt;</a>&nbsp;&nbsp;&nbsp;osTimerCreate
<LI><a href="#[159]">&gt;&gt;</a>&nbsp;&nbsp;&nbsp;osDelay
<LI><a href="#[157]">&gt;&gt;</a>&nbsp;&nbsp;&nbsp;osThreadGetPriority
<LI><a href="#[156]">&gt;&gt;</a>&nbsp;&nbsp;&nbsp;osThreadSetPriority
<LI><a href="#[155]">&gt;&gt;</a>&nbsp;&nbsp;&nbsp;osThreadYield
<LI><a href="#[154]">&gt;&gt;</a>&nbsp;&nbsp;&nbsp;osThreadTerminate
<LI><a href="#[153]">&gt;&gt;</a>&nbsp;&nbsp;&nbsp;osThreadGetId
<LI><a href="#[d8]">&gt;&gt;</a>&nbsp;&nbsp;&nbsp;osThreadCreate
<LI><a href="#[151]">&gt;&gt;</a>&nbsp;&nbsp;&nbsp;osKernelRunning
<LI><a href="#[d9]">&gt;&gt;</a>&nbsp;&nbsp;&nbsp;osKernelStart
<LI><a href="#[d7]">&gt;&gt;</a>&nbsp;&nbsp;&nbsp;osKernelInitialize
</UL>

<P><STRONG><a name="[231]"></a>init_serial()</STRONG> (Thumb, 22 bytes, Stack size 8 bytes, retarget.o(i._Z11init_serialv))
<BR><BR>[Stack]<UL><LI>Max Depth = 208 + Unknown Stack Size
<LI>Call Chain = init_serial() &rArr; serial_init &rArr; serial_format &rArr; __2fprintf &rArr; _printf_char_file &rArr; _printf_char_common &rArr; __printf
</UL>
<BR>[Calls]<UL><LI><a href="#[232]">&gt;&gt;</a>&nbsp;&nbsp;&nbsp;serial_init
</UL>
<BR>[Called By]<UL><LI><a href="#[211]">&gt;&gt;</a>&nbsp;&nbsp;&nbsp;_sys_write
<LI><a href="#[1e9]">&gt;&gt;</a>&nbsp;&nbsp;&nbsp;_sys_open
</UL>

<P><STRONG><a name="[26c]"></a>uart_irq</STRONG> (Thumb, 40 bytes, Stack size 24 bytes, serial_api.o(i.uart_irq))
<BR><BR>[Stack]<UL><LI>Max Depth = 24<LI>Call Chain = uart_irq
</UL>
<BR>[Called By]<UL><LI><a href="#[80]">&gt;&gt;</a>&nbsp;&nbsp;&nbsp;uart2_irq
<LI><a href="#[7f]">&gt;&gt;</a>&nbsp;&nbsp;&nbsp;uart1_irq
<LI><a href="#[7e]">&gt;&gt;</a>&nbsp;&nbsp;&nbsp;uart0_irq
</UL>

<P><STRONG><a name="[262]"></a>gpio_write</STRONG> (Thumb, 16 bytes, Stack size 0 bytes, board.o(i.gpio_write))
<BR><BR>[Called By]<UL><LI><a href="#[1ac]">&gt;&gt;</a>&nbsp;&nbsp;&nbsp;mbed_die
</UL>

<P><STRONG><a name="[77]"></a>&lang;Func1&rang;</STRONG> (Thumb, 10 bytes, Stack size 8 bytes, SerialBase.o(i.<Func1>))
<BR><BR>[Stack]<UL><LI>Max Depth = 8<LI>Call Chain = &lang;Func1&rang;
</UL>
<BR>[Calls]<UL><LI><a href="#[230]">&gt;&gt;</a>&nbsp;&nbsp;&nbsp;mbed::FunctionPointer::FunctionPointer(void(*)())
</UL>
<BR>[Address Reference Count : 1]<UL><LI> SerialBase.o(i._ZN4mbed10SerialBaseC1E7PinNameS1_)
</UL>
<P><STRONG><a name="[25c]"></a>handle_interrupt_in</STRONG> (Thumb, 128 bytes, Stack size 32 bytes, gpio_irq_api.o(i.handle_interrupt_in))
<BR><BR>[Stack]<UL><LI>Max Depth = 32<LI>Call Chain = handle_interrupt_in
</UL>
<BR>[Called By]<UL><LI><a href="#[7c]">&gt;&gt;</a>&nbsp;&nbsp;&nbsp;gpio_irqD
<LI><a href="#[7b]">&gt;&gt;</a>&nbsp;&nbsp;&nbsp;gpio_irqA
</UL>

<P><STRONG><a name="[256]"></a>extosc_frequency</STRONG> (Thumb, 168 bytes, Stack size 8 bytes, us_ticker.o(i.extosc_frequency))
<BR><BR>[Stack]<UL><LI>Max Depth = 16<LI>Call Chain = extosc_frequency &rArr; __ARM_common_switch8
</UL>
<BR>[Calls]<UL><LI><a href="#[257]">&gt;&gt;</a>&nbsp;&nbsp;&nbsp;__ARM_common_switch8
<LI><a href="#[144]">&gt;&gt;</a>&nbsp;&nbsp;&nbsp;__aeabi_uidivmod
</UL>
<BR>[Called By]<UL><LI><a href="#[25f]">&gt;&gt;</a>&nbsp;&nbsp;&nbsp;lptmr_init
</UL>

<P><STRONG><a name="[25f]"></a>lptmr_init</STRONG> (Thumb, 104 bytes, Stack size 16 bytes, us_ticker.o(i.lptmr_init))
<BR><BR>[Stack]<UL><LI>Max Depth = 36<LI>Call Chain = lptmr_init &rArr; NVIC_SetVector
</UL>
<BR>[Calls]<UL><LI><a href="#[256]">&gt;&gt;</a>&nbsp;&nbsp;&nbsp;extosc_frequency
<LI><a href="#[25d]">&gt;&gt;</a>&nbsp;&nbsp;&nbsp;NVIC_SetVector
<LI><a href="#[144]">&gt;&gt;</a>&nbsp;&nbsp;&nbsp;__aeabi_uidivmod
</UL>
<BR>[Called By]<UL><LI><a href="#[26d]">&gt;&gt;</a>&nbsp;&nbsp;&nbsp;us_ticker_init
</UL>

<P><STRONG><a name="[7d]"></a>lptmr_isr</STRONG> (Thumb, 56 bytes, Stack size 8 bytes, us_ticker.o(i.lptmr_isr))
<BR><BR>[Stack]<UL><LI>Max Depth = 84<LI>Call Chain = lptmr_isr &rArr; us_ticker_irq_handler &rArr; us_ticker_set_interrupt &rArr;  us_ticker_irq_handler (Cycle)
</UL>
<BR>[Calls]<UL><LI><a href="#[261]">&gt;&gt;</a>&nbsp;&nbsp;&nbsp;us_ticker_irq_handler
<LI><a href="#[260]">&gt;&gt;</a>&nbsp;&nbsp;&nbsp;lptmr_set
</UL>
<BR>[Address Reference Count : 1]<UL><LI> us_ticker.o(i.lptmr_init)
</UL>
<P><STRONG><a name="[260]"></a>lptmr_set</STRONG> (Thumb, 26 bytes, Stack size 0 bytes, us_ticker.o(i.lptmr_set))
<BR><BR>[Called By]<UL><LI><a href="#[270]">&gt;&gt;</a>&nbsp;&nbsp;&nbsp;us_ticker_set_interrupt
<LI><a href="#[7d]">&gt;&gt;</a>&nbsp;&nbsp;&nbsp;lptmr_isr
</UL>

<P><STRONG><a name="[1cc]"></a>Heap1_SizeAdjust</STRONG> (Thumb, 8 bytes, Stack size 0 bytes, h1_alloc_mt.o(.text))
<BR><BR>[Called By]<UL><LI><a href="#[1cb]">&gt;&gt;</a>&nbsp;&nbsp;&nbsp;_malloc_internal
</UL>

<P><STRONG><a name="[1e8]"></a>_freopen_locked</STRONG> (Thumb, 168 bytes, Stack size 40 bytes, fopen_locked.o(.text))
<BR><BR>[Stack]<UL><LI>Max Depth = 344 + Unknown Stack Size
<LI>Call Chain = _freopen_locked &rArr; _fclose_internal &rArr; _fflush &rArr; _writebuf &rArr; _sys_write &rArr; init_serial() &rArr; serial_init &rArr; serial_format &rArr; __2fprintf &rArr; _printf_char_file &rArr; _printf_char_common &rArr; __printf
</UL>
<BR>[Calls]<UL><LI><a href="#[ba]">&gt;&gt;</a>&nbsp;&nbsp;&nbsp;_mutex_release
<LI><a href="#[b9]">&gt;&gt;</a>&nbsp;&nbsp;&nbsp;_mutex_acquire
<LI><a href="#[1e9]">&gt;&gt;</a>&nbsp;&nbsp;&nbsp;_sys_open
<LI><a href="#[1df]">&gt;&gt;</a>&nbsp;&nbsp;&nbsp;_fclose_internal
<LI><a href="#[1e6]">&gt;&gt;</a>&nbsp;&nbsp;&nbsp;_fseek
</UL>
<BR>[Called By]<UL><LI><a href="#[1ea]">&gt;&gt;</a>&nbsp;&nbsp;&nbsp;fopen
<LI><a href="#[1c9]">&gt;&gt;</a>&nbsp;&nbsp;&nbsp;freopen
</UL>

<P><STRONG><a name="[1f2]"></a>_dadd1</STRONG> (Thumb, 290 bytes, Stack size 20 bytes, daddsub.o(.text), UNUSED)
<BR><BR>[Called By]<UL><LI><a href="#[1f4]">&gt;&gt;</a>&nbsp;&nbsp;&nbsp;_drsb
<LI><a href="#[1f3]">&gt;&gt;</a>&nbsp;&nbsp;&nbsp;_dsub
<LI><a href="#[1f0]">&gt;&gt;</a>&nbsp;&nbsp;&nbsp;_dadd
</UL>

<P><STRONG><a name="[1f1]"></a>_dsub1</STRONG> (Thumb, 470 bytes, Stack size 40 bytes, daddsub.o(.text), UNUSED)
<BR><BR>[Called By]<UL><LI><a href="#[1f4]">&gt;&gt;</a>&nbsp;&nbsp;&nbsp;_drsb
<LI><a href="#[1f3]">&gt;&gt;</a>&nbsp;&nbsp;&nbsp;_dsub
<LI><a href="#[1f0]">&gt;&gt;</a>&nbsp;&nbsp;&nbsp;_dadd
</UL>

<P><STRONG><a name="[283]"></a>_fadd1</STRONG> (Thumb, 0 bytes, Stack size unknown bytes, faddsub.o(x$fpl$fadd), UNUSED)
<BR><BR>[Called By]<UL><LI><a href="#[282]">&gt;&gt;</a>&nbsp;&nbsp;&nbsp;_fsub
</UL>

<P><STRONG><a name="[27e]"></a>_fsub1</STRONG> (Thumb, 0 bytes, Stack size unknown bytes, faddsub.o(x$fpl$fsub), UNUSED)
<BR><BR>[Called By]<UL><LI><a href="#[27d]">&gt;&gt;</a>&nbsp;&nbsp;&nbsp;_fadd
</UL>

<P><STRONG><a name="[71]"></a>_printf_input_char</STRONG> (Thumb, 10 bytes, Stack size 0 bytes, _printf_char_common.o(.text))
<BR>[Address Reference Count : 1]<UL><LI> _printf_char_common.o(.text)
</UL>
<P><STRONG><a name="[72]"></a>_scanf_char_input</STRONG> (Thumb, 12 bytes, Stack size 0 bytes, scanf_char.o(.text))
<BR>[Address Reference Count : 1]<UL><LI> scanf_char.o(.text)
</UL>
<P><STRONG><a name="[75]"></a>[local to arm_exceptions_c]::__default_terminate_handler()</STRONG> (Thumb, 6 bytes, Stack size 8 bytes, arm_exceptions_globs.o(.text))
<BR><BR>[Stack]<UL><LI>Max Depth = 48<LI>Call Chain = [local to arm_exceptions_c]::__default_terminate_handler() &rArr; abort &rArr; __rt_SIGABRT &rArr; __rt_SIGABRT_inner &rArr; __default_signal_display &rArr; _ttywrch
</UL>
<BR>[Calls]<UL><LI><a href="#[226]">&gt;&gt;</a>&nbsp;&nbsp;&nbsp;abort
</UL>
<BR>[Address Reference Count : 1]<UL><LI> arm_exceptions_globs.o(.text)
</UL><P>
<H3>
Undefined Global Symbols
</H3>
<P><STRONG><a name="[22c]"></a>__rt_lib_shutdown</STRONG> (ARM, 0 bytes, Stack size 0 bytes, UNDEFINED)
<BR><BR>[Called By]<UL><LI><a href="#[226]">&gt;&gt;</a>&nbsp;&nbsp;&nbsp;abort
</UL>

<P><STRONG><a name="[214]"></a>_mutex_free</STRONG> (ARM, 0 bytes, Stack size 0 bytes, UNDEFINED, UNUSED)
<BR><BR>[Called By]<UL><LI><a href="#[213]">&gt;&gt;</a>&nbsp;&nbsp;&nbsp;_terminateio
</UL>

<P><STRONG><a name="[205]"></a>_printf_mbtowc</STRONG> (ARM, 0 bytes, Stack size 0 bytes, UNDEFINED)
<BR><BR>[Called By]<UL><LI><a href="#[204]">&gt;&gt;</a>&nbsp;&nbsp;&nbsp;_printf_cs_common
</UL>
<HR></body></html>
