<html>
<body>
<pre>
<h1>µVision Build Log</h1>
<h2>Tool Versions:</h2>
IDE-Version: µVision V5.12.0.0
Copyright (C) 2014 ARM Ltd and ARM Germany GmbH. All rights reserved.
License Information: Linda Huang EECS Flex license: MDK-ARM Professional: 100 user(s) (mdk_pro) Operation stops: 2 Dec 2016
 
Tool Versions:
Toolchain:       MDK-ARM Professional: 100 user(s)  Version: 5.12.0.0
Toolchain Path:  C:\Keil_v5\ARM\ARMCC\Bin
C Compiler:      Armcc.exe V5.05 (build 41)
Assembler:       Armasm.exe V5.05 (build 41)
Linker/Locator:  ArmLink.exe V5.05 (build 41)
Library Manager: ArmAr.exe V5.05 (build 41)
Hex Converter:   FromElf.exe V5.05 (build 41)
CPU DLL:         SARMCM3.DLL V5.12.0.0
Dialog DLL:      DARMCM1.DLL V1.11.00.0
    Target DLL: PEMicro\Pemicro_ArmCortexInterface.dll
Dialog DLL:      TARMCM1.DLL V1.08.00.0
 
<h2>Project:</h2>
C:\Users\TEMP\Desktop\team10\THE CAR\ee192-sp14.uvprojx
Project File Date:  04/11/2016

<h2>Output:</h2>
Build target 'mbed FRDM-KL25Z'
compiling main.cpp...
server-cpp\packet.h(80): warning:  #1300-D: write_uint8 inherits implicit virtual
    void write_uint8(uint8_t data);
server-cpp\packet.h(81): warning:  #1300-D: write_uint16 inherits implicit virtual
    void write_uint16(uint16_t data);
server-cpp\packet.h(82): warning:  #1300-D: write_uint32 inherits implicit virtual
    void write_uint32(uint32_t data);
server-cpp\packet.h(83): warning:  #1300-D: write_float inherits implicit virtual
    void write_float(float data);
server-cpp\telemetry.h(209): warning:  #1300-D: get_data_type inherits implicit virtual
    uint8_t get_data_type() { return protocol::DATATYPE_NUMERIC; }
server-cpp\telemetry.h(211): warning:  #1300-D: get_header_kvrs_length inherits implicit virtual
    size_t get_header_kvrs_length() {
server-cpp\telemetry.h(218): warning:  #1300-D: write_header_kvrs inherits implicit virtual
    void write_header_kvrs(TransmitPacket& packet) {
server-cpp\telemetry.h(229): warning:  #1300-D: get_payload_length inherits implicit virtual
    size_t get_payload_length() { return sizeof(value); }
server-cpp\telemetry.h(230): warning:  #1300-D: write_payload inherits implicit virtual
    void write_payload(TransmitPacket& packet) { serialize_data(value, packet); }
server-cpp\telemetry.h(231): warning:  #1300-D: set_from_packet inherits implicit virtual
    void set_from_packet(ReceivePacketBuffer& packet) {
server-cpp\telemetry.h(280): warning:  #1300-D: get_data_type inherits implicit virtual
    uint8_t get_data_type() { return protocol::DATATYPE_NUMERIC_ARRAY; }
server-cpp\telemetry.h(282): warning:  #1300-D: get_header_kvrs_length inherits implicit virtual
    size_t get_header_kvrs_length() {
server-cpp\telemetry.h(290): warning:  #1300-D: write_header_kvrs inherits implicit virtual
    void write_header_kvrs(TransmitPacket& packet) {
server-cpp\telemetry.h(303): warning:  #1300-D: get_payload_length inherits implicit virtual
    size_t get_payload_length() { return sizeof(value); }
server-cpp\telemetry.h(304): warning:  #1300-D: write_payload inherits implicit virtual
    void write_payload(TransmitPacket& packet) {
server-cpp\telemetry.h(306): warning:  #1300-D: set_from_packet inherits implicit virtual
    void set_from_packet(ReceivePacketBuffer& packet) {
main.cpp(463): warning:  #111-D: statement is unreachable
        Thread::wait(osWaitForever);
main.cpp: 17 warnings, 0 errors
linking...
Program Size: Code=39648 RO-data=2456 RW-data=552 ZI-data=6124  
After Build - User command #1: fromelf --bin -o build\ee192-sp14_KL25Z.bin build\ee192-sp14.axf
".\build\ee192-sp14.axf" - 0 Error(s), 17 Warning(s).

<h2>Software Packages used:</h2>

Package Vendor: ARM
                http://www.keil.com/pack/ARM.CMSIS.4.5.0.pack
                ARM::CMSIS:CORE:4.3.0
                CMSIS (Cortex Microcontroller Software Interface Standard)
   * Component: CORE Version: 4.3.0

<h2>Collection of Component include folders:</h2>
  C:\Users\TEMP\Desktop\team10\THE CAR\RTE
  C:\Keil_v5\ARM\PACK\ARM\CMSIS\4.5.0\CMSIS\Include
  C:\Keil_v5\ARM\PACK\Keil\Kinetis_KLxx_DFP\1.4.0\Device\Include

<h2>Collection of Component Files used:</h2>

   * Component: ARM::CMSIS:CORE:4.3.0
"MBed_Flash.bat" build\ee192-sp14_KL25Z.bin  D:\
</pre>
</body>
</html>
ed.
